0:0:0:0:0:0:0:1 - - [15/Apr/2017:00:01:39 -0300] "POST /PublicacaoConsumer/consultarAlterarAutores HTTP/1.1" 500 9622
127.0.0.1 - - [15/Apr/2017:00:06:08 -0300] "POST /PublicacaoProducer/services/PublicacoesWebServicePort HTTP/1.1" 500 521
0:0:0:0:0:0:0:1 - - [15/Apr/2017:00:06:42 -0300] "GET /PublicacaoConsumer HTTP/1.1" 302 -
127.0.0.1 - - [15/Apr/2017:00:07:02 -0300] "GET /PublicacaoProducer/services/PublicacoesWebServicePort?wsdl HTTP/1.1" 200 8414
127.0.0.1 - - [15/Apr/2017:00:07:03 -0300] "GET /PublicacaoProducer/services/PublicacoesWebServicePort?xsd=publicacoeswebservice_schema1.xsd HTTP/1.1" 200 5312
127.0.0.1 - - [15/Apr/2017:00:07:04 -0300] "GET /PublicacaoProducer/services/PublicacoesWebServicePort?xsd=publicacoeswebservice_schema1.xsd HTTP/1.1" 200 5312
127.0.0.1 - - [15/Apr/2017:00:07:08 -0300] "POST /PublicacaoProducer/services/PublicacoesWebServicePort HTTP/1.1" 200 541
127.0.0.1 - - [15/Apr/2017:00:10:14 -0300] "GET / HTTP/1.1" 404 1070
127.0.0.1 - - [15/Apr/2017:00:15:46 -0300] "GET /PublicacaoProducer/services/PublicacoesWebServicePort?wsdl HTTP/1.1" 200 8414
127.0.0.1 - - [15/Apr/2017:00:15:47 -0300] "GET /PublicacaoProducer/services/PublicacoesWebServicePort?xsd=publicacoeswebservice_schema1.xsd HTTP/1.1" 200 5312
127.0.0.1 - - [15/Apr/2017:00:15:48 -0300] "GET /PublicacaoProducer/services/PublicacoesWebServicePort?xsd=publicacoeswebservice_schema1.xsd HTTP/1.1" 200 5312
127.0.0.1 - - [15/Apr/2017:00:15:53 -0300] "POST /PublicacaoProducer/services/PublicacoesWebServicePort HTTP/1.1" 200 541
0:0:0:0:0:0:0:1 - - [15/Apr/2017:00:15:53 -0300] "GET /PublicacaoConsumer/ HTTP/1.1" 200 1771
0:0:0:0:0:0:0:1 - - [15/Apr/2017:00:16:01 -0300] "GET /PublicacaoConsumer/alterarAutor HTTP/1.1" 200 4501
127.0.0.1 - - [15/Apr/2017:00:16:27 -0300] "POST /PublicacaoProducer/services/PublicacoesWebServicePort HTTP/1.1" 200 521
0:0:0:0:0:0:0:1 - - [15/Apr/2017:00:16:27 -0300] "POST /PublicacaoConsumer/consultarAlterarAutores HTTP/1.1" 200 5021
127.0.0.1 - - [15/Apr/2017:00:16:29 -0300] "POST /PublicacaoProducer/services/PublicacoesWebServicePort HTTP/1.1" 200 521
0:0:0:0:0:0:0:1 - - [15/Apr/2017:00:16:29 -0300] "POST /PublicacaoConsumer/consultarAlterarAutores HTTP/1.1" 200 5021
127.0.0.1 - - [15/Apr/2017:00:17:12 -0300] "POST /PublicacaoProducer/services/PublicacoesWebServicePort HTTP/1.1" 200 240
0:0:0:0:0:0:0:1 - - [15/Apr/2017:00:17:12 -0300] "POST /PublicacaoConsumer/alterAutor HTTP/1.1" 200 4501
127.0.0.1 - - [15/Apr/2017:00:17:16 -0300] "POST /PublicacaoProducer/services/PublicacoesWebServicePort HTTP/1.1" 200 521
0:0:0:0:0:0:0:1 - - [15/Apr/2017:00:17:16 -0300] "POST /PublicacaoConsumer/consultarAlterarAutores HTTP/1.1" 200 5021
127.0.0.1 - - [15/Apr/2017:00:17:44 -0300] "POST /PublicacaoProducer/services/PublicacoesWebServicePort HTTP/1.1" 200 240
0:0:0:0:0:0:0:1 - - [15/Apr/2017:00:17:44 -0300] "POST /PublicacaoConsumer/alterAutor HTTP/1.1" 200 4501
127.0.0.1 - - [15/Apr/2017:00:17:54 -0300] "POST /PublicacaoProducer/services/PublicacoesWebServicePort HTTP/1.1" 200 521
0:0:0:0:0:0:0:1 - - [15/Apr/2017:00:17:54 -0300] "POST /PublicacaoConsumer/consultarAlterarAutores HTTP/1.1" 200 5021
127.0.0.1 - - [15/Apr/2017:00:18:48 -0300] "POST /PublicacaoProducer/services/PublicacoesWebServicePort HTTP/1.1" 200 240
0:0:0:0:0:0:0:1 - - [15/Apr/2017:00:18:54 -0300] "POST /PublicacaoConsumer/alterAutor HTTP/1.1" 200 4501
0:0:0:0:0:0:0:1 - - [15/Apr/2017:00:19:17 -0300] "POST /PublicacaoConsumer/alterAutor HTTP/1.1" 500 9583
127.0.0.1 - - [15/Apr/2017:00:20:25 -0300] "POST /PublicacaoProducer/services/PublicacoesWebServicePort HTTP/1.1" 200 240
0:0:0:0:0:0:0:1 - - [15/Apr/2017:00:21:56 -0300] "POST /PublicacaoConsumer/alterAutor HTTP/1.1" 500 9583
127.0.0.1 - - [15/Apr/2017:00:22:40 -0300] "POST /PublicacaoProducer/services/PublicacoesWebServicePort HTTP/1.1" 200 240
127.0.0.1 - - [15/Apr/2017:00:23:37 -0300] "GET /PublicacaoProducer/services/PublicacoesWebServicePort?wsdl HTTP/1.1" 200 8414
127.0.0.1 - - [15/Apr/2017:00:23:38 -0300] "GET /PublicacaoProducer/services/PublicacoesWebServicePort?xsd=publicacoeswebservice_schema1.xsd HTTP/1.1" 200 5312
127.0.0.1 - - [15/Apr/2017:00:23:39 -0300] "GET /PublicacaoProducer/services/PublicacoesWebServicePort?xsd=publicacoeswebservice_schema1.xsd HTTP/1.1" 200 5312
127.0.0.1 - - [15/Apr/2017:00:25:45 -0300] "GET / HTTP/1.1" 404 1070
127.0.0.1 - - [15/Apr/2017:00:31:08 -0300] "GET /PublicacaoProducer/services/PublicacoesWebServicePort?wsdl HTTP/1.1" 200 8414
127.0.0.1 - - [15/Apr/2017:00:31:09 -0300] "GET /PublicacaoProducer/services/PublicacoesWebServicePort?xsd=publicacoeswebservice_schema1.xsd HTTP/1.1" 200 5312
127.0.0.1 - - [15/Apr/2017:00:31:10 -0300] "GET /PublicacaoProducer/services/PublicacoesWebServicePort?xsd=publicacoeswebservice_schema1.xsd HTTP/1.1" 200 5312
127.0.0.1 - - [15/Apr/2017:00:31:16 -0300] "POST /PublicacaoProducer/services/PublicacoesWebServicePort HTTP/1.1" 200 541
0:0:0:0:0:0:0:1 - - [15/Apr/2017:00:31:16 -0300] "GET /PublicacaoConsumer/ HTTP/1.1" 200 1771
0:0:0:0:0:0:0:1 - - [15/Apr/2017:00:31:19 -0300] "GET /PublicacaoConsumer/alterarAutor HTTP/1.1" 200 4501
127.0.0.1 - - [15/Apr/2017:00:31:24 -0300] "POST /PublicacaoProducer/services/PublicacoesWebServicePort HTTP/1.1" 200 521
0:0:0:0:0:0:0:1 - - [15/Apr/2017:00:31:24 -0300] "POST /PublicacaoConsumer/consultarAlterarAutores HTTP/1.1" 200 5021
127.0.0.1 - - [15/Apr/2017:00:31:29 -0300] "POST /PublicacaoProducer/services/PublicacoesWebServicePort HTTP/1.1" 200 240
0:0:0:0:0:0:0:1 - - [15/Apr/2017:00:31:29 -0300] "POST /PublicacaoConsumer/alterAutor HTTP/1.1" 200 4501
127.0.0.1 - - [15/Apr/2017:00:31:33 -0300] "POST /PublicacaoProducer/services/PublicacoesWebServicePort HTTP/1.1" 200 521
0:0:0:0:0:0:0:1 - - [15/Apr/2017:00:31:33 -0300] "POST /PublicacaoConsumer/consultarAlterarAutores HTTP/1.1" 200 5021
127.0.0.1 - - [15/Apr/2017:00:31:38 -0300] "POST /PublicacaoProducer/services/PublicacoesWebServicePort HTTP/1.1" 200 521
0:0:0:0:0:0:0:1 - - [15/Apr/2017:00:31:38 -0300] "POST /PublicacaoConsumer/consultarAlterarAutores HTTP/1.1" 200 5021
127.0.0.1 - - [15/Apr/2017:00:31:43 -0300] "POST /PublicacaoProducer/services/PublicacoesWebServicePort HTTP/1.1" 200 240
0:0:0:0:0:0:0:1 - - [15/Apr/2017:00:31:43 -0300] "POST /PublicacaoConsumer/alterAutor HTTP/1.1" 200 4501
127.0.0.1 - - [15/Apr/2017:00:31:47 -0300] "POST /PublicacaoProducer/services/PublicacoesWebServicePort HTTP/1.1" 200 521
0:0:0:0:0:0:0:1 - - [15/Apr/2017:00:31:47 -0300] "POST /PublicacaoConsumer/consultarAlterarAutores HTTP/1.1" 200 5021
127.0.0.1 - - [15/Apr/2017:00:31:52 -0300] "POST /PublicacaoProducer/services/PublicacoesWebServicePort HTTP/1.1" 200 541
0:0:0:0:0:0:0:1 - - [15/Apr/2017:00:31:52 -0300] "GET /PublicacaoConsumer/ HTTP/1.1" 200 1771
127.0.0.1 - - [15/Apr/2017:00:37:35 -0300] "GET / HTTP/1.1" 404 1070
127.0.0.1 - - [15/Apr/2017:00:39:09 -0300] "GET /PublicacaoProducer/services/PublicacoesWebServicePort?wsdl HTTP/1.1" 200 8414
127.0.0.1 - - [15/Apr/2017:00:39:10 -0300] "GET /PublicacaoProducer/services/PublicacoesWebServicePort?xsd=publicacoeswebservice_schema1.xsd HTTP/1.1" 200 5312
127.0.0.1 - - [15/Apr/2017:00:39:11 -0300] "GET /PublicacaoProducer/services/PublicacoesWebServicePort?xsd=publicacoeswebservice_schema1.xsd HTTP/1.1" 200 5312
127.0.0.1 - - [15/Apr/2017:00:39:16 -0300] "POST /PublicacaoProducer/services/PublicacoesWebServicePort HTTP/1.1" 200 541
0:0:0:0:0:0:0:1 - - [15/Apr/2017:00:39:18 -0300] "GET /PublicacaoConsumer/ HTTP/1.1" 200 1771
0:0:0:0:0:0:0:1 - - [15/Apr/2017:00:39:20 -0300] "GET /PublicacaoConsumer/excluirAutor HTTP/1.1" 200 4502
127.0.0.1 - - [15/Apr/2017:00:39:23 -0300] "POST /PublicacaoProducer/services/PublicacoesWebServicePort HTTP/1.1" 200 521
0:0:0:0:0:0:0:1 - - [15/Apr/2017:00:39:24 -0300] "POST /PublicacaoConsumer/consultarAlterarAutores HTTP/1.1" 200 5016
127.0.0.1 - - [15/Apr/2017:00:39:30 -0300] "POST /PublicacaoProducer/services/PublicacoesWebServicePort HTTP/1.1" 200 541
0:0:0:0:0:0:0:1 - - [15/Apr/2017:00:39:30 -0300] "GET /PublicacaoConsumer/ HTTP/1.1" 200 1771
0:0:0:0:0:0:0:1 - - [15/Apr/2017:00:39:31 -0300] "GET /PublicacaoConsumer/excluirAutor HTTP/1.1" 200 4502
127.0.0.1 - - [15/Apr/2017:00:39:34 -0300] "POST /PublicacaoProducer/services/PublicacoesWebServicePort HTTP/1.1" 200 541
0:0:0:0:0:0:0:1 - - [15/Apr/2017:00:39:34 -0300] "GET /PublicacaoConsumer/ HTTP/1.1" 200 1771
0:0:0:0:0:0:0:1 - - [15/Apr/2017:00:39:40 -0300] "GET /PublicacaoConsumer/excluirAutor HTTP/1.1" 200 4502
127.0.0.1 - - [15/Apr/2017:00:39:43 -0300] "POST /PublicacaoProducer/services/PublicacoesWebServicePort HTTP/1.1" 200 521
0:0:0:0:0:0:0:1 - - [15/Apr/2017:00:39:43 -0300] "POST /PublicacaoConsumer/consultarAlterarAutores HTTP/1.1" 200 5016
127.0.0.1 - - [15/Apr/2017:00:39:46 -0300] "POST /PublicacaoProducer/services/PublicacoesWebServicePort HTTP/1.1" 200 240
0:0:0:0:0:0:0:1 - - [15/Apr/2017:00:39:46 -0300] "POST /PublicacaoConsumer/alterAutor HTTP/1.1" 200 4496
127.0.0.1 - - [15/Apr/2017:00:39:49 -0300] "POST /PublicacaoProducer/services/PublicacoesWebServicePort HTTP/1.1" 200 521
0:0:0:0:0:0:0:1 - - [15/Apr/2017:00:39:49 -0300] "POST /PublicacaoConsumer/consultarAlterarAutores HTTP/1.1" 200 5016
127.0.0.1 - - [15/Apr/2017:00:40:27 -0300] "POST /PublicacaoProducer/services/PublicacoesWebServicePort HTTP/1.1" 200 541
0:0:0:0:0:0:0:1 - - [15/Apr/2017:00:40:27 -0300] "GET /PublicacaoConsumer/ HTTP/1.1" 200 1771
0:0:0:0:0:0:0:1 - - [15/Apr/2017:00:40:28 -0300] "GET /PublicacaoConsumer/excluirAutor HTTP/1.1" 200 4502
127.0.0.1 - - [15/Apr/2017:00:40:50 -0300] "POST /PublicacaoProducer/services/PublicacoesWebServicePort HTTP/1.1" 200 521
0:0:0:0:0:0:0:1 - - [15/Apr/2017:00:40:50 -0300] "POST /PublicacaoConsumer/consultarAlterarAutores HTTP/1.1" 200 5016
127.0.0.1 - - [15/Apr/2017:00:41:49 -0300] "POST /PublicacaoProducer/services/PublicacoesWebServicePort HTTP/1.1" 200 541
0:0:0:0:0:0:0:1 - - [15/Apr/2017:00:41:49 -0300] "GET /PublicacaoConsumer/ HTTP/1.1" 200 1771
127.0.0.1 - - [15/Apr/2017:00:41:50 -0300] "POST /PublicacaoProducer/services/PublicacoesWebServicePort HTTP/1.1" 200 541
0:0:0:0:0:0:0:1 - - [15/Apr/2017:00:41:50 -0300] "GET /PublicacaoConsumer/ HTTP/1.1" 200 1771
0:0:0:0:0:0:0:1 - - [15/Apr/2017:00:41:51 -0300] "GET /favicon.ico HTTP/1.1" 404 1081
0:0:0:0:0:0:0:1 - - [15/Apr/2017:00:41:54 -0300] "GET /PublicacaoConsumer/excluirAutor HTTP/1.1" 200 4502
0:0:0:0:0:0:0:1 - - [15/Apr/2017:00:41:57 -0300] "POST /PublicacaoConsumer/consultarExcluirAutores HTTP/1.1" 404 1047
127.0.0.1 - - [15/Apr/2017:00:42:53 -0300] "POST /PublicacaoProducer/services/PublicacoesWebServicePort HTTP/1.1" 200 541
0:0:0:0:0:0:0:1 - - [15/Apr/2017:00:42:53 -0300] "GET /PublicacaoConsumer/ HTTP/1.1" 200 1771
0:0:0:0:0:0:0:1 - - [15/Apr/2017:00:43:26 -0300] "GET /PublicacaoConsumer/excluirAutor HTTP/1.1" 200 4502
127.0.0.1 - - [15/Apr/2017:00:43:39 -0300] "GET /PublicacaoProducer/services/PublicacoesWebServicePort?wsdl HTTP/1.1" 200 8414
127.0.0.1 - - [15/Apr/2017:00:43:40 -0300] "GET /PublicacaoProducer/services/PublicacoesWebServicePort?xsd=publicacoeswebservice_schema1.xsd HTTP/1.1" 200 5312
127.0.0.1 - - [15/Apr/2017:00:43:42 -0300] "GET /PublicacaoProducer/services/PublicacoesWebServicePort?xsd=publicacoeswebservice_schema1.xsd HTTP/1.1" 200 5312
127.0.0.1 - - [15/Apr/2017:00:43:50 -0300] "POST /PublicacaoProducer/services/PublicacoesWebServicePort HTTP/1.1" 200 521
0:0:0:0:0:0:0:1 - - [15/Apr/2017:00:43:51 -0300] "POST /PublicacaoConsumer/consultarExcluirAutores HTTP/1.1" 200 5022
127.0.0.1 - - [15/Apr/2017:00:44:12 -0300] "POST /PublicacaoProducer/services/PublicacoesWebServicePort HTTP/1.1" 200 240
0:0:0:0:0:0:0:1 - - [15/Apr/2017:00:44:12 -0300] "POST /PublicacaoConsumer/excluirAutor HTTP/1.1" 200 4502
127.0.0.1 - - [15/Apr/2017:00:44:18 -0300] "POST /PublicacaoProducer/services/PublicacoesWebServicePort HTTP/1.1" 200 248
0:0:0:0:0:0:0:1 - - [15/Apr/2017:00:44:18 -0300] "POST /PublicacaoConsumer/consultarExcluirAutores HTTP/1.1" 200 4816
127.0.0.1 - - [15/Apr/2017:00:44:24 -0300] "POST /PublicacaoProducer/services/PublicacoesWebServicePort HTTP/1.1" 200 248
0:0:0:0:0:0:0:1 - - [15/Apr/2017:00:44:24 -0300] "POST /PublicacaoConsumer/consultarExcluirAutores HTTP/1.1" 200 4816
127.0.0.1 - - [15/Apr/2017:00:44:38 -0300] "POST /PublicacaoProducer/services/PublicacoesWebServicePort HTTP/1.1" 200 554
0:0:0:0:0:0:0:1 - - [15/Apr/2017:00:44:38 -0300] "POST /PublicacaoConsumer/consultarExcluirAutores HTTP/1.1" 200 5115
127.0.0.1 - - [15/Apr/2017:00:44:40 -0300] "POST /PublicacaoProducer/services/PublicacoesWebServicePort HTTP/1.1" 200 240
0:0:0:0:0:0:0:1 - - [15/Apr/2017:00:44:40 -0300] "POST /PublicacaoConsumer/excluirAutor HTTP/1.1" 200 4502
127.0.0.1 - - [15/Apr/2017:00:49:35 -0300] "POST /PublicacaoProducer/services/PublicacoesWebServicePort HTTP/1.1" 200 541
0:0:0:0:0:0:0:1 - - [15/Apr/2017:00:49:35 -0300] "GET /PublicacaoConsumer/ HTTP/1.1" 200 1771
0:0:0:0:0:0:0:1 - - [15/Apr/2017:00:49:41 -0300] "GET /PublicacaoConsumer/cadastrarAutor HTTP/1.1" 200 3243
0:0:0:0:0:0:0:1 - - [15/Apr/2017:00:50:03 -0300] "GET /PublicacaoConsumer/cadastrarAutor HTTP/1.1" 200 3263
0:0:0:0:0:0:0:1 - - [15/Apr/2017:00:50:04 -0300] "GET /favicon.ico HTTP/1.1" 404 1081
0:0:0:0:0:0:0:1 - - [15/Apr/2017:00:50:24 -0300] "GET /PublicacaoConsumer/cadastrarAutor HTTP/1.1" 200 3231
0:0:0:0:0:0:0:1 - - [15/Apr/2017:00:50:24 -0300] "GET /favicon.ico HTTP/1.1" 404 1081
0:0:0:0:0:0:0:1 - - [15/Apr/2017:00:51:27 -0300] "GET /PublicacaoConsumer/cadastrarAutor HTTP/1.1" 200 3257
0:0:0:0:0:0:0:1 - - [15/Apr/2017:00:51:27 -0300] "GET /favicon.ico HTTP/1.1" 404 1081
127.0.0.1 - - [15/Apr/2017:00:52:16 -0300] "POST /PublicacaoProducer/services/PublicacoesWebServicePort HTTP/1.1" 200 240
0:0:0:0:0:0:0:1 - - [15/Apr/2017:00:52:17 -0300] "POST /PublicacaoConsumer/addAutor HTTP/1.1" 200 3257
127.0.0.1 - - [15/Apr/2017:01:00:53 -0300] "GET / HTTP/1.1" 404 1070
0:0:0:0:0:0:0:1 - - [15/Apr/2017:01:01:01 -0300] "GET /PublicacaoConsumer/addAutor HTTP/1.1" 405 1106
127.0.0.1 - - [15/Apr/2017:01:01:09 -0300] "GET /PublicacaoProducer/services/PublicacoesWebServicePort?wsdl HTTP/1.1" 200 8414
127.0.0.1 - - [15/Apr/2017:01:01:10 -0300] "GET /PublicacaoProducer/services/PublicacoesWebServicePort?xsd=publicacoeswebservice_schema1.xsd HTTP/1.1" 200 5312
127.0.0.1 - - [15/Apr/2017:01:01:11 -0300] "GET /PublicacaoProducer/services/PublicacoesWebServicePort?xsd=publicacoeswebservice_schema1.xsd HTTP/1.1" 200 5312
127.0.0.1 - - [15/Apr/2017:01:01:17 -0300] "POST /PublicacaoProducer/services/PublicacoesWebServicePort HTTP/1.1" 200 541
0:0:0:0:0:0:0:1 - - [15/Apr/2017:01:01:18 -0300] "GET /PublicacaoConsumer/ HTTP/1.1" 200 1771
0:0:0:0:0:0:0:1 - - [15/Apr/2017:01:01:24 -0300] "GET /PublicacaoConsumer/cadastrarAutor HTTP/1.1" 200 3257
127.0.0.1 - - [15/Apr/2017:01:01:35 -0300] "POST /PublicacaoProducer/services/PublicacoesWebServicePort HTTP/1.1" 200 240
0:0:0:0:0:0:0:1 - - [15/Apr/2017:01:01:35 -0300] "POST /PublicacaoConsumer/addAutor HTTP/1.1" 200 3257
127.0.0.1 - - [15/Apr/2017:01:02:00 -0300] "POST /PublicacaoProducer/services/PublicacoesWebServicePort HTTP/1.1" 200 240
0:0:0:0:0:0:0:1 - - [15/Apr/2017:01:02:00 -0300] "POST /PublicacaoConsumer/addAutor HTTP/1.1" 200 3257
127.0.0.1 - - [15/Apr/2017:01:04:34 -0300] "GET / HTTP/1.1" 404 1070
127.0.0.1 - - [15/Apr/2017:01:04:51 -0300] "GET /PublicacaoProducer/services/PublicacoesWebServicePort?wsdl HTTP/1.1" 200 8414
127.0.0.1 - - [15/Apr/2017:01:04:52 -0300] "GET /PublicacaoProducer/services/PublicacoesWebServicePort?xsd=publicacoeswebservice_schema1.xsd HTTP/1.1" 200 5312
127.0.0.1 - - [15/Apr/2017:01:04:53 -0300] "GET /PublicacaoProducer/services/PublicacoesWebServicePort?xsd=publicacoeswebservice_schema1.xsd HTTP/1.1" 200 5312
127.0.0.1 - - [15/Apr/2017:01:04:58 -0300] "POST /PublicacaoProducer/services/PublicacoesWebServicePort HTTP/1.1" 200 541
0:0:0:0:0:0:0:1 - - [15/Apr/2017:01:04:59 -0300] "GET /PublicacaoConsumer/ HTTP/1.1" 200 1771
0:0:0:0:0:0:0:1 - - [15/Apr/2017:01:05:03 -0300] "GET /PublicacaoConsumer/cadastrarAutor HTTP/1.1" 200 3257
0:0:0:0:0:0:0:1 - - [15/Apr/2017:01:05:42 -0300] "POST /PublicacaoConsumer/addAutor HTTP/1.1" 200 3530
0:0:0:0:0:0:0:1 - - [15/Apr/2017:01:06:03 -0300] "POST /PublicacaoConsumer/addAutor HTTP/1.1" 500 5608
0:0:0:0:0:0:0:1 - - [15/Apr/2017:01:06:21 -0300] "POST /PublicacaoConsumer/addAutor HTTP/1.1" 500 5509
127.0.0.1 - - [15/Apr/2017:01:07:06 -0300] "POST /PublicacaoProducer/services/PublicacoesWebServicePort HTTP/1.1" 200 541
0:0:0:0:0:0:0:1 - - [15/Apr/2017:01:07:06 -0300] "GET /PublicacaoConsumer/ HTTP/1.1" 200 1771
0:0:0:0:0:0:0:1 - - [15/Apr/2017:01:07:09 -0300] "GET /PublicacaoConsumer/cadastrarAutor HTTP/1.1" 200 3272
127.0.0.1 - - [15/Apr/2017:01:07:15 -0300] "POST /PublicacaoProducer/services/PublicacoesWebServicePort HTTP/1.1" 200 541
0:0:0:0:0:0:0:1 - - [15/Apr/2017:01:07:15 -0300] "GET /PublicacaoConsumer/ HTTP/1.1" 200 1771
127.0.0.1 - - [15/Apr/2017:01:07:16 -0300] "POST /PublicacaoProducer/services/PublicacoesWebServicePort HTTP/1.1" 200 541
0:0:0:0:0:0:0:1 - - [15/Apr/2017:01:07:16 -0300] "GET /PublicacaoConsumer/ HTTP/1.1" 200 1771
0:0:0:0:0:0:0:1 - - [15/Apr/2017:01:07:17 -0300] "GET /favicon.ico HTTP/1.1" 404 1081
0:0:0:0:0:0:0:1 - - [15/Apr/2017:01:07:19 -0300] "GET /PublicacaoConsumer/cadastrarAutor HTTP/1.1" 200 3272
127.0.0.1 - - [15/Apr/2017:01:08:02 -0300] "POST /PublicacaoProducer/services/PublicacoesWebServicePort HTTP/1.1" 200 541
0:0:0:0:0:0:0:1 - - [15/Apr/2017:01:08:02 -0300] "GET /PublicacaoConsumer/ HTTP/1.1" 200 1771
0:0:0:0:0:0:0:1 - - [15/Apr/2017:01:08:04 -0300] "GET /PublicacaoConsumer/cadastrarAutor HTTP/1.1" 200 3297
127.0.0.1 - - [15/Apr/2017:01:17:25 -0300] "GET / HTTP/1.1" 404 1070
127.0.0.1 - - [15/Apr/2017:01:17:34 -0300] "GET /PublicacaoProducer/services/PublicacoesWebServicePort?wsdl HTTP/1.1" 200 8414
127.0.0.1 - - [15/Apr/2017:01:17:34 -0300] "GET /PublicacaoProducer/services/PublicacoesWebServicePort?xsd=publicacoeswebservice_schema1.xsd HTTP/1.1" 200 5312
127.0.0.1 - - [15/Apr/2017:01:17:35 -0300] "GET /PublicacaoProducer/services/PublicacoesWebServicePort?xsd=publicacoeswebservice_schema1.xsd HTTP/1.1" 200 5312
127.0.0.1 - - [15/Apr/2017:01:17:41 -0300] "POST /PublicacaoProducer/services/PublicacoesWebServicePort HTTP/1.1" 200 541
0:0:0:0:0:0:0:1 - - [15/Apr/2017:01:17:42 -0300] "GET /PublicacaoConsumer/ HTTP/1.1" 200 1771
0:0:0:0:0:0:0:1 - - [15/Apr/2017:01:17:46 -0300] "GET /PublicacaoConsumer/cadastrarAutor HTTP/1.1" 200 3427
127.0.0.1 - - [15/Apr/2017:01:18:43 -0300] "POST /PublicacaoProducer/services/PublicacoesWebServicePort HTTP/1.1" 200 541
0:0:0:0:0:0:0:1 - - [15/Apr/2017:01:18:43 -0300] "GET /PublicacaoConsumer/ HTTP/1.1" 200 1771
127.0.0.1 - - [15/Apr/2017:01:18:46 -0300] "POST /PublicacaoProducer/services/PublicacoesWebServicePort HTTP/1.1" 200 541
0:0:0:0:0:0:0:1 - - [15/Apr/2017:01:18:46 -0300] "GET /PublicacaoConsumer/ HTTP/1.1" 200 1771
0:0:0:0:0:0:0:1 - - [15/Apr/2017:01:18:47 -0300] "GET /favicon.ico HTTP/1.1" 404 1081
0:0:0:0:0:0:0:1 - - [15/Apr/2017:01:18:48 -0300] "GET /PublicacaoConsumer/cadastrarAutor HTTP/1.1" 200 3427
127.0.0.1 - - [15/Apr/2017:01:20:44 -0300] "POST /PublicacaoProducer/services/PublicacoesWebServicePort HTTP/1.1" 200 541
0:0:0:0:0:0:0:1 - - [15/Apr/2017:01:20:44 -0300] "GET /PublicacaoConsumer/ HTTP/1.1" 200 1771
0:0:0:0:0:0:0:1 - - [15/Apr/2017:01:20:44 -0300] "GET /favicon.ico HTTP/1.1" 404 1081
0:0:0:0:0:0:0:1 - - [15/Apr/2017:01:20:46 -0300] "GET /PublicacaoConsumer/cadastrarAutor HTTP/1.1" 200 3541
0:0:0:0:0:0:0:1 - - [15/Apr/2017:01:21:13 -0300] "POST /PublicacaoConsumer/buscaEndereco HTTP/1.1" 200 4168
127.0.0.1 - - [15/Apr/2017:01:21:21 -0300] "POST /PublicacaoProducer/services/PublicacoesWebServicePort HTTP/1.1" 200 541
0:0:0:0:0:0:0:1 - - [15/Apr/2017:01:21:21 -0300] "GET /PublicacaoConsumer/ HTTP/1.1" 200 1771
127.0.0.1 - - [15/Apr/2017:01:21:23 -0300] "POST /PublicacaoProducer/services/PublicacoesWebServicePort HTTP/1.1" 200 541
0:0:0:0:0:0:0:1 - - [15/Apr/2017:01:21:23 -0300] "GET /PublicacaoConsumer/ HTTP/1.1" 200 1771
0:0:0:0:0:0:0:1 - - [15/Apr/2017:01:21:23 -0300] "GET /favicon.ico HTTP/1.1" 404 1081
0:0:0:0:0:0:0:1 - - [15/Apr/2017:01:21:25 -0300] "GET /PublicacaoConsumer/cadastrarAutor HTTP/1.1" 200 3541
0:0:0:0:0:0:0:1 - - [15/Apr/2017:01:21:41 -0300] "POST /PublicacaoConsumer/buscaEndereco HTTP/1.1" 200 4220
0:0:0:0:0:0:0:1 - - [15/Apr/2017:01:21:51 -0300] "POST /PublicacaoConsumer/buscaEndereco HTTP/1.1" 200 4220
127.0.0.1 - - [15/Apr/2017:01:23:11 -0300] "POST /PublicacaoProducer/services/PublicacoesWebServicePort HTTP/1.1" 200 541
0:0:0:0:0:0:0:1 - - [15/Apr/2017:01:23:11 -0300] "GET /PublicacaoConsumer/ HTTP/1.1" 200 1771
127.0.0.1 - - [15/Apr/2017:01:23:12 -0300] "POST /PublicacaoProducer/services/PublicacoesWebServicePort HTTP/1.1" 200 541
0:0:0:0:0:0:0:1 - - [15/Apr/2017:01:23:12 -0300] "GET /PublicacaoConsumer/ HTTP/1.1" 200 1771
0:0:0:0:0:0:0:1 - - [15/Apr/2017:01:23:12 -0300] "GET /favicon.ico HTTP/1.1" 404 1081
0:0:0:0:0:0:0:1 - - [15/Apr/2017:01:23:14 -0300] "GET /PublicacaoConsumer/cadastrarAutor HTTP/1.1" 200 3470
0:0:0:0:0:0:0:1 - - [15/Apr/2017:01:23:24 -0300] "POST /PublicacaoConsumer/buscaEndereco HTTP/1.1" 200 3942
127.0.0.1 - - [15/Apr/2017:01:24:24 -0300] "POST /PublicacaoProducer/services/PublicacoesWebServicePort HTTP/1.1" 200 541
0:0:0:0:0:0:0:1 - - [15/Apr/2017:01:24:24 -0300] "GET /PublicacaoConsumer/ HTTP/1.1" 200 1771
127.0.0.1 - - [15/Apr/2017:01:24:25 -0300] "POST /PublicacaoProducer/services/PublicacoesWebServicePort HTTP/1.1" 200 541
0:0:0:0:0:0:0:1 - - [15/Apr/2017:01:24:25 -0300] "GET /PublicacaoConsumer/ HTTP/1.1" 200 1771
0:0:0:0:0:0:0:1 - - [15/Apr/2017:01:24:25 -0300] "GET /favicon.ico HTTP/1.1" 404 1081
0:0:0:0:0:0:0:1 - - [15/Apr/2017:01:24:27 -0300] "GET /PublicacaoConsumer/cadastrarAutor HTTP/1.1" 200 3448
127.0.0.1 - - [15/Apr/2017:01:26:54 -0300] "POST /PublicacaoProducer/services/PublicacoesWebServicePort HTTP/1.1" 200 541
0:0:0:0:0:0:0:1 - - [15/Apr/2017:01:26:54 -0300] "GET /PublicacaoConsumer/ HTTP/1.1" 200 1771
0:0:0:0:0:0:0:1 - - [15/Apr/2017:01:26:54 -0300] "GET /favicon.ico HTTP/1.1" 404 1081
0:0:0:0:0:0:0:1 - - [15/Apr/2017:01:26:57 -0300] "GET /PublicacaoConsumer/cadastrarAutor HTTP/1.1" 200 3430
127.0.0.1 - - [15/Apr/2017:01:27:20 -0300] "POST /PublicacaoProducer/services/PublicacoesWebServicePort HTTP/1.1" 200 541
0:0:0:0:0:0:0:1 - - [15/Apr/2017:01:27:20 -0300] "GET /PublicacaoConsumer/ HTTP/1.1" 200 1771
127.0.0.1 - - [15/Apr/2017:01:27:21 -0300] "POST /PublicacaoProducer/services/PublicacoesWebServicePort HTTP/1.1" 200 541
0:0:0:0:0:0:0:1 - - [15/Apr/2017:01:27:21 -0300] "GET /PublicacaoConsumer/ HTTP/1.1" 200 1771
0:0:0:0:0:0:0:1 - - [15/Apr/2017:01:27:21 -0300] "GET /favicon.ico HTTP/1.1" 404 1081
0:0:0:0:0:0:0:1 - - [15/Apr/2017:01:27:23 -0300] "GET /PublicacaoConsumer/cadastrarAutor HTTP/1.1" 200 3392
127.0.0.1 - - [15/Apr/2017:01:27:32 -0300] "POST /PublicacaoProducer/services/PublicacoesWebServicePort HTTP/1.1" 200 240
0:0:0:0:0:0:0:1 - - [15/Apr/2017:01:27:32 -0300] "POST /PublicacaoConsumer/addAutor HTTP/1.1" 200 3392
127.0.0.1 - - [15/Apr/2017:01:31:18 -0300] "POST /PublicacaoProducer/services/PublicacoesWebServicePort HTTP/1.1" 200 541
0:0:0:0:0:0:0:1 - - [15/Apr/2017:01:31:18 -0300] "GET /PublicacaoConsumer/ HTTP/1.1" 200 1771
127.0.0.1 - - [15/Apr/2017:01:31:19 -0300] "POST /PublicacaoProducer/services/PublicacoesWebServicePort HTTP/1.1" 200 541
0:0:0:0:0:0:0:1 - - [15/Apr/2017:01:31:19 -0300] "GET /PublicacaoConsumer/ HTTP/1.1" 200 1771
0:0:0:0:0:0:0:1 - - [15/Apr/2017:01:31:20 -0300] "GET /favicon.ico HTTP/1.1" 404 1081
0:0:0:0:0:0:0:1 - - [15/Apr/2017:01:31:22 -0300] "GET /PublicacaoConsumer/cadastrarAutor HTTP/1.1" 200 3299
127.0.0.1 - - [15/Apr/2017:01:31:38 -0300] "POST /PublicacaoProducer/services/PublicacoesWebServicePort HTTP/1.1" 200 240
0:0:0:0:0:0:0:1 - - [15/Apr/2017:01:31:38 -0300] "POST /PublicacaoConsumer/addAutor HTTP/1.1" 200 3299
127.0.0.1 - - [15/Apr/2017:01:32:01 -0300] "POST /PublicacaoProducer/services/PublicacoesWebServicePort HTTP/1.1" 200 541
0:0:0:0:0:0:0:1 - - [15/Apr/2017:01:32:01 -0300] "GET /PublicacaoConsumer/ HTTP/1.1" 200 1771
127.0.0.1 - - [15/Apr/2017:01:32:02 -0300] "POST /PublicacaoProducer/services/PublicacoesWebServicePort HTTP/1.1" 200 541
0:0:0:0:0:0:0:1 - - [15/Apr/2017:01:32:02 -0300] "GET /PublicacaoConsumer/ HTTP/1.1" 200 1771
0:0:0:0:0:0:0:1 - - [15/Apr/2017:01:32:03 -0300] "GET /favicon.ico HTTP/1.1" 404 1081
0:0:0:0:0:0:0:1 - - [15/Apr/2017:01:32:04 -0300] "GET /PublicacaoConsumer/cadastrarAutor HTTP/1.1" 200 3324
127.0.0.1 - - [15/Apr/2017:01:33:16 -0300] "POST /PublicacaoProducer/services/PublicacoesWebServicePort HTTP/1.1" 200 240
0:0:0:0:0:0:0:1 - - [15/Apr/2017:01:33:16 -0300] "POST /PublicacaoConsumer/addAutor HTTP/1.1" 200 3324
127.0.0.1 - - [15/Apr/2017:01:34:16 -0300] "POST /PublicacaoProducer/services/PublicacoesWebServicePort HTTP/1.1" 200 541
127.0.0.1 - - [15/Apr/2017:01:34:16 -0300] "POST /PublicacaoProducer/services/PublicacoesWebServicePort HTTP/1.1" 200 541
0:0:0:0:0:0:0:1 - - [15/Apr/2017:01:34:16 -0300] "GET /PublicacaoConsumer/ HTTP/1.1" 200 1771
0:0:0:0:0:0:0:1 - - [15/Apr/2017:01:34:16 -0300] "GET /PublicacaoConsumer/ HTTP/1.1" 200 1771
0:0:0:0:0:0:0:1 - - [15/Apr/2017:01:34:48 -0300] "GET /PublicacaoConsumer/cadastrarAutor HTTP/1.1" 200 3324
0:0:0:0:0:0:0:1 - - [15/Apr/2017:01:35:37 -0300] "POST /PublicacaoConsumer/addAutor HTTP/1.1" 200 3597
127.0.0.1 - - [15/Apr/2017:01:35:55 -0300] "GET /PublicacaoProducer/services/PublicacoesWebServicePort?wsdl HTTP/1.1" 200 8414
127.0.0.1 - - [15/Apr/2017:01:35:55 -0300] "GET /PublicacaoProducer/services/PublicacoesWebServicePort?xsd=publicacoeswebservice_schema1.xsd HTTP/1.1" 200 5312
127.0.0.1 - - [15/Apr/2017:01:35:55 -0300] "GET /PublicacaoProducer/services/PublicacoesWebServicePort?xsd=publicacoeswebservice_schema1.xsd HTTP/1.1" 200 5312
127.0.0.1 - - [15/Apr/2017:01:35:55 -0300] "POST /PublicacaoProducer/services/PublicacoesWebServicePort HTTP/1.1" 200 240
0:0:0:0:0:0:0:1 - - [15/Apr/2017:01:35:55 -0300] "POST /PublicacaoConsumer/addAutor HTTP/1.1" 200 3324
0:0:0:0:0:0:0:1 - - [15/Apr/2017:01:36:20 -0300] "POST /PublicacaoConsumer/addAutor HTTP/1.1" 200 3643
127.0.0.1 - - [15/Apr/2017:01:37:33 -0300] "POST /PublicacaoProducer/services/PublicacoesWebServicePort HTTP/1.1" 200 240
0:0:0:0:0:0:0:1 - - [15/Apr/2017:01:37:33 -0300] "POST /PublicacaoConsumer/addAutor HTTP/1.1" 200 3324
127.0.0.1 - - [15/Apr/2017:01:45:36 -0300] "POST /PublicacaoProducer/services/PublicacoesWebServicePort HTTP/1.1" 200 541
0:0:0:0:0:0:0:1 - - [15/Apr/2017:01:45:36 -0300] "GET /PublicacaoConsumer/ HTTP/1.1" 200 1771
127.0.0.1 - - [15/Apr/2017:01:45:37 -0300] "POST /PublicacaoProducer/services/PublicacoesWebServicePort HTTP/1.1" 200 541
0:0:0:0:0:0:0:1 - - [15/Apr/2017:01:45:37 -0300] "GET /PublicacaoConsumer/ HTTP/1.1" 200 1771
0:0:0:0:0:0:0:1 - - [15/Apr/2017:01:45:38 -0300] "GET /favicon.ico HTTP/1.1" 404 1081
0:0:0:0:0:0:0:1 - - [15/Apr/2017:01:45:39 -0300] "GET /PublicacaoConsumer/cadastrarAutor HTTP/1.1" 200 3423
127.0.0.1 - - [15/Apr/2017:01:46:32 -0300] "POST /PublicacaoProducer/services/PublicacoesWebServicePort HTTP/1.1" 200 541
0:0:0:0:0:0:0:1 - - [15/Apr/2017:01:46:32 -0300] "GET /PublicacaoConsumer/ HTTP/1.1" 200 1771
127.0.0.1 - - [15/Apr/2017:01:46:33 -0300] "POST /PublicacaoProducer/services/PublicacoesWebServicePort HTTP/1.1" 200 541
0:0:0:0:0:0:0:1 - - [15/Apr/2017:01:46:33 -0300] "GET /PublicacaoConsumer/ HTTP/1.1" 200 1771
0:0:0:0:0:0:0:1 - - [15/Apr/2017:01:46:33 -0300] "GET /favicon.ico HTTP/1.1" 404 1081
0:0:0:0:0:0:0:1 - - [15/Apr/2017:01:46:35 -0300] "GET /PublicacaoConsumer/cadastrarAutor HTTP/1.1" 200 3412
127.0.0.1 - - [15/Apr/2017:01:50:32 -0300] "POST /PublicacaoProducer/services/PublicacoesWebServicePort HTTP/1.1" 200 541
0:0:0:0:0:0:0:1 - - [15/Apr/2017:01:50:32 -0300] "GET /PublicacaoConsumer/ HTTP/1.1" 200 1771
0:0:0:0:0:0:0:1 - - [15/Apr/2017:01:50:34 -0300] "GET /PublicacaoConsumer/cadastrarAutor HTTP/1.1" 200 3524
127.0.0.1 - - [15/Apr/2017:01:50:58 -0300] "POST /PublicacaoProducer/services/PublicacoesWebServicePort HTTP/1.1" 200 541
0:0:0:0:0:0:0:1 - - [15/Apr/2017:01:50:59 -0300] "GET /PublicacaoConsumer/ HTTP/1.1" 200 1771
127.0.0.1 - - [15/Apr/2017:01:50:59 -0300] "POST /PublicacaoProducer/services/PublicacoesWebServicePort HTTP/1.1" 200 541
0:0:0:0:0:0:0:1 - - [15/Apr/2017:01:50:59 -0300] "GET /PublicacaoConsumer/ HTTP/1.1" 200 1771
0:0:0:0:0:0:0:1 - - [15/Apr/2017:01:51:00 -0300] "GET /favicon.ico HTTP/1.1" 404 1081
0:0:0:0:0:0:0:1 - - [15/Apr/2017:01:51:02 -0300] "GET /PublicacaoConsumer/cadastrarAutor HTTP/1.1" 200 3531
0:0:0:0:0:0:0:1 - - [15/Apr/2017:01:51:17 -0300] "POST /PublicacaoConsumer/buscaEndereco HTTP/1.1" 500 3156
0:0:0:0:0:0:0:1 - - [15/Apr/2017:01:51:33 -0300] "POST /PublicacaoConsumer/buscaEndereco HTTP/1.1" 500 3156
127.0.0.1 - - [15/Apr/2017:01:52:06 -0300] "POST /PublicacaoProducer/services/PublicacoesWebServicePort HTTP/1.1" 200 541
0:0:0:0:0:0:0:1 - - [15/Apr/2017:01:52:06 -0300] "GET /PublicacaoConsumer/ HTTP/1.1" 200 1771
0:0:0:0:0:0:0:1 - - [15/Apr/2017:01:52:09 -0300] "GET /PublicacaoConsumer/cadastrarAutor HTTP/1.1" 200 3537
0:0:0:0:0:0:0:1 - - [15/Apr/2017:01:52:29 -0300] "POST /PublicacaoConsumer/buscaEndereco HTTP/1.1" 200 4009
127.0.0.1 - - [15/Apr/2017:01:53:07 -0300] "POST /PublicacaoProducer/services/PublicacoesWebServicePort HTTP/1.1" 200 541
0:0:0:0:0:0:0:1 - - [15/Apr/2017:01:53:07 -0300] "GET /PublicacaoConsumer/ HTTP/1.1" 200 1771
127.0.0.1 - - [15/Apr/2017:01:53:11 -0300] "POST /PublicacaoProducer/services/PublicacoesWebServicePort HTTP/1.1" 200 541
0:0:0:0:0:0:0:1 - - [15/Apr/2017:01:53:11 -0300] "GET /PublicacaoConsumer/ HTTP/1.1" 200 1771
0:0:0:0:0:0:0:1 - - [15/Apr/2017:01:53:12 -0300] "GET /favicon.ico HTTP/1.1" 404 1081
0:0:0:0:0:0:0:1 - - [15/Apr/2017:01:53:14 -0300] "GET /PublicacaoConsumer/cadastrarAutor HTTP/1.1" 200 3521
0:0:0:0:0:0:0:1 - - [15/Apr/2017:01:53:23 -0300] "POST /PublicacaoConsumer/buscaEndereco HTTP/1.1" 200 3993
0:0:0:0:0:0:0:1 - - [15/Apr/2017:01:53:31 -0300] "POST /PublicacaoConsumer/buscaEndereco HTTP/1.1" 200 3993
127.0.0.1 - - [15/Apr/2017:01:55:09 -0300] "POST /PublicacaoProducer/services/PublicacoesWebServicePort HTTP/1.1" 200 541
0:0:0:0:0:0:0:1 - - [15/Apr/2017:01:55:09 -0300] "GET /PublicacaoConsumer/ HTTP/1.1" 200 1771
0:0:0:0:0:0:0:1 - - [15/Apr/2017:01:55:11 -0300] "GET /PublicacaoConsumer/cadastrarAutor HTTP/1.1" 200 3629
0:0:0:0:0:0:0:1 - - [15/Apr/2017:01:55:20 -0300] "POST /PublicacaoConsumer/buscaEndereco HTTP/1.1" 200 4101
0:0:0:0:0:0:0:1 - - [15/Apr/2017:01:55:32 -0300] "POST /PublicacaoConsumer/buscaEndereco HTTP/1.1" 200 4101
0:0:0:0:0:0:0:1 - - [15/Apr/2017:01:56:43 -0300] "POST /PublicacaoConsumer/buscaEndereco HTTP/1.1" 200 4101
127.0.0.1 - - [15/Apr/2017:01:57:23 -0300] "POST /PublicacaoProducer/services/PublicacoesWebServicePort HTTP/1.1" 200 541
0:0:0:0:0:0:0:1 - - [15/Apr/2017:01:57:23 -0300] "GET /PublicacaoConsumer/ HTTP/1.1" 200 1771
127.0.0.1 - - [15/Apr/2017:01:57:34 -0300] "POST /PublicacaoProducer/services/PublicacoesWebServicePort HTTP/1.1" 200 541
0:0:0:0:0:0:0:1 - - [15/Apr/2017:01:57:34 -0300] "GET /PublicacaoConsumer/ HTTP/1.1" 200 1771
0:0:0:0:0:0:0:1 - - [15/Apr/2017:01:57:45 -0300] "GET /PublicacaoConsumer/cadastrarAutor HTTP/1.1" 200 3615
0:0:0:0:0:0:0:1 - - [15/Apr/2017:01:57:55 -0300] "POST /PublicacaoConsumer/buscaEndereco HTTP/1.1" 200 4054
0:0:0:0:0:0:0:1 - - [15/Apr/2017:01:58:17 -0300] "POST /PublicacaoConsumer/buscaEndereco HTTP/1.1" 200 4054
0:0:0:0:0:0:0:1 - - [15/Apr/2017:01:59:41 -0300] "POST /PublicacaoConsumer/buscaEndereco HTTP/1.1" 200 4054
127.0.0.1 - - [15/Apr/2017:02:00:47 -0300] "POST /PublicacaoProducer/services/PublicacoesWebServicePort HTTP/1.1" 200 541
0:0:0:0:0:0:0:1 - - [15/Apr/2017:02:00:47 -0300] "GET /PublicacaoConsumer/ HTTP/1.1" 200 1771
127.0.0.1 - - [15/Apr/2017:02:00:51 -0300] "POST /PublicacaoProducer/services/PublicacoesWebServicePort HTTP/1.1" 200 541
0:0:0:0:0:0:0:1 - - [15/Apr/2017:02:00:51 -0300] "GET /PublicacaoConsumer/ HTTP/1.1" 200 1771
0:0:0:0:0:0:0:1 - - [15/Apr/2017:02:00:56 -0300] "GET /PublicacaoConsumer/cadastrarAutor HTTP/1.1" 200 3651
0:0:0:0:0:0:0:1 - - [15/Apr/2017:02:01:07 -0300] "POST /PublicacaoConsumer/buscaEndereco HTTP/1.1" 200 4123
0:0:0:0:0:0:0:1 - - [15/Apr/2017:02:01:23 -0300] "POST /PublicacaoConsumer/buscaEndereco HTTP/1.1" 200 4123
127.0.0.1 - - [15/Apr/2017:02:01:55 -0300] "POST /PublicacaoProducer/services/PublicacoesWebServicePort HTTP/1.1" 200 541
0:0:0:0:0:0:0:1 - - [15/Apr/2017:02:01:55 -0300] "GET /PublicacaoConsumer/ HTTP/1.1" 200 1771
0:0:0:0:0:0:0:1 - - [15/Apr/2017:02:01:59 -0300] "GET /PublicacaoConsumer/cadastrarAutor HTTP/1.1" 200 3653
0:0:0:0:0:0:0:1 - - [15/Apr/2017:02:02:08 -0300] "POST /PublicacaoConsumer/buscaEndereco HTTP/1.1" 200 4125
0:0:0:0:0:0:0:1 - - [15/Apr/2017:02:02:20 -0300] "POST /PublicacaoConsumer/buscaEndereco HTTP/1.1" 200 4125
0:0:0:0:0:0:0:1 - - [15/Apr/2017:02:03:53 -0300] "POST /PublicacaoConsumer/buscaEndereco HTTP/1.1" 200 4125
0:0:0:0:0:0:0:1 - - [15/Apr/2017:02:04:57 -0300] "POST /PublicacaoConsumer/buscaEndereco HTTP/1.1" 200 4125
127.0.0.1 - - [15/Apr/2017:02:11:09 -0300] "POST /PublicacaoProducer/services/PublicacoesWebServicePort HTTP/1.1" 200 541
0:0:0:0:0:0:0:1 - - [15/Apr/2017:02:11:09 -0300] "GET /PublicacaoConsumer/ HTTP/1.1" 200 1771
0:0:0:0:0:0:0:1 - - [15/Apr/2017:02:11:14 -0300] "GET /PublicacaoConsumer/cadastrarAutor HTTP/1.1" 200 4128
0:0:0:0:0:0:0:1 - - [15/Apr/2017:02:11:23 -0300] "POST /PublicacaoConsumer/buscaEndereco HTTP/1.1" 500 3078
127.0.0.1 - - [15/Apr/2017:02:16:07 -0300] "POST /PublicacaoProducer/services/PublicacoesWebServicePort HTTP/1.1" 200 240
0:0:0:0:0:0:0:1 - - [15/Apr/2017:02:16:07 -0300] "POST /PublicacaoConsumer/addAutor HTTP/1.1" 200 4128
0:0:0:0:0:0:0:1 - - [15/Apr/2017:02:19:31 -0300] "GET /PublicacaoConsumer/cadastrarAutor HTTP/1.1" 200 3739
127.0.0.1 - - [15/Apr/2017:02:19:52 -0300] "POST /PublicacaoProducer/services/PublicacoesWebServicePort HTTP/1.1" 200 240
0:0:0:0:0:0:0:1 - - [15/Apr/2017:02:19:53 -0300] "POST /PublicacaoConsumer/addAutor HTTP/1.1" 200 3739
127.0.0.1 - - [15/Apr/2017:02:23:04 -0300] "POST /PublicacaoProducer/services/PublicacoesWebServicePort HTTP/1.1" 200 240
0:0:0:0:0:0:0:1 - - [15/Apr/2017:02:23:04 -0300] "POST /PublicacaoConsumer/addAutor HTTP/1.1" 200 3739
127.0.0.1 - - [15/Apr/2017:02:23:58 -0300] "POST /PublicacaoProducer/services/PublicacoesWebServicePort HTTP/1.1" 200 240
0:0:0:0:0:0:0:1 - - [15/Apr/2017:02:23:59 -0300] "POST /PublicacaoConsumer/addAutor HTTP/1.1" 200 3737
127.0.0.1 - - [15/Apr/2017:02:32:19 -0300] "POST /PublicacaoProducer/services/PublicacoesWebServicePort HTTP/1.1" 200 541
0:0:0:0:0:0:0:1 - - [15/Apr/2017:02:32:19 -0300] "GET /PublicacaoConsumer/ HTTP/1.1" 200 1771
127.0.0.1 - - [15/Apr/2017:02:32:26 -0300] "POST /PublicacaoProducer/services/PublicacoesWebServicePort HTTP/1.1" 200 240
0:0:0:0:0:0:0:1 - - [15/Apr/2017:02:32:27 -0300] "POST /PublicacaoConsumer/addAutor HTTP/1.1" 200 3777
0:0:0:0:0:0:0:1 - - [15/Apr/2017:02:32:32 -0300] "GET /PublicacaoConsumer/cadastrarAutor HTTP/1.1" 200 3777
0:0:0:0:0:0:0:1 - - [15/Apr/2017:02:32:44 -0300] "GET /PublicacaoConsumer/cadastrarAutor HTTP/1.1" 200 3777
127.0.0.1 - - [15/Apr/2017:02:32:51 -0300] "POST /PublicacaoProducer/services/PublicacoesWebServicePort HTTP/1.1" 200 240
0:0:0:0:0:0:0:1 - - [15/Apr/2017:02:32:51 -0300] "POST /PublicacaoConsumer/addAutor HTTP/1.1" 200 3777
127.0.0.1 - - [15/Apr/2017:02:33:10 -0300] "POST /PublicacaoProducer/services/PublicacoesWebServicePort HTTP/1.1" 200 240
0:0:0:0:0:0:0:1 - - [15/Apr/2017:02:33:10 -0300] "POST /PublicacaoConsumer/addAutor HTTP/1.1" 200 3777
127.0.0.1 - - [15/Apr/2017:02:33:47 -0300] "POST /PublicacaoProducer/services/PublicacoesWebServicePort HTTP/1.1" 200 541
0:0:0:0:0:0:0:1 - - [15/Apr/2017:02:33:47 -0300] "GET /PublicacaoConsumer/ HTTP/1.1" 200 1771
0:0:0:0:0:0:0:1 - - [15/Apr/2017:02:33:51 -0300] "GET /PublicacaoConsumer/cadastrarAutor HTTP/1.1" 200 3804
127.0.0.1 - - [15/Apr/2017:02:34:06 -0300] "POST /PublicacaoProducer/services/PublicacoesWebServicePort HTTP/1.1" 200 240
0:0:0:0:0:0:0:1 - - [15/Apr/2017:02:34:06 -0300] "POST /PublicacaoConsumer/addAutor HTTP/1.1" 200 3804
127.0.0.1 - - [15/Apr/2017:02:36:54 -0300] "POST /PublicacaoProducer/services/PublicacoesWebServicePort HTTP/1.1" 200 240
0:0:0:0:0:0:0:1 - - [15/Apr/2017:02:36:54 -0300] "POST /PublicacaoConsumer/addAutor HTTP/1.1" 200 3804
127.0.0.1 - - [15/Apr/2017:02:38:32 -0300] "POST /PublicacaoProducer/services/PublicacoesWebServicePort HTTP/1.1" 200 541
0:0:0:0:0:0:0:1 - - [15/Apr/2017:02:38:32 -0300] "GET /PublicacaoConsumer/ HTTP/1.1" 200 1771
0:0:0:0:0:0:0:1 - - [15/Apr/2017:02:38:37 -0300] "GET /PublicacaoConsumer/cadastrarAutor HTTP/1.1" 200 3825
127.0.0.1 - - [15/Apr/2017:02:38:53 -0300] "POST /PublicacaoProducer/services/PublicacoesWebServicePort HTTP/1.1" 200 240
0:0:0:0:0:0:0:1 - - [15/Apr/2017:02:38:53 -0300] "POST /PublicacaoConsumer/addAutor HTTP/1.1" 200 3825
127.0.0.1 - - [15/Apr/2017:02:40:13 -0300] "POST /PublicacaoProducer/services/PublicacoesWebServicePort HTTP/1.1" 200 541
0:0:0:0:0:0:0:1 - - [15/Apr/2017:02:40:13 -0300] "GET /PublicacaoConsumer/ HTTP/1.1" 200 1771
127.0.0.1 - - [15/Apr/2017:02:40:15 -0300] "POST /PublicacaoProducer/services/PublicacoesWebServicePort HTTP/1.1" 200 541
0:0:0:0:0:0:0:1 - - [15/Apr/2017:02:40:15 -0300] "GET /PublicacaoConsumer/ HTTP/1.1" 200 1771
0:0:0:0:0:0:0:1 - - [15/Apr/2017:02:40:15 -0300] "GET /favicon.ico HTTP/1.1" 404 1081
0:0:0:0:0:0:0:1 - - [15/Apr/2017:02:40:17 -0300] "GET /PublicacaoConsumer/cadastrarAutor HTTP/1.1" 200 3871
127.0.0.1 - - [15/Apr/2017:02:40:29 -0300] "POST /PublicacaoProducer/services/PublicacoesWebServicePort HTTP/1.1" 200 240
0:0:0:0:0:0:0:1 - - [15/Apr/2017:02:40:29 -0300] "POST /PublicacaoConsumer/addAutor HTTP/1.1" 200 3871
127.0.0.1 - - [15/Apr/2017:02:40:49 -0300] "POST /PublicacaoProducer/services/PublicacoesWebServicePort HTTP/1.1" 200 240
0:0:0:0:0:0:0:1 - - [15/Apr/2017:02:40:49 -0300] "POST /PublicacaoConsumer/addAutor HTTP/1.1" 200 3871
127.0.0.1 - - [15/Apr/2017:02:41:20 -0300] "POST /PublicacaoProducer/services/PublicacoesWebServicePort HTTP/1.1" 200 240
0:0:0:0:0:0:0:1 - - [15/Apr/2017:02:41:20 -0300] "POST /PublicacaoConsumer/addAutor HTTP/1.1" 200 3871
127.0.0.1 - - [15/Apr/2017:02:41:22 -0300] "POST /PublicacaoProducer/services/PublicacoesWebServicePort HTTP/1.1" 200 240
0:0:0:0:0:0:0:1 - - [15/Apr/2017:02:41:22 -0300] "POST /PublicacaoConsumer/addAutor HTTP/1.1" 200 3871
127.0.0.1 - - [15/Apr/2017:02:41:36 -0300] "POST /PublicacaoProducer/services/PublicacoesWebServicePort HTTP/1.1" 200 240
0:0:0:0:0:0:0:1 - - [15/Apr/2017:02:41:36 -0300] "POST /PublicacaoConsumer/addAutor HTTP/1.1" 200 3871
127.0.0.1 - - [15/Apr/2017:02:41:40 -0300] "POST /PublicacaoProducer/services/PublicacoesWebServicePort HTTP/1.1" 200 541
0:0:0:0:0:0:0:1 - - [15/Apr/2017:02:41:40 -0300] "GET /PublicacaoConsumer/ HTTP/1.1" 200 1771
127.0.0.1 - - [15/Apr/2017:02:41:44 -0300] "POST /PublicacaoProducer/services/PublicacoesWebServicePort HTTP/1.1" 200 541
0:0:0:0:0:0:0:1 - - [15/Apr/2017:02:41:44 -0300] "GET /PublicacaoConsumer/ HTTP/1.1" 200 1771
0:0:0:0:0:0:0:1 - - [15/Apr/2017:02:41:48 -0300] "GET /PublicacaoConsumer/cadastrarAutor HTTP/1.1" 200 3871
127.0.0.1 - - [15/Apr/2017:02:41:59 -0300] "POST /PublicacaoProducer/services/PublicacoesWebServicePort HTTP/1.1" 200 240
0:0:0:0:0:0:0:1 - - [15/Apr/2017:02:41:59 -0300] "POST /PublicacaoConsumer/addAutor HTTP/1.1" 200 3871
127.0.0.1 - - [15/Apr/2017:02:42:12 -0300] "POST /PublicacaoProducer/services/PublicacoesWebServicePort HTTP/1.1" 200 240
0:0:0:0:0:0:0:1 - - [15/Apr/2017:02:42:12 -0300] "POST /PublicacaoConsumer/addAutor HTTP/1.1" 200 3870
127.0.0.1 - - [15/Apr/2017:02:42:24 -0300] "POST /PublicacaoProducer/services/PublicacoesWebServicePort HTTP/1.1" 200 240
0:0:0:0:0:0:0:1 - - [15/Apr/2017:02:42:24 -0300] "POST /PublicacaoConsumer/addAutor HTTP/1.1" 200 3870
127.0.0.1 - - [15/Apr/2017:02:42:42 -0300] "POST /PublicacaoProducer/services/PublicacoesWebServicePort HTTP/1.1" 200 240
0:0:0:0:0:0:0:1 - - [15/Apr/2017:02:42:42 -0300] "POST /PublicacaoConsumer/addAutor HTTP/1.1" 200 3870
127.0.0.1 - - [15/Apr/2017:02:43:28 -0300] "POST /PublicacaoProducer/services/PublicacoesWebServicePort HTTP/1.1" 200 240
0:0:0:0:0:0:0:1 - - [15/Apr/2017:02:43:28 -0300] "POST /PublicacaoConsumer/addAutor HTTP/1.1" 200 3870
127.0.0.1 - - [15/Apr/2017:02:43:53 -0300] "POST /PublicacaoProducer/services/PublicacoesWebServicePort HTTP/1.1" 200 541
0:0:0:0:0:0:0:1 - - [15/Apr/2017:02:43:53 -0300] "GET /PublicacaoConsumer/ HTTP/1.1" 200 1771
0:0:0:0:0:0:0:1 - - [15/Apr/2017:02:43:57 -0300] "GET /PublicacaoConsumer/cadastrarAutor HTTP/1.1" 200 3882
127.0.0.1 - - [15/Apr/2017:02:44:12 -0300] "POST /PublicacaoProducer/services/PublicacoesWebServicePort HTTP/1.1" 200 240
0:0:0:0:0:0:0:1 - - [15/Apr/2017:02:44:12 -0300] "POST /PublicacaoConsumer/addAutor HTTP/1.1" 200 3882
127.0.0.1 - - [15/Apr/2017:02:44:50 -0300] "POST /PublicacaoProducer/services/PublicacoesWebServicePort HTTP/1.1" 200 541
0:0:0:0:0:0:0:1 - - [15/Apr/2017:02:44:50 -0300] "GET /PublicacaoConsumer/ HTTP/1.1" 200 1771
0:0:0:0:0:0:0:1 - - [15/Apr/2017:02:44:55 -0300] "GET /PublicacaoConsumer/cadastrarAutor HTTP/1.1" 200 3868
127.0.0.1 - - [15/Apr/2017:02:45:03 -0300] "POST /PublicacaoProducer/services/PublicacoesWebServicePort HTTP/1.1" 200 240
0:0:0:0:0:0:0:1 - - [15/Apr/2017:02:45:03 -0300] "POST /PublicacaoConsumer/addAutor HTTP/1.1" 200 3868
127.0.0.1 - - [15/Apr/2017:02:46:28 -0300] "POST /PublicacaoProducer/services/PublicacoesWebServicePort HTTP/1.1" 200 240
0:0:0:0:0:0:0:1 - - [15/Apr/2017:02:46:28 -0300] "POST /PublicacaoConsumer/addAutor HTTP/1.1" 200 3868
127.0.0.1 - - [15/Apr/2017:02:46:55 -0300] "POST /PublicacaoProducer/services/PublicacoesWebServicePort HTTP/1.1" 200 541
0:0:0:0:0:0:0:1 - - [15/Apr/2017:02:46:55 -0300] "GET /PublicacaoConsumer/ HTTP/1.1" 200 1771
127.0.0.1 - - [15/Apr/2017:02:46:59 -0300] "POST /PublicacaoProducer/services/PublicacoesWebServicePort HTTP/1.1" 200 541
0:0:0:0:0:0:0:1 - - [15/Apr/2017:02:46:59 -0300] "GET /PublicacaoConsumer/ HTTP/1.1" 200 1771
0:0:0:0:0:0:0:1 - - [15/Apr/2017:02:47:04 -0300] "GET /PublicacaoConsumer/cadastrarAutor HTTP/1.1" 200 3864
127.0.0.1 - - [15/Apr/2017:02:47:24 -0300] "POST /PublicacaoProducer/services/PublicacoesWebServicePort HTTP/1.1" 200 240
0:0:0:0:0:0:0:1 - - [15/Apr/2017:02:47:24 -0300] "POST /PublicacaoConsumer/addAutor HTTP/1.1" 200 3864
127.0.0.1 - - [15/Apr/2017:02:48:34 -0300] "POST /PublicacaoProducer/services/PublicacoesWebServicePort HTTP/1.1" 200 240
0:0:0:0:0:0:0:1 - - [15/Apr/2017:02:48:34 -0300] "POST /PublicacaoConsumer/addAutor HTTP/1.1" 200 3864
127.0.0.1 - - [15/Apr/2017:02:48:37 -0300] "POST /PublicacaoProducer/services/PublicacoesWebServicePort HTTP/1.1" 200 541
0:0:0:0:0:0:0:1 - - [15/Apr/2017:02:48:37 -0300] "GET /PublicacaoConsumer/ HTTP/1.1" 200 1771
127.0.0.1 - - [15/Apr/2017:02:48:39 -0300] "POST /PublicacaoProducer/services/PublicacoesWebServicePort HTTP/1.1" 200 541
0:0:0:0:0:0:0:1 - - [15/Apr/2017:02:48:39 -0300] "GET /PublicacaoConsumer/ HTTP/1.1" 200 1771
0:0:0:0:0:0:0:1 - - [15/Apr/2017:02:48:39 -0300] "GET /favicon.ico HTTP/1.1" 404 1081
0:0:0:0:0:0:0:1 - - [15/Apr/2017:02:48:41 -0300] "GET /PublicacaoConsumer/cadastrarAutor HTTP/1.1" 200 3864
127.0.0.1 - - [15/Apr/2017:02:49:20 -0300] "POST /PublicacaoProducer/services/PublicacoesWebServicePort HTTP/1.1" 200 541
0:0:0:0:0:0:0:1 - - [15/Apr/2017:02:49:20 -0300] "GET /PublicacaoConsumer/ HTTP/1.1" 200 1771
127.0.0.1 - - [15/Apr/2017:02:49:21 -0300] "POST /PublicacaoProducer/services/PublicacoesWebServicePort HTTP/1.1" 200 541
0:0:0:0:0:0:0:1 - - [15/Apr/2017:02:49:21 -0300] "GET /PublicacaoConsumer/ HTTP/1.1" 200 1771
0:0:0:0:0:0:0:1 - - [15/Apr/2017:02:49:21 -0300] "GET /favicon.ico HTTP/1.1" 404 1081
0:0:0:0:0:0:0:1 - - [15/Apr/2017:02:49:23 -0300] "GET /PublicacaoConsumer/cadastrarAutor HTTP/1.1" 200 3733
127.0.0.1 - - [15/Apr/2017:02:49:34 -0300] "POST /PublicacaoProducer/services/PublicacoesWebServicePort HTTP/1.1" 200 240
0:0:0:0:0:0:0:1 - - [15/Apr/2017:02:49:34 -0300] "POST /PublicacaoConsumer/addAutor HTTP/1.1" 200 3733
127.0.0.1 - - [15/Apr/2017:02:51:22 -0300] "POST /PublicacaoProducer/services/PublicacoesWebServicePort HTTP/1.1" 200 541
0:0:0:0:0:0:0:1 - - [15/Apr/2017:02:51:22 -0300] "GET /PublicacaoConsumer/ HTTP/1.1" 200 1771
127.0.0.1 - - [15/Apr/2017:02:51:24 -0300] "POST /PublicacaoProducer/services/PublicacoesWebServicePort HTTP/1.1" 200 541
0:0:0:0:0:0:0:1 - - [15/Apr/2017:02:51:24 -0300] "GET /PublicacaoConsumer/ HTTP/1.1" 200 1771
0:0:0:0:0:0:0:1 - - [15/Apr/2017:02:51:24 -0300] "GET /favicon.ico HTTP/1.1" 404 1081
0:0:0:0:0:0:0:1 - - [15/Apr/2017:02:51:26 -0300] "GET /PublicacaoConsumer/cadastrarAutor HTTP/1.1" 200 3714
127.0.0.1 - - [15/Apr/2017:02:51:36 -0300] "POST /PublicacaoProducer/services/PublicacoesWebServicePort HTTP/1.1" 200 240
0:0:0:0:0:0:0:1 - - [15/Apr/2017:02:51:36 -0300] "POST /PublicacaoConsumer/addAutor HTTP/1.1" 200 3714
127.0.0.1 - - [15/Apr/2017:02:52:49 -0300] "POST /PublicacaoProducer/services/PublicacoesWebServicePort HTTP/1.1" 200 541
0:0:0:0:0:0:0:1 - - [15/Apr/2017:02:52:49 -0300] "GET /PublicacaoConsumer/ HTTP/1.1" 200 1771
127.0.0.1 - - [15/Apr/2017:02:52:50 -0300] "POST /PublicacaoProducer/services/PublicacoesWebServicePort HTTP/1.1" 200 541
0:0:0:0:0:0:0:1 - - [15/Apr/2017:02:52:50 -0300] "GET /PublicacaoConsumer/ HTTP/1.1" 200 1771
0:0:0:0:0:0:0:1 - - [15/Apr/2017:02:52:50 -0300] "GET /favicon.ico HTTP/1.1" 404 1081
0:0:0:0:0:0:0:1 - - [15/Apr/2017:02:52:52 -0300] "GET /PublicacaoConsumer/cadastrarAutor HTTP/1.1" 200 3784
127.0.0.1 - - [15/Apr/2017:02:52:58 -0300] "POST /PublicacaoProducer/services/PublicacoesWebServicePort HTTP/1.1" 200 240
0:0:0:0:0:0:0:1 - - [15/Apr/2017:02:52:58 -0300] "POST /PublicacaoConsumer/addAutor HTTP/1.1" 200 3784
127.0.0.1 - - [15/Apr/2017:02:54:32 -0300] "POST /PublicacaoProducer/services/PublicacoesWebServicePort HTTP/1.1" 200 541
0:0:0:0:0:0:0:1 - - [15/Apr/2017:02:54:32 -0300] "GET /PublicacaoConsumer/ HTTP/1.1" 200 1771
127.0.0.1 - - [15/Apr/2017:02:54:33 -0300] "POST /PublicacaoProducer/services/PublicacoesWebServicePort HTTP/1.1" 200 541
0:0:0:0:0:0:0:1 - - [15/Apr/2017:02:54:33 -0300] "GET /PublicacaoConsumer/ HTTP/1.1" 200 1771
0:0:0:0:0:0:0:1 - - [15/Apr/2017:02:54:34 -0300] "GET /favicon.ico HTTP/1.1" 404 1081
0:0:0:0:0:0:0:1 - - [15/Apr/2017:02:54:36 -0300] "GET /PublicacaoConsumer/cadastrarAutor HTTP/1.1" 200 3782
127.0.0.1 - - [15/Apr/2017:02:56:15 -0300] "POST /PublicacaoProducer/services/PublicacoesWebServicePort HTTP/1.1" 200 541
0:0:0:0:0:0:0:1 - - [15/Apr/2017:02:56:15 -0300] "GET /PublicacaoConsumer/ HTTP/1.1" 200 1771
0:0:0:0:0:0:0:1 - - [15/Apr/2017:02:56:20 -0300] "GET /PublicacaoConsumer/cadastrarAutor HTTP/1.1" 200 3786
0:0:0:0:0:0:0:1 - - [15/Apr/2017:03:01:49 -0300] "POST /PublicacaoConsumer/buscaEndereco HTTP/1.1" 200 4163
127.0.0.1 - - [15/Apr/2017:03:02:28 -0300] "POST /PublicacaoProducer/services/PublicacoesWebServicePort HTTP/1.1" 200 541
0:0:0:0:0:0:0:1 - - [15/Apr/2017:03:02:28 -0300] "GET /PublicacaoConsumer/ HTTP/1.1" 200 1771
127.0.0.1 - - [15/Apr/2017:03:02:36 -0300] "POST /PublicacaoProducer/services/PublicacoesWebServicePort HTTP/1.1" 200 241
0:0:0:0:0:0:0:1 - - [15/Apr/2017:03:02:36 -0300] "GET /PublicacaoConsumer/cadastrarPublicacao HTTP/1.1" 200 2681
127.0.0.1 - - [15/Apr/2017:03:02:40 -0300] "POST /PublicacaoProducer/services/PublicacoesWebServicePort HTTP/1.1" 200 541
0:0:0:0:0:0:0:1 - - [15/Apr/2017:03:02:40 -0300] "GET /PublicacaoConsumer/ HTTP/1.1" 200 1771
0:0:0:0:0:0:0:1 - - [15/Apr/2017:03:02:42 -0300] "GET /PublicacaoConsumer/cadastrarAutor HTTP/1.1" 200 3689
127.0.0.1 - - [15/Apr/2017:03:02:57 -0300] "POST /PublicacaoProducer/services/PublicacoesWebServicePort HTTP/1.1" 200 240
0:0:0:0:0:0:0:1 - - [15/Apr/2017:03:02:57 -0300] "POST /PublicacaoConsumer/addAutor HTTP/1.1" 200 3689
127.0.0.1 - - [15/Apr/2017:03:03:21 -0300] "POST /PublicacaoProducer/services/PublicacoesWebServicePort HTTP/1.1" 200 240
0:0:0:0:0:0:0:1 - - [15/Apr/2017:03:03:21 -0300] "POST /PublicacaoConsumer/addAutor HTTP/1.1" 200 3689
127.0.0.1 - - [15/Apr/2017:03:03:34 -0300] "POST /PublicacaoProducer/services/PublicacoesWebServicePort HTTP/1.1" 200 240
0:0:0:0:0:0:0:1 - - [15/Apr/2017:03:03:34 -0300] "POST /PublicacaoConsumer/addAutor HTTP/1.1" 200 3689
127.0.0.1 - - [15/Apr/2017:03:03:58 -0300] "POST /PublicacaoProducer/services/PublicacoesWebServicePort HTTP/1.1" 200 541
0:0:0:0:0:0:0:1 - - [15/Apr/2017:03:03:58 -0300] "GET /PublicacaoConsumer/ HTTP/1.1" 200 1771
0:0:0:0:0:0:0:1 - - [15/Apr/2017:03:04:01 -0300] "GET /PublicacaoConsumer/cadastrarAutor HTTP/1.1" 200 3760
127.0.0.1 - - [15/Apr/2017:03:04:07 -0300] "POST /PublicacaoProducer/services/PublicacoesWebServicePort HTTP/1.1" 200 240
0:0:0:0:0:0:0:1 - - [15/Apr/2017:03:04:07 -0300] "POST /PublicacaoConsumer/addAutor HTTP/1.1" 200 3760
127.0.0.1 - - [15/Apr/2017:03:04:36 -0300] "POST /PublicacaoProducer/services/PublicacoesWebServicePort HTTP/1.1" 200 240
0:0:0:0:0:0:0:1 - - [15/Apr/2017:03:04:36 -0300] "POST /PublicacaoConsumer/addAutor HTTP/1.1" 200 3760
127.0.0.1 - - [15/Apr/2017:03:04:58 -0300] "POST /PublicacaoProducer/services/PublicacoesWebServicePort HTTP/1.1" 200 240
0:0:0:0:0:0:0:1 - - [15/Apr/2017:03:04:58 -0300] "POST /PublicacaoConsumer/addAutor HTTP/1.1" 200 3760
127.0.0.1 - - [15/Apr/2017:03:05:46 -0300] "POST /PublicacaoProducer/services/PublicacoesWebServicePort HTTP/1.1" 200 240
0:0:0:0:0:0:0:1 - - [15/Apr/2017:03:05:46 -0300] "POST /PublicacaoConsumer/addAutor HTTP/1.1" 200 3760
127.0.0.1 - - [15/Apr/2017:03:06:33 -0300] "POST /PublicacaoProducer/services/PublicacoesWebServicePort HTTP/1.1" 200 541
0:0:0:0:0:0:0:1 - - [15/Apr/2017:03:06:33 -0300] "GET /PublicacaoConsumer/ HTTP/1.1" 200 1771
0:0:0:0:0:0:0:1 - - [15/Apr/2017:03:06:38 -0300] "GET /PublicacaoConsumer/cadastrarAutor HTTP/1.1" 200 3729
