127.0.0.1 - - [19/Apr/2017:15:17:59 -0300] "GET / HTTP/1.1" 404 1070
127.0.0.1 - - [19/Apr/2017:15:18:25 -0300] "GET /PublicacaoProducer/services/PublicacoesWebServicePort?wsdl HTTP/1.1" 200 9337
127.0.0.1 - - [19/Apr/2017:15:18:26 -0300] "GET /PublicacaoProducer/services/PublicacoesWebServicePort?xsd=publicacoeswebservice_schema1.xsd HTTP/1.1" 200 5674
127.0.0.1 - - [19/Apr/2017:15:18:27 -0300] "GET /PublicacaoProducer/services/PublicacoesWebServicePort?xsd=publicacoeswebservice_schema1.xsd HTTP/1.1" 200 5674
127.0.0.1 - - [19/Apr/2017:15:18:35 -0300] "POST /PublicacaoProducer/services/PublicacoesWebServicePort HTTP/1.1" 200 241
0:0:0:0:0:0:0:1 - - [19/Apr/2017:15:18:36 -0300] "GET /PublicacaoConsumer/ HTTP/1.1" 200 1771
0:0:0:0:0:0:0:1 - - [19/Apr/2017:15:18:37 -0300] "GET /favicon.ico HTTP/1.1" 404 1081
127.0.0.1 - - [19/Apr/2017:15:18:46 -0300] "POST /PublicacaoProducer/services/PublicacoesWebServicePort HTTP/1.1" 200 241
0:0:0:0:0:0:0:1 - - [19/Apr/2017:15:18:46 -0300] "GET /PublicacaoConsumer/publicacoes HTTP/1.1" 200 2845
127.0.0.1 - - [19/Apr/2017:15:18:49 -0300] "POST /PublicacaoProducer/services/PublicacoesWebServicePort HTTP/1.1" 200 241
0:0:0:0:0:0:0:1 - - [19/Apr/2017:15:18:49 -0300] "GET /PublicacaoConsumer/ HTTP/1.1" 200 1771
127.0.0.1 - - [19/Apr/2017:15:18:51 -0300] "POST /PublicacaoProducer/services/PublicacoesWebServicePort HTTP/1.1" 200 241
0:0:0:0:0:0:0:1 - - [19/Apr/2017:15:18:51 -0300] "GET /PublicacaoConsumer/ HTTP/1.1" 200 1771
0:0:0:0:0:0:0:1 - - [19/Apr/2017:15:19:18 -0300] "GET /PublicacaoConsumer/cadastrarAutor HTTP/1.1" 200 3783
127.0.0.1 - - [19/Apr/2017:15:19:24 -0300] "POST /PublicacaoProducer/services/PublicacoesWebServicePort HTTP/1.1" 200 229
0:0:0:0:0:0:0:1 - - [19/Apr/2017:15:19:24 -0300] "POST /PublicacaoConsumer/addAutor HTTP/1.1" 200 4009
127.0.0.1 - - [19/Apr/2017:15:19:31 -0300] "POST /PublicacaoProducer/services/PublicacoesWebServicePort HTTP/1.1" 200 230
0:0:0:0:0:0:0:1 - - [19/Apr/2017:15:19:31 -0300] "POST /PublicacaoConsumer/addAutor HTTP/1.1" 200 3890
0:0:0:0:0:0:0:1 - - [19/Apr/2017:15:19:50 -0300] "POST /PublicacaoConsumer/addAutor HTTP/1.1" 200 3933
127.0.0.1 - - [19/Apr/2017:15:19:59 -0300] "POST /PublicacaoProducer/services/PublicacoesWebServicePort HTTP/1.1" 200 241
0:0:0:0:0:0:0:1 - - [19/Apr/2017:15:19:59 -0300] "GET /PublicacaoConsumer/ HTTP/1.1" 200 1771
127.0.0.1 - - [19/Apr/2017:15:20:03 -0300] "POST /PublicacaoProducer/services/PublicacoesWebServicePort HTTP/1.1" 200 241
0:0:0:0:0:0:0:1 - - [19/Apr/2017:15:20:03 -0300] "GET /PublicacaoConsumer/cadastrarPublicacao HTTP/1.1" 200 2681
127.0.0.1 - - [19/Apr/2017:15:20:13 -0300] "POST /PublicacaoProducer/services/PublicacoesWebServicePort HTTP/1.1" 200 250
0:0:0:0:0:0:0:1 - - [19/Apr/2017:15:20:13 -0300] "POST /PublicacaoConsumer/addPublicacao HTTP/1.1" 200 2595
127.0.0.1 - - [19/Apr/2017:15:20:18 -0300] "POST /PublicacaoProducer/services/PublicacoesWebServicePort HTTP/1.1" 200 241
0:0:0:0:0:0:0:1 - - [19/Apr/2017:15:20:18 -0300] "GET /PublicacaoConsumer/ HTTP/1.1" 200 1771
127.0.0.1 - - [19/Apr/2017:15:20:22 -0300] "POST /PublicacaoProducer/services/PublicacoesWebServicePort HTTP/1.1" 200 241
0:0:0:0:0:0:0:1 - - [19/Apr/2017:15:20:22 -0300] "GET /PublicacaoConsumer/publicacoes HTTP/1.1" 200 2845
127.0.0.1 - - [19/Apr/2017:15:20:29 -0300] "POST /PublicacaoProducer/services/PublicacoesWebServicePort HTTP/1.1" 200 241
0:0:0:0:0:0:0:1 - - [19/Apr/2017:15:20:29 -0300] "POST /PublicacaoConsumer/publicacoes HTTP/1.1" 200 2845
127.0.0.1 - - [19/Apr/2017:15:20:38 -0300] "POST /PublicacaoProducer/services/PublicacoesWebServicePort HTTP/1.1" 200 241
0:0:0:0:0:0:0:1 - - [19/Apr/2017:15:20:38 -0300] "POST /PublicacaoConsumer/publicacoes HTTP/1.1" 200 2845
127.0.0.1 - - [19/Apr/2017:15:20:41 -0300] "POST /PublicacaoProducer/services/PublicacoesWebServicePort HTTP/1.1" 200 241
0:0:0:0:0:0:0:1 - - [19/Apr/2017:15:20:41 -0300] "GET /PublicacaoConsumer/ HTTP/1.1" 200 1771
127.0.0.1 - - [19/Apr/2017:15:20:45 -0300] "POST /PublicacaoProducer/services/PublicacoesWebServicePort HTTP/1.1" 200 241
0:0:0:0:0:0:0:1 - - [19/Apr/2017:15:20:45 -0300] "GET /PublicacaoConsumer/cadastrarPublicacao HTTP/1.1" 200 2681
127.0.0.1 - - [19/Apr/2017:15:20:52 -0300] "POST /PublicacaoProducer/services/PublicacoesWebServicePort HTTP/1.1" 200 241
0:0:0:0:0:0:0:1 - - [19/Apr/2017:15:20:52 -0300] "GET /PublicacaoConsumer/ HTTP/1.1" 200 1771
127.0.0.1 - - [19/Apr/2017:15:20:55 -0300] "POST /PublicacaoProducer/services/PublicacoesWebServicePort HTTP/1.1" 200 241
0:0:0:0:0:0:0:1 - - [19/Apr/2017:15:20:55 -0300] "GET /PublicacaoConsumer/alterarPublicacao HTTP/1.1" 200 3926
127.0.0.1 - - [19/Apr/2017:15:20:59 -0300] "POST /PublicacaoProducer/services/PublicacoesWebServicePort HTTP/1.1" 200 241
0:0:0:0:0:0:0:1 - - [19/Apr/2017:15:20:59 -0300] "POST /PublicacaoConsumer/alterarPublicacao HTTP/1.1" 200 3926
127.0.0.1 - - [19/Apr/2017:15:21:06 -0300] "POST /PublicacaoProducer/services/PublicacoesWebServicePort HTTP/1.1" 200 241
0:0:0:0:0:0:0:1 - - [19/Apr/2017:15:21:06 -0300] "GET /PublicacaoConsumer/ HTTP/1.1" 200 1771
127.0.0.1 - - [19/Apr/2017:15:21:09 -0300] "POST /PublicacaoProducer/services/PublicacoesWebServicePort HTTP/1.1" 200 241
0:0:0:0:0:0:0:1 - - [19/Apr/2017:15:21:09 -0300] "GET /PublicacaoConsumer/cadastrarPublicacao HTTP/1.1" 200 2681
127.0.0.1 - - [19/Apr/2017:15:21:41 -0300] "POST /PublicacaoProducer/services/PublicacoesWebServicePort HTTP/1.1" 200 250
0:0:0:0:0:0:0:1 - - [19/Apr/2017:15:21:41 -0300] "POST /PublicacaoConsumer/addPublicacao HTTP/1.1" 200 2595
127.0.0.1 - - [19/Apr/2017:15:21:45 -0300] "POST /PublicacaoProducer/services/PublicacoesWebServicePort HTTP/1.1" 200 241
0:0:0:0:0:0:0:1 - - [19/Apr/2017:15:21:45 -0300] "GET /PublicacaoConsumer/ HTTP/1.1" 200 1771
127.0.0.1 - - [19/Apr/2017:20:31:56 -0300] "POST /PublicacaoProducer/services/PublicacoesWebServicePort HTTP/1.1" 200 241
0:0:0:0:0:0:0:1 - - [19/Apr/2017:20:31:56 -0300] "GET /PublicacaoConsumer/ HTTP/1.1" 200 1771
127.0.0.1 - - [19/Apr/2017:20:32:00 -0300] "POST /PublicacaoProducer/services/PublicacoesWebServicePort HTTP/1.1" 200 241
0:0:0:0:0:0:0:1 - - [19/Apr/2017:20:32:00 -0300] "GET /PublicacaoConsumer/publicacoes HTTP/1.1" 200 2845
127.0.0.1 - - [19/Apr/2017:20:32:04 -0300] "POST /PublicacaoProducer/services/PublicacoesWebServicePort HTTP/1.1" 200 241
0:0:0:0:0:0:0:1 - - [19/Apr/2017:20:32:04 -0300] "GET /PublicacaoConsumer/ HTTP/1.1" 200 1771
127.0.0.1 - - [19/Apr/2017:20:32:04 -0300] "POST /PublicacaoProducer/services/PublicacoesWebServicePort HTTP/1.1" 200 241
0:0:0:0:0:0:0:1 - - [19/Apr/2017:20:32:05 -0300] "GET /PublicacaoConsumer/cadastrarPublicacao HTTP/1.1" 200 2681
127.0.0.1 - - [19/Apr/2017:20:32:11 -0300] "POST /PublicacaoProducer/services/PublicacoesWebServicePort HTTP/1.1" 200 250
0:0:0:0:0:0:0:1 - - [19/Apr/2017:20:32:11 -0300] "POST /PublicacaoConsumer/addPublicacao HTTP/1.1" 200 2720
127.0.0.1 - - [19/Apr/2017:20:32:13 -0300] "POST /PublicacaoProducer/services/PublicacoesWebServicePort HTTP/1.1" 200 241
0:0:0:0:0:0:0:1 - - [19/Apr/2017:20:32:13 -0300] "GET /PublicacaoConsumer/ HTTP/1.1" 200 1771
127.0.0.1 - - [19/Apr/2017:20:40:57 -0300] "POST /PublicacaoProducer/services/PublicacoesWebServicePort HTTP/1.1" 200 241
0:0:0:0:0:0:0:1 - - [19/Apr/2017:20:40:57 -0300] "GET /PublicacaoConsumer/cadastrarPublicacao HTTP/1.1" 200 2681
127.0.0.1 - - [19/Apr/2017:20:45:04 -0300] "POST /PublicacaoProducer/services/PublicacoesWebServicePort HTTP/1.1" 200 241
0:0:0:0:0:0:0:1 - - [19/Apr/2017:20:45:04 -0300] "GET /PublicacaoConsumer/ HTTP/1.1" 200 1771
127.0.0.1 - - [19/Apr/2017:20:45:10 -0300] "POST /PublicacaoProducer/services/PublicacoesWebServicePort HTTP/1.1" 200 241
0:0:0:0:0:0:0:1 - - [19/Apr/2017:20:45:10 -0300] "GET /PublicacaoConsumer/cadastrarPublicacao HTTP/1.1" 200 2681
127.0.0.1 - - [19/Apr/2017:20:45:39 -0300] "POST /PublicacaoProducer/services/PublicacoesWebServicePort HTTP/1.1" 200 250
0:0:0:0:0:0:0:1 - - [19/Apr/2017:20:45:39 -0300] "POST /PublicacaoConsumer/addPublicacao HTTP/1.1" 200 2720
127.0.0.1 - - [19/Apr/2017:20:45:50 -0300] "POST /PublicacaoProducer/services/PublicacoesWebServicePort HTTP/1.1" 200 241
0:0:0:0:0:0:0:1 - - [19/Apr/2017:20:45:50 -0300] "GET /PublicacaoConsumer/ HTTP/1.1" 200 1771
127.0.0.1 - - [19/Apr/2017:20:45:51 -0300] "POST /PublicacaoProducer/services/PublicacoesWebServicePort HTTP/1.1" 200 241
0:0:0:0:0:0:0:1 - - [19/Apr/2017:20:45:51 -0300] "GET /PublicacaoConsumer/publicacoes HTTP/1.1" 200 2845
127.0.0.1 - - [19/Apr/2017:20:45:55 -0300] "POST /PublicacaoProducer/services/PublicacoesWebServicePort HTTP/1.1" 200 445
0:0:0:0:0:0:0:1 - - [19/Apr/2017:20:45:55 -0300] "POST /PublicacaoConsumer/publicacoes HTTP/1.1" 200 2935
127.0.0.1 - - [19/Apr/2017:20:47:20 -0300] "POST /PublicacaoProducer/services/PublicacoesWebServicePort HTTP/1.1" 200 241
0:0:0:0:0:0:0:1 - - [19/Apr/2017:20:47:20 -0300] "GET /PublicacaoConsumer/ HTTP/1.1" 200 1771
127.0.0.1 - - [19/Apr/2017:20:47:22 -0300] "POST /PublicacaoProducer/services/PublicacoesWebServicePort HTTP/1.1" 200 241
0:0:0:0:0:0:0:1 - - [19/Apr/2017:20:47:22 -0300] "GET /PublicacaoConsumer/alterarPublicacao HTTP/1.1" 200 3926
127.0.0.1 - - [19/Apr/2017:20:47:25 -0300] "POST /PublicacaoProducer/services/PublicacoesWebServicePort HTTP/1.1" 200 445
0:0:0:0:0:0:0:1 - - [19/Apr/2017:20:47:25 -0300] "POST /PublicacaoConsumer/alterarPublicacao HTTP/1.1" 200 4016
127.0.0.1 - - [19/Apr/2017:20:47:34 -0300] "POST /PublicacaoProducer/services/PublicacoesWebServicePort HTTP/1.1" 200 250
0:0:0:0:0:0:0:1 - - [19/Apr/2017:20:47:34 -0300] "POST /PublicacaoConsumer/alterPublicacao HTTP/1.1" 200 4051
127.0.0.1 - - [19/Apr/2017:20:47:40 -0300] "POST /PublicacaoProducer/services/PublicacoesWebServicePort HTTP/1.1" 200 444
0:0:0:0:0:0:0:1 - - [19/Apr/2017:20:47:40 -0300] "POST /PublicacaoConsumer/alterarPublicacao HTTP/1.1" 200 4015
127.0.0.1 - - [19/Apr/2017:20:47:49 -0300] "POST /PublicacaoProducer/services/PublicacoesWebServicePort HTTP/1.1" 200 241
0:0:0:0:0:0:0:1 - - [19/Apr/2017:20:47:49 -0300] "GET /PublicacaoConsumer/ HTTP/1.1" 200 1771
127.0.0.1 - - [19/Apr/2017:20:47:51 -0300] "POST /PublicacaoProducer/services/PublicacoesWebServicePort HTTP/1.1" 200 241
0:0:0:0:0:0:0:1 - - [19/Apr/2017:20:47:51 -0300] "GET /PublicacaoConsumer/excluirPublicacao HTTP/1.1" 200 3982
127.0.0.1 - - [19/Apr/2017:20:47:54 -0300] "POST /PublicacaoProducer/services/PublicacoesWebServicePort HTTP/1.1" 200 444
0:0:0:0:0:0:0:1 - - [19/Apr/2017:20:47:54 -0300] "POST /PublicacaoConsumer/excluirPublicacao HTTP/1.1" 200 4071
127.0.0.1 - - [19/Apr/2017:20:47:56 -0300] "POST /PublicacaoProducer/services/PublicacoesWebServicePort HTTP/1.1" 200 250
0:0:0:0:0:0:0:1 - - [19/Apr/2017:20:47:56 -0300] "POST /PublicacaoConsumer/excPublicacao HTTP/1.1" 200 4107
127.0.0.1 - - [19/Apr/2017:20:48:04 -0300] "POST /PublicacaoProducer/services/PublicacoesWebServicePort HTTP/1.1" 200 414
0:0:0:0:0:0:0:1 - - [19/Apr/2017:20:48:04 -0300] "POST /PublicacaoConsumer/excluirPublicacao HTTP/1.1" 200 4041
127.0.0.1 - - [19/Apr/2017:20:48:06 -0300] "POST /PublicacaoProducer/services/PublicacoesWebServicePort HTTP/1.1" 200 250
0:0:0:0:0:0:0:1 - - [19/Apr/2017:20:48:06 -0300] "POST /PublicacaoConsumer/excPublicacao HTTP/1.1" 200 4107
127.0.0.1 - - [19/Apr/2017:20:48:15 -0300] "POST /PublicacaoProducer/services/PublicacoesWebServicePort HTTP/1.1" 200 241
0:0:0:0:0:0:0:1 - - [19/Apr/2017:20:48:15 -0300] "GET /PublicacaoConsumer/ HTTP/1.1" 200 1771
0:0:0:0:0:0:0:1 - - [19/Apr/2017:20:48:18 -0300] "GET /PublicacaoConsumer/cadastrarAutor HTTP/1.1" 200 3783
127.0.0.1 - - [19/Apr/2017:20:48:34 -0300] "POST /PublicacaoProducer/services/PublicacoesWebServicePort HTTP/1.1" 200 229
0:0:0:0:0:0:0:1 - - [19/Apr/2017:20:48:34 -0300] "POST /PublicacaoConsumer/addAutor HTTP/1.1" 200 4008
127.0.0.1 - - [19/Apr/2017:20:48:40 -0300] "POST /PublicacaoProducer/services/PublicacoesWebServicePort HTTP/1.1" 200 230
0:0:0:0:0:0:0:1 - - [19/Apr/2017:20:48:40 -0300] "POST /PublicacaoConsumer/addAutor HTTP/1.1" 200 3890
0:0:0:0:0:0:0:1 - - [19/Apr/2017:20:49:12 -0300] "POST /PublicacaoConsumer/addAutor HTTP/1.1" 200 3985
0:0:0:0:0:0:0:1 - - [19/Apr/2017:20:53:15 -0300] "POST /PublicacaoConsumer/addAutor HTTP/1.1" 200 3985
127.0.0.1 - - [19/Apr/2017:20:53:30 -0300] "POST /PublicacaoProducer/services/PublicacoesWebServicePort HTTP/1.1" 200 241
0:0:0:0:0:0:0:1 - - [19/Apr/2017:20:53:30 -0300] "GET /PublicacaoConsumer/ HTTP/1.1" 200 1771
0:0:0:0:0:0:0:1 - - [19/Apr/2017:20:53:31 -0300] "GET /PublicacaoConsumer/cadastrarAutor HTTP/1.1" 200 3783
127.0.0.1 - - [19/Apr/2017:20:53:40 -0300] "POST /PublicacaoProducer/services/PublicacoesWebServicePort HTTP/1.1" 200 229
0:0:0:0:0:0:0:1 - - [19/Apr/2017:20:53:40 -0300] "POST /PublicacaoConsumer/addAutor HTTP/1.1" 200 4008
0:0:0:0:0:0:0:1 - - [19/Apr/2017:20:54:06 -0300] "POST /PublicacaoConsumer/addAutor HTTP/1.1" 200 3964
127.0.0.1 - - [19/Apr/2017:20:54:08 -0300] "POST /PublicacaoProducer/services/PublicacoesWebServicePort HTTP/1.1" 200 240
0:0:0:0:0:0:0:1 - - [19/Apr/2017:20:54:08 -0300] "POST /PublicacaoConsumer/addAutor HTTP/1.1" 200 3903
127.0.0.1 - - [19/Apr/2017:20:54:12 -0300] "POST /PublicacaoProducer/services/PublicacoesWebServicePort HTTP/1.1" 200 241
0:0:0:0:0:0:0:1 - - [19/Apr/2017:20:54:12 -0300] "GET /PublicacaoConsumer/ HTTP/1.1" 200 1771
0:0:0:0:0:0:0:1 - - [19/Apr/2017:20:54:16 -0300] "GET /PublicacaoConsumer/autores HTTP/1.1" 200 2996
127.0.0.1 - - [19/Apr/2017:20:54:19 -0300] "POST /PublicacaoProducer/services/PublicacoesWebServicePort HTTP/1.1" 200 487
0:0:0:0:0:0:0:1 - - [19/Apr/2017:20:54:19 -0300] "POST /PublicacaoConsumer/consultarAutores HTTP/1.1" 200 3055
127.0.0.1 - - [19/Apr/2017:20:55:22 -0300] "POST /PublicacaoProducer/services/PublicacoesWebServicePort HTTP/1.1" 200 241
0:0:0:0:0:0:0:1 - - [19/Apr/2017:20:55:22 -0300] "GET /PublicacaoConsumer/ HTTP/1.1" 200 1771
0:0:0:0:0:0:0:1 - - [19/Apr/2017:20:55:23 -0300] "GET /PublicacaoConsumer/alterarAutor HTTP/1.1" 200 4506
127.0.0.1 - - [19/Apr/2017:20:55:26 -0300] "POST /PublicacaoProducer/services/PublicacoesWebServicePort HTTP/1.1" 200 487
0:0:0:0:0:0:0:1 - - [19/Apr/2017:20:55:26 -0300] "POST /PublicacaoConsumer/consultarAlterarAutores HTTP/1.1" 200 4809
127.0.0.1 - - [19/Apr/2017:20:55:32 -0300] "POST /PublicacaoProducer/services/PublicacoesWebServicePort HTTP/1.1" 200 240
0:0:0:0:0:0:0:1 - - [19/Apr/2017:20:55:32 -0300] "POST /PublicacaoConsumer/alterAutor HTTP/1.1" 200 4626
127.0.0.1 - - [19/Apr/2017:20:55:36 -0300] "POST /PublicacaoProducer/services/PublicacoesWebServicePort HTTP/1.1" 200 491
0:0:0:0:0:0:0:1 - - [19/Apr/2017:20:55:36 -0300] "POST /PublicacaoConsumer/consultarAlterarAutores HTTP/1.1" 200 4813
127.0.0.1 - - [19/Apr/2017:20:56:11 -0300] "POST /PublicacaoProducer/services/PublicacoesWebServicePort HTTP/1.1" 200 241
0:0:0:0:0:0:0:1 - - [19/Apr/2017:20:56:11 -0300] "GET /PublicacaoConsumer/ HTTP/1.1" 200 1771
0:0:0:0:0:0:0:1 - - [19/Apr/2017:20:56:12 -0300] "GET /PublicacaoConsumer/excluirAutor HTTP/1.1" 200 4512
127.0.0.1 - - [19/Apr/2017:20:56:16 -0300] "POST /PublicacaoProducer/services/PublicacoesWebServicePort HTTP/1.1" 200 491
0:0:0:0:0:0:0:1 - - [19/Apr/2017:20:56:16 -0300] "POST /PublicacaoConsumer/consultarExcluirAutores HTTP/1.1" 200 4821
127.0.0.1 - - [19/Apr/2017:20:56:30 -0300] "POST /PublicacaoProducer/services/PublicacoesWebServicePort HTTP/1.1" 200 240
0:0:0:0:0:0:0:1 - - [19/Apr/2017:20:56:30 -0300] "POST /PublicacaoConsumer/excluirAutor HTTP/1.1" 200 4632
127.0.0.1 - - [19/Apr/2017:20:56:43 -0300] "POST /PublicacaoProducer/services/PublicacoesWebServicePort HTTP/1.1" 200 498
0:0:0:0:0:0:0:1 - - [19/Apr/2017:20:56:43 -0300] "POST /PublicacaoConsumer/consultarExcluirAutores HTTP/1.1" 200 4848
127.0.0.1 - - [19/Apr/2017:20:56:44 -0300] "POST /PublicacaoProducer/services/PublicacoesWebServicePort HTTP/1.1" 200 240
0:0:0:0:0:0:0:1 - - [19/Apr/2017:20:56:44 -0300] "POST /PublicacaoConsumer/excluirAutor HTTP/1.1" 200 4632
127.0.0.1 - - [19/Apr/2017:20:56:47 -0300] "POST /PublicacaoProducer/services/PublicacoesWebServicePort HTTP/1.1" 200 248
0:0:0:0:0:0:0:1 - - [19/Apr/2017:20:56:47 -0300] "POST /PublicacaoConsumer/consultarExcluirAutores HTTP/1.1" 200 4732
127.0.0.1 - - [19/Apr/2017:20:56:51 -0300] "POST /PublicacaoProducer/services/PublicacoesWebServicePort HTTP/1.1" 200 241
0:0:0:0:0:0:0:1 - - [19/Apr/2017:20:56:51 -0300] "GET /PublicacaoConsumer/ HTTP/1.1" 200 1771
