127.0.0.1 - - [15/Apr/2017:03:07:27 -0300] "POST /PublicacaoProducer/services/PublicacoesWebServicePort HTTP/1.1" 200 240
0:0:0:0:0:0:0:1 - - [15/Apr/2017:03:07:27 -0300] "POST /PublicacaoConsumer/addAutor HTTP/1.1" 200 3729
127.0.0.1 - - [15/Apr/2017:03:08:37 -0300] "POST /PublicacaoProducer/services/PublicacoesWebServicePort HTTP/1.1" 200 541
0:0:0:0:0:0:0:1 - - [15/Apr/2017:03:08:37 -0300] "GET /PublicacaoConsumer/ HTTP/1.1" 200 1771
0:0:0:0:0:0:0:1 - - [15/Apr/2017:03:08:41 -0300] "GET /PublicacaoConsumer/cadastrarAutor HTTP/1.1" 200 3609
127.0.0.1 - - [15/Apr/2017:03:08:50 -0300] "POST /PublicacaoProducer/services/PublicacoesWebServicePort HTTP/1.1" 200 240
0:0:0:0:0:0:0:1 - - [15/Apr/2017:03:08:50 -0300] "POST /PublicacaoConsumer/addAutor HTTP/1.1" 200 3609
127.0.0.1 - - [15/Apr/2017:03:08:59 -0300] "POST /PublicacaoProducer/services/PublicacoesWebServicePort HTTP/1.1" 200 541
0:0:0:0:0:0:0:1 - - [15/Apr/2017:03:08:59 -0300] "GET /PublicacaoConsumer/ HTTP/1.1" 200 1771
127.0.0.1 - - [15/Apr/2017:03:09:03 -0300] "POST /PublicacaoProducer/services/PublicacoesWebServicePort HTTP/1.1" 200 541
0:0:0:0:0:0:0:1 - - [15/Apr/2017:03:09:03 -0300] "GET /PublicacaoConsumer/ HTTP/1.1" 200 1771
127.0.0.1 - - [15/Apr/2017:03:09:10 -0300] "POST /PublicacaoProducer/services/PublicacoesWebServicePort HTTP/1.1" 200 241
0:0:0:0:0:0:0:1 - - [15/Apr/2017:03:09:10 -0300] "GET /PublicacaoConsumer/cadastrarPublicacao HTTP/1.1" 200 2681
127.0.0.1 - - [15/Apr/2017:03:09:14 -0300] "POST /PublicacaoProducer/services/PublicacoesWebServicePort HTTP/1.1" 200 541
0:0:0:0:0:0:0:1 - - [15/Apr/2017:03:09:14 -0300] "GET /PublicacaoConsumer/ HTTP/1.1" 200 1771
0:0:0:0:0:0:0:1 - - [15/Apr/2017:03:09:17 -0300] "GET /PublicacaoConsumer/cadastrarAutor HTTP/1.1" 200 3609
127.0.0.1 - - [15/Apr/2017:03:09:27 -0300] "POST /PublicacaoProducer/services/PublicacoesWebServicePort HTTP/1.1" 200 240
0:0:0:0:0:0:0:1 - - [15/Apr/2017:03:09:27 -0300] "POST /PublicacaoConsumer/addAutor HTTP/1.1" 200 3609
127.0.0.1 - - [15/Apr/2017:03:09:43 -0300] "POST /PublicacaoProducer/services/PublicacoesWebServicePort HTTP/1.1" 200 240
0:0:0:0:0:0:0:1 - - [15/Apr/2017:03:09:43 -0300] "POST /PublicacaoConsumer/addAutor HTTP/1.1" 200 3609
127.0.0.1 - - [15/Apr/2017:03:10:15 -0300] "POST /PublicacaoProducer/services/PublicacoesWebServicePort HTTP/1.1" 200 240
0:0:0:0:0:0:0:1 - - [15/Apr/2017:03:10:15 -0300] "POST /PublicacaoConsumer/addAutor HTTP/1.1" 200 3510
127.0.0.1 - - [15/Apr/2017:03:11:38 -0300] "POST /PublicacaoProducer/services/PublicacoesWebServicePort HTTP/1.1" 200 541
0:0:0:0:0:0:0:1 - - [15/Apr/2017:03:11:38 -0300] "GET /PublicacaoConsumer/ HTTP/1.1" 200 1771
0:0:0:0:0:0:0:1 - - [15/Apr/2017:03:11:42 -0300] "GET /PublicacaoConsumer/cadastrarAutor HTTP/1.1" 200 3639
0:0:0:0:0:0:0:1 - - [15/Apr/2017:03:12:51 -0300] "GET /PublicacaoConsumer/cadastrarAutor HTTP/1.1" 200 3585
127.0.0.1 - - [15/Apr/2017:03:15:05 -0300] "POST /PublicacaoProducer/services/PublicacoesWebServicePort HTTP/1.1" 200 541
0:0:0:0:0:0:0:1 - - [15/Apr/2017:03:15:05 -0300] "GET /PublicacaoConsumer/ HTTP/1.1" 200 1771
0:0:0:0:0:0:0:1 - - [15/Apr/2017:03:15:10 -0300] "GET /PublicacaoConsumer/cadastrarAutor HTTP/1.1" 200 3826
0:0:0:0:0:0:0:1 - - [15/Apr/2017:03:15:29 -0300] "POST /PublicacaoConsumer/buscaEndereco HTTP/1.1" 500 3078
0:0:0:0:0:0:0:1 - - [15/Apr/2017:03:17:45 -0300] "GET /PublicacaoConsumer/cadastrarAutor HTTP/1.1" 200 3939
0:0:0:0:0:0:0:1 - - [15/Apr/2017:03:17:49 -0300] "POST /PublicacaoConsumer/addAutor HTTP/1.1" 500 4496
127.0.0.1 - - [15/Apr/2017:03:18:07 -0300] "POST /PublicacaoProducer/services/PublicacoesWebServicePort HTTP/1.1" 200 541
0:0:0:0:0:0:0:1 - - [15/Apr/2017:03:18:07 -0300] "GET /PublicacaoConsumer/ HTTP/1.1" 200 1771
0:0:0:0:0:0:0:1 - - [15/Apr/2017:03:18:11 -0300] "GET /PublicacaoConsumer/cadastrarAutor HTTP/1.1" 200 3939
0:0:0:0:0:0:0:1 - - [15/Apr/2017:03:18:20 -0300] "POST /PublicacaoConsumer/addAutor HTTP/1.1" 500 4528
0:0:0:0:0:0:0:1 - - [15/Apr/2017:03:18:31 -0300] "POST /PublicacaoConsumer/addAutor HTTP/1.1" 500 4528
0:0:0:0:0:0:0:1 - - [15/Apr/2017:03:18:42 -0300] "POST /PublicacaoConsumer/addAutor HTTP/1.1" 500 4528
127.0.0.1 - - [15/Apr/2017:03:19:44 -0300] "POST /PublicacaoProducer/services/PublicacoesWebServicePort HTTP/1.1" 200 541
0:0:0:0:0:0:0:1 - - [15/Apr/2017:03:19:44 -0300] "GET /PublicacaoConsumer/ HTTP/1.1" 200 1771
0:0:0:0:0:0:0:1 - - [15/Apr/2017:03:19:50 -0300] "GET /PublicacaoConsumer/cadastrarAutor HTTP/1.1" 200 3715
0:0:0:0:0:0:0:1 - - [15/Apr/2017:03:19:54 -0300] "POST /PublicacaoConsumer/addAutor HTTP/1.1" 500 4496
127.0.0.1 - - [15/Apr/2017:03:21:48 -0300] "POST /PublicacaoProducer/services/PublicacoesWebServicePort HTTP/1.1" 200 541
0:0:0:0:0:0:0:1 - - [15/Apr/2017:03:21:48 -0300] "GET /PublicacaoConsumer/ HTTP/1.1" 200 1771
0:0:0:0:0:0:0:1 - - [15/Apr/2017:03:21:51 -0300] "GET /PublicacaoConsumer/cadastrarAutor HTTP/1.1" 200 3487
127.0.0.1 - - [15/Apr/2017:03:22:09 -0300] "POST /PublicacaoProducer/services/PublicacoesWebServicePort HTTP/1.1" 200 240
0:0:0:0:0:0:0:1 - - [15/Apr/2017:03:22:09 -0300] "POST /PublicacaoConsumer/addAutor HTTP/1.1" 200 3487
127.0.0.1 - - [15/Apr/2017:03:22:23 -0300] "POST /PublicacaoProducer/services/PublicacoesWebServicePort HTTP/1.1" 200 240
0:0:0:0:0:0:0:1 - - [15/Apr/2017:03:22:23 -0300] "POST /PublicacaoConsumer/addAutor HTTP/1.1" 200 3487
127.0.0.1 - - [15/Apr/2017:03:22:48 -0300] "POST /PublicacaoProducer/services/PublicacoesWebServicePort HTTP/1.1" 200 541
0:0:0:0:0:0:0:1 - - [15/Apr/2017:03:22:48 -0300] "GET /PublicacaoConsumer/ HTTP/1.1" 200 1771
127.0.0.1 - - [15/Apr/2017:03:22:49 -0300] "POST /PublicacaoProducer/services/PublicacoesWebServicePort HTTP/1.1" 200 541
0:0:0:0:0:0:0:1 - - [15/Apr/2017:03:22:49 -0300] "GET /PublicacaoConsumer/ HTTP/1.1" 200 1771
0:0:0:0:0:0:0:1 - - [15/Apr/2017:03:22:50 -0300] "GET /favicon.ico HTTP/1.1" 404 1081
0:0:0:0:0:0:0:1 - - [15/Apr/2017:03:22:52 -0300] "GET /PublicacaoConsumer/cadastrarAutor HTTP/1.1" 200 3486
127.0.0.1 - - [15/Apr/2017:03:23:11 -0300] "POST /PublicacaoProducer/services/PublicacoesWebServicePort HTTP/1.1" 200 240
0:0:0:0:0:0:0:1 - - [15/Apr/2017:03:23:11 -0300] "POST /PublicacaoConsumer/addAutor HTTP/1.1" 200 3486
127.0.0.1 - - [15/Apr/2017:03:27:02 -0300] "GET / HTTP/1.1" 404 1070
127.0.0.1 - - [15/Apr/2017:03:27:19 -0300] "GET /PublicacaoProducer/services/PublicacoesWebServicePort?wsdl HTTP/1.1" 200 8414
127.0.0.1 - - [15/Apr/2017:03:27:20 -0300] "GET /PublicacaoProducer/services/PublicacoesWebServicePort?xsd=publicacoeswebservice_schema1.xsd HTTP/1.1" 200 5312
127.0.0.1 - - [15/Apr/2017:03:27:21 -0300] "GET /PublicacaoProducer/services/PublicacoesWebServicePort?xsd=publicacoeswebservice_schema1.xsd HTTP/1.1" 200 5312
127.0.0.1 - - [15/Apr/2017:03:27:27 -0300] "POST /PublicacaoProducer/services/PublicacoesWebServicePort HTTP/1.1" 200 541
0:0:0:0:0:0:0:1 - - [15/Apr/2017:03:27:27 -0300] "GET /PublicacaoConsumer/ HTTP/1.1" 200 1771
0:0:0:0:0:0:0:1 - - [15/Apr/2017:03:27:32 -0300] "GET /PublicacaoConsumer/cadastrarAutor HTTP/1.1" 200 3486
0:0:0:0:0:0:0:1 - - [15/Apr/2017:03:27:57 -0300] "POST /PublicacaoConsumer/addAutor HTTP/1.1" 200 3759
127.0.0.1 - - [15/Apr/2017:03:28:28 -0300] "POST /PublicacaoProducer/services/PublicacoesWebServicePort HTTP/1.1" 200 240
0:0:0:0:0:0:0:1 - - [15/Apr/2017:03:28:29 -0300] "POST /PublicacaoConsumer/addAutor HTTP/1.1" 200 3486
127.0.0.1 - - [15/Apr/2017:03:28:44 -0300] "POST /PublicacaoProducer/services/PublicacoesWebServicePort HTTP/1.1" 200 240
0:0:0:0:0:0:0:1 - - [15/Apr/2017:03:28:44 -0300] "POST /PublicacaoConsumer/addAutor HTTP/1.1" 200 3486
127.0.0.1 - - [15/Apr/2017:03:30:38 -0300] "POST /PublicacaoProducer/services/PublicacoesWebServicePort HTTP/1.1" 200 240
0:0:0:0:0:0:0:1 - - [15/Apr/2017:03:30:39 -0300] "POST /PublicacaoConsumer/addAutor HTTP/1.1" 200 3486
127.0.0.1 - - [15/Apr/2017:03:31:01 -0300] "POST /PublicacaoProducer/services/PublicacoesWebServicePort HTTP/1.1" 200 541
0:0:0:0:0:0:0:1 - - [15/Apr/2017:03:31:02 -0300] "GET /PublicacaoConsumer/ HTTP/1.1" 200 1771
0:0:0:0:0:0:0:1 - - [15/Apr/2017:03:31:05 -0300] "GET /PublicacaoConsumer/cadastrarAutor HTTP/1.1" 200 3485
127.0.0.1 - - [15/Apr/2017:03:31:25 -0300] "POST /PublicacaoProducer/services/PublicacoesWebServicePort HTTP/1.1" 200 240
0:0:0:0:0:0:0:1 - - [15/Apr/2017:03:31:25 -0300] "POST /PublicacaoConsumer/addAutor HTTP/1.1" 200 3485
127.0.0.1 - - [15/Apr/2017:03:31:33 -0300] "POST /PublicacaoProducer/services/PublicacoesWebServicePort HTTP/1.1" 200 240
0:0:0:0:0:0:0:1 - - [15/Apr/2017:03:31:34 -0300] "POST /PublicacaoConsumer/addAutor HTTP/1.1" 200 3485
0:0:0:0:0:0:0:1 - - [15/Apr/2017:03:31:55 -0300] "POST /PublicacaoConsumer/addAutor HTTP/1.1" 500 3151
127.0.0.1 - - [15/Apr/2017:03:32:27 -0300] "POST /PublicacaoProducer/services/PublicacoesWebServicePort HTTP/1.1" 200 541
0:0:0:0:0:0:0:1 - - [15/Apr/2017:03:32:27 -0300] "GET /PublicacaoConsumer/ HTTP/1.1" 200 1771
127.0.0.1 - - [15/Apr/2017:03:32:28 -0300] "POST /PublicacaoProducer/services/PublicacoesWebServicePort HTTP/1.1" 200 541
0:0:0:0:0:0:0:1 - - [15/Apr/2017:03:32:28 -0300] "GET /PublicacaoConsumer/ HTTP/1.1" 200 1771
0:0:0:0:0:0:0:1 - - [15/Apr/2017:03:32:29 -0300] "GET /favicon.ico HTTP/1.1" 404 1081
0:0:0:0:0:0:0:1 - - [15/Apr/2017:03:32:34 -0300] "GET /PublicacaoConsumer/cadastrarAutor HTTP/1.1" 200 3504
0:0:0:0:0:0:0:1 - - [15/Apr/2017:03:32:41 -0300] "POST /PublicacaoConsumer/addAutor HTTP/1.1" 200 3777
0:0:0:0:0:0:0:1 - - [15/Apr/2017:03:32:48 -0300] "POST /PublicacaoConsumer/addAutor HTTP/1.1" 200 3795
0:0:0:0:0:0:0:1 - - [15/Apr/2017:03:33:05 -0300] "POST /PublicacaoConsumer/addAutor HTTP/1.1" 200 3795
0:0:0:0:0:0:0:1 - - [15/Apr/2017:03:34:05 -0300] "POST /PublicacaoConsumer/addAutor HTTP/1.1" 200 3801
127.0.0.1 - - [15/Apr/2017:03:34:09 -0300] "POST /PublicacaoProducer/services/PublicacoesWebServicePort HTTP/1.1" 200 240
0:0:0:0:0:0:0:1 - - [15/Apr/2017:03:34:09 -0300] "POST /PublicacaoConsumer/addAutor HTTP/1.1" 200 3504
127.0.0.1 - - [15/Apr/2017:03:34:35 -0300] "POST /PublicacaoProducer/services/PublicacoesWebServicePort HTTP/1.1" 200 541
0:0:0:0:0:0:0:1 - - [15/Apr/2017:03:34:35 -0300] "GET /PublicacaoConsumer/ HTTP/1.1" 200 1771
0:0:0:0:0:0:0:1 - - [15/Apr/2017:03:34:38 -0300] "GET /PublicacaoConsumer/cadastrarAutor HTTP/1.1" 200 3504
0:0:0:0:0:0:0:1 - - [15/Apr/2017:03:35:00 -0300] "POST /PublicacaoConsumer/addAutor HTTP/1.1" 200 3823
127.0.0.1 - - [15/Apr/2017:03:35:02 -0300] "POST /PublicacaoProducer/services/PublicacoesWebServicePort HTTP/1.1" 200 240
0:0:0:0:0:0:0:1 - - [15/Apr/2017:03:35:02 -0300] "POST /PublicacaoConsumer/addAutor HTTP/1.1" 200 3504
127.0.0.1 - - [15/Apr/2017:03:35:06 -0300] "POST /PublicacaoProducer/services/PublicacoesWebServicePort HTTP/1.1" 200 541
0:0:0:0:0:0:0:1 - - [15/Apr/2017:03:35:06 -0300] "GET /PublicacaoConsumer/ HTTP/1.1" 200 1771
0:0:0:0:0:0:0:1 - - [15/Apr/2017:03:35:09 -0300] "GET /PublicacaoConsumer/autores HTTP/1.1" 200 2997
127.0.0.1 - - [15/Apr/2017:03:35:12 -0300] "POST /PublicacaoProducer/services/PublicacoesWebServicePort HTTP/1.1" 200 527
0:0:0:0:0:0:0:1 - - [15/Apr/2017:03:35:12 -0300] "POST /PublicacaoConsumer/consultarAutores HTTP/1.1" 200 3094
127.0.0.1 - - [15/Apr/2017:03:35:17 -0300] "POST /PublicacaoProducer/services/PublicacoesWebServicePort HTTP/1.1" 200 541
0:0:0:0:0:0:0:1 - - [15/Apr/2017:03:35:17 -0300] "GET /PublicacaoConsumer/ HTTP/1.1" 200 1771
0:0:0:0:0:0:0:1 - - [15/Apr/2017:03:35:19 -0300] "GET /PublicacaoConsumer/alterarAutor HTTP/1.1" 200 4496
127.0.0.1 - - [15/Apr/2017:03:35:22 -0300] "POST /PublicacaoProducer/services/PublicacoesWebServicePort HTTP/1.1" 200 527
0:0:0:0:0:0:0:1 - - [15/Apr/2017:03:35:22 -0300] "POST /PublicacaoConsumer/consultarAlterarAutores HTTP/1.1" 200 5031
127.0.0.1 - - [15/Apr/2017:03:35:30 -0300] "POST /PublicacaoProducer/services/PublicacoesWebServicePort HTTP/1.1" 200 240
0:0:0:0:0:0:0:1 - - [15/Apr/2017:03:35:30 -0300] "POST /PublicacaoConsumer/alterAutor HTTP/1.1" 200 4496
127.0.0.1 - - [15/Apr/2017:03:35:34 -0300] "POST /PublicacaoProducer/services/PublicacoesWebServicePort HTTP/1.1" 200 538
0:0:0:0:0:0:0:1 - - [15/Apr/2017:03:35:34 -0300] "POST /PublicacaoConsumer/consultarAlterarAutores HTTP/1.1" 200 5064
127.0.0.1 - - [15/Apr/2017:03:35:38 -0300] "POST /PublicacaoProducer/services/PublicacoesWebServicePort HTTP/1.1" 200 541
0:0:0:0:0:0:0:1 - - [15/Apr/2017:03:35:38 -0300] "GET /PublicacaoConsumer/ HTTP/1.1" 200 1771
0:0:0:0:0:0:0:1 - - [15/Apr/2017:03:35:39 -0300] "GET /PublicacaoConsumer/excluirAutor HTTP/1.1" 200 4502
127.0.0.1 - - [15/Apr/2017:03:35:43 -0300] "POST /PublicacaoProducer/services/PublicacoesWebServicePort HTTP/1.1" 200 538
0:0:0:0:0:0:0:1 - - [15/Apr/2017:03:35:43 -0300] "POST /PublicacaoConsumer/consultarExcluirAutores HTTP/1.1" 200 5070
127.0.0.1 - - [15/Apr/2017:03:35:45 -0300] "POST /PublicacaoProducer/services/PublicacoesWebServicePort HTTP/1.1" 200 240
0:0:0:0:0:0:0:1 - - [15/Apr/2017:03:35:45 -0300] "POST /PublicacaoConsumer/excluirAutor HTTP/1.1" 200 4502
127.0.0.1 - - [15/Apr/2017:03:35:48 -0300] "POST /PublicacaoProducer/services/PublicacoesWebServicePort HTTP/1.1" 200 248
0:0:0:0:0:0:0:1 - - [15/Apr/2017:03:35:48 -0300] "POST /PublicacaoConsumer/consultarExcluirAutores HTTP/1.1" 200 4816
127.0.0.1 - - [15/Apr/2017:03:35:59 -0300] "POST /PublicacaoProducer/services/PublicacoesWebServicePort HTTP/1.1" 200 541
0:0:0:0:0:0:0:1 - - [15/Apr/2017:03:35:59 -0300] "GET /PublicacaoConsumer/ HTTP/1.1" 200 1771
127.0.0.1 - - [15/Apr/2017:10:14:08 -0300] "POST /PublicacaoProducer/services/PublicacoesWebServicePort HTTP/1.1" 200 541
0:0:0:0:0:0:0:1 - - [15/Apr/2017:10:14:08 -0300] "GET /PublicacaoConsumer/ HTTP/1.1" 200 1771
0:0:0:0:0:0:0:1 - - [15/Apr/2017:10:14:11 -0300] "GET /favicon.ico HTTP/1.1" 404 1081
0:0:0:0:0:0:0:1 - - [15/Apr/2017:10:14:12 -0300] "GET /PublicacaoConsumer/autores HTTP/1.1" 200 2997
127.0.0.1 - - [15/Apr/2017:10:14:17 -0300] "POST /PublicacaoProducer/services/PublicacoesWebServicePort HTTP/1.1" 200 248
0:0:0:0:0:0:0:1 - - [15/Apr/2017:10:14:17 -0300] "POST /PublicacaoConsumer/consultarAutores HTTP/1.1" 200 2997
127.0.0.1 - - [15/Apr/2017:10:14:21 -0300] "POST /PublicacaoProducer/services/PublicacoesWebServicePort HTTP/1.1" 200 248
0:0:0:0:0:0:0:1 - - [15/Apr/2017:10:14:21 -0300] "POST /PublicacaoConsumer/consultarAutores HTTP/1.1" 200 2997
127.0.0.1 - - [15/Apr/2017:10:14:23 -0300] "POST /PublicacaoProducer/services/PublicacoesWebServicePort HTTP/1.1" 200 248
0:0:0:0:0:0:0:1 - - [15/Apr/2017:10:14:23 -0300] "POST /PublicacaoConsumer/consultarAutores HTTP/1.1" 200 2997
127.0.0.1 - - [15/Apr/2017:10:14:25 -0300] "POST /PublicacaoProducer/services/PublicacoesWebServicePort HTTP/1.1" 200 541
0:0:0:0:0:0:0:1 - - [15/Apr/2017:10:14:25 -0300] "GET /PublicacaoConsumer/ HTTP/1.1" 200 1771
127.0.0.1 - - [15/Apr/2017:10:15:19 -0300] "POST /PublicacaoProducer/services/PublicacoesWebServicePort HTTP/1.1" 200 241
0:0:0:0:0:0:0:1 - - [15/Apr/2017:10:15:19 -0300] "GET /PublicacaoConsumer/cadastrarPublicacao HTTP/1.1" 200 2681
127.0.0.1 - - [15/Apr/2017:10:16:14 -0300] "POST /PublicacaoProducer/services/PublicacoesWebServicePort HTTP/1.1" 200 241
0:0:0:0:0:0:0:1 - - [15/Apr/2017:10:16:15 -0300] "GET /PublicacaoConsumer/cadastrarPublicacao HTTP/1.1" 200 2806
0:0:0:0:0:0:0:1 - - [15/Apr/2017:10:16:17 -0300] "GET /favicon.ico HTTP/1.1" 404 1081
127.0.0.1 - - [15/Apr/2017:10:16:53 -0300] "POST /PublicacaoProducer/services/PublicacoesWebServicePort HTTP/1.1" 200 241
0:0:0:0:0:0:0:1 - - [15/Apr/2017:10:16:54 -0300] "GET /PublicacaoConsumer/cadastrarPublicacao HTTP/1.1" 200 2853
0:0:0:0:0:0:0:1 - - [15/Apr/2017:10:16:54 -0300] "GET /favicon.ico HTTP/1.1" 404 1081
127.0.0.1 - - [15/Apr/2017:10:31:27 -0300] "POST /PublicacaoProducer/services/PublicacoesWebServicePort HTTP/1.1" 200 241
0:0:0:0:0:0:0:1 - - [15/Apr/2017:10:31:28 -0300] "GET /PublicacaoConsumer/cadastrarPublicacao HTTP/1.1" 500 3912
0:0:0:0:0:0:0:1 - - [15/Apr/2017:10:31:28 -0300] "GET /favicon.ico HTTP/1.1" 404 1081
127.0.0.1 - - [15/Apr/2017:10:32:12 -0300] "GET /PublicacaoProducer/services/PublicacoesWebServicePort?wsdl HTTP/1.1" 200 8414
127.0.0.1 - - [15/Apr/2017:10:32:13 -0300] "GET /PublicacaoProducer/services/PublicacoesWebServicePort?xsd=publicacoeswebservice_schema1.xsd HTTP/1.1" 200 5312
127.0.0.1 - - [15/Apr/2017:10:32:14 -0300] "GET /PublicacaoProducer/services/PublicacoesWebServicePort?xsd=publicacoeswebservice_schema1.xsd HTTP/1.1" 200 5312
127.0.0.1 - - [15/Apr/2017:10:32:19 -0300] "POST /PublicacaoProducer/services/PublicacoesWebServicePort HTTP/1.1" 200 541
0:0:0:0:0:0:0:1 - - [15/Apr/2017:10:32:20 -0300] "GET /PublicacaoConsumer/ HTTP/1.1" 200 1771
127.0.0.1 - - [15/Apr/2017:10:32:22 -0300] "POST /PublicacaoProducer/services/PublicacoesWebServicePort HTTP/1.1" 200 241
0:0:0:0:0:0:0:1 - - [15/Apr/2017:10:32:22 -0300] "GET /PublicacaoConsumer/publicacoes HTTP/1.1" 200 2845
127.0.0.1 - - [15/Apr/2017:10:32:24 -0300] "POST /PublicacaoProducer/services/PublicacoesWebServicePort HTTP/1.1" 200 541
0:0:0:0:0:0:0:1 - - [15/Apr/2017:10:32:24 -0300] "GET /PublicacaoConsumer/ HTTP/1.1" 200 1771
127.0.0.1 - - [15/Apr/2017:10:32:24 -0300] "POST /PublicacaoProducer/services/PublicacoesWebServicePort HTTP/1.1" 200 241
0:0:0:0:0:0:0:1 - - [15/Apr/2017:10:32:26 -0300] "GET /PublicacaoConsumer/cadastrarPublicacao HTTP/1.1" 200 2681
127.0.0.1 - - [15/Apr/2017:10:32:40 -0300] "POST /PublicacaoProducer/services/PublicacoesWebServicePort HTTP/1.1" 200 250
0:0:0:0:0:0:0:1 - - [15/Apr/2017:10:32:40 -0300] "POST /PublicacaoConsumer/addPublicacao HTTP/1.1" 200 2595
127.0.0.1 - - [15/Apr/2017:10:33:14 -0300] "POST /PublicacaoProducer/services/PublicacoesWebServicePort HTTP/1.1" 200 250
0:0:0:0:0:0:0:1 - - [15/Apr/2017:10:33:15 -0300] "POST /PublicacaoConsumer/addPublicacao HTTP/1.1" 200 2600
0:0:0:0:0:0:0:1 - - [15/Apr/2017:10:33:15 -0300] "GET /favicon.ico HTTP/1.1" 404 1081
127.0.0.1 - - [15/Apr/2017:10:33:21 -0300] "POST /PublicacaoProducer/services/PublicacoesWebServicePort HTTP/1.1" 200 403
0:0:0:0:0:0:0:1 - - [15/Apr/2017:10:33:21 -0300] "GET /PublicacaoConsumer/ HTTP/1.1" 200 1771
127.0.0.1 - - [15/Apr/2017:10:33:24 -0300] "POST /PublicacaoProducer/services/PublicacoesWebServicePort HTTP/1.1" 200 241
0:0:0:0:0:0:0:1 - - [15/Apr/2017:10:33:24 -0300] "GET /PublicacaoConsumer/publicacoes HTTP/1.1" 200 2845
127.0.0.1 - - [15/Apr/2017:10:33:27 -0300] "POST /PublicacaoProducer/services/PublicacoesWebServicePort HTTP/1.1" 200 403
0:0:0:0:0:0:0:1 - - [15/Apr/2017:10:33:27 -0300] "GET /PublicacaoConsumer/ HTTP/1.1" 200 1771
127.0.0.1 - - [15/Apr/2017:10:33:28 -0300] "POST /PublicacaoProducer/services/PublicacoesWebServicePort HTTP/1.1" 200 241
0:0:0:0:0:0:0:1 - - [15/Apr/2017:10:33:28 -0300] "GET /PublicacaoConsumer/cadastrarPublicacao HTTP/1.1" 200 2685
127.0.0.1 - - [15/Apr/2017:10:33:31 -0300] "POST /PublicacaoProducer/services/PublicacoesWebServicePort HTTP/1.1" 200 250
0:0:0:0:0:0:0:1 - - [15/Apr/2017:10:33:31 -0300] "POST /PublicacaoConsumer/addPublicacao HTTP/1.1" 200 2600
127.0.0.1 - - [15/Apr/2017:10:37:49 -0300] "POST /PublicacaoProducer/services/PublicacoesWebServicePort HTTP/1.1" 200 403
0:0:0:0:0:0:0:1 - - [15/Apr/2017:10:37:49 -0300] "GET /PublicacaoConsumer/ HTTP/1.1" 200 1771
127.0.0.1 - - [15/Apr/2017:10:37:50 -0300] "POST /PublicacaoProducer/services/PublicacoesWebServicePort HTTP/1.1" 200 403
0:0:0:0:0:0:0:1 - - [15/Apr/2017:10:37:50 -0300] "GET /PublicacaoConsumer/ HTTP/1.1" 200 1771
0:0:0:0:0:0:0:1 - - [15/Apr/2017:10:37:51 -0300] "GET /favicon.ico HTTP/1.1" 404 1081
127.0.0.1 - - [15/Apr/2017:10:37:52 -0300] "POST /PublicacaoProducer/services/PublicacoesWebServicePort HTTP/1.1" 200 241
0:0:0:0:0:0:0:1 - - [15/Apr/2017:10:37:53 -0300] "GET /PublicacaoConsumer/cadastrarPublicacao HTTP/1.1" 200 2685
127.0.0.1 - - [15/Apr/2017:10:38:13 -0300] "POST /PublicacaoProducer/services/PublicacoesWebServicePort HTTP/1.1" 200 250
0:0:0:0:0:0:0:1 - - [15/Apr/2017:10:38:13 -0300] "POST /PublicacaoConsumer/addPublicacao HTTP/1.1" 200 2725
127.0.0.1 - - [15/Apr/2017:10:38:22 -0300] "POST /PublicacaoProducer/services/PublicacoesWebServicePort HTTP/1.1" 200 403
0:0:0:0:0:0:0:1 - - [15/Apr/2017:10:38:22 -0300] "GET /PublicacaoConsumer/ HTTP/1.1" 200 1771
127.0.0.1 - - [15/Apr/2017:10:42:22 -0300] "GET / HTTP/1.1" 404 1070
127.0.0.1 - - [15/Apr/2017:10:42:47 -0300] "GET /PublicacaoProducer/services/PublicacoesWebServicePort?wsdl HTTP/1.1" 200 8414
127.0.0.1 - - [15/Apr/2017:10:42:48 -0300] "GET /PublicacaoProducer/services/PublicacoesWebServicePort?xsd=publicacoeswebservice_schema1.xsd HTTP/1.1" 200 5312
127.0.0.1 - - [15/Apr/2017:10:42:49 -0300] "GET /PublicacaoProducer/services/PublicacoesWebServicePort?xsd=publicacoeswebservice_schema1.xsd HTTP/1.1" 200 5312
127.0.0.1 - - [15/Apr/2017:10:42:54 -0300] "POST /PublicacaoProducer/services/PublicacoesWebServicePort HTTP/1.1" 200 403
0:0:0:0:0:0:0:1 - - [15/Apr/2017:10:42:55 -0300] "GET /PublicacaoConsumer/ HTTP/1.1" 200 1771
127.0.0.1 - - [15/Apr/2017:10:43:35 -0300] "POST /PublicacaoProducer/services/PublicacoesWebServicePort HTTP/1.1" 200 241
0:0:0:0:0:0:0:1 - - [15/Apr/2017:10:43:37 -0300] "GET /PublicacaoConsumer/cadastrarPublicacao HTTP/1.1" 200 2681
127.0.0.1 - - [15/Apr/2017:10:43:50 -0300] "POST /PublicacaoProducer/services/PublicacoesWebServicePort HTTP/1.1" 200 250
0:0:0:0:0:0:0:1 - - [15/Apr/2017:10:43:50 -0300] "POST /PublicacaoConsumer/addPublicacao HTTP/1.1" 200 2720
127.0.0.1 - - [15/Apr/2017:10:43:54 -0300] "POST /PublicacaoProducer/services/PublicacoesWebServicePort HTTP/1.1" 200 403
0:0:0:0:0:0:0:1 - - [15/Apr/2017:10:43:54 -0300] "GET /PublicacaoConsumer/ HTTP/1.1" 200 1771
127.0.0.1 - - [15/Apr/2017:10:43:57 -0300] "POST /PublicacaoProducer/services/PublicacoesWebServicePort HTTP/1.1" 200 241
0:0:0:0:0:0:0:1 - - [15/Apr/2017:10:43:57 -0300] "GET /PublicacaoConsumer/publicacoes HTTP/1.1" 200 2845
127.0.0.1 - - [15/Apr/2017:10:44:00 -0300] "POST /PublicacaoProducer/services/PublicacoesWebServicePort HTTP/1.1" 200 413
0:0:0:0:0:0:0:1 - - [15/Apr/2017:10:44:00 -0300] "POST /PublicacaoConsumer/publicacoes HTTP/1.1" 200 2903
127.0.0.1 - - [15/Apr/2017:10:44:01 -0300] "POST /PublicacaoProducer/services/PublicacoesWebServicePort HTTP/1.1" 200 403
0:0:0:0:0:0:0:1 - - [15/Apr/2017:10:44:01 -0300] "GET /PublicacaoConsumer/ HTTP/1.1" 200 1771
127.0.0.1 - - [15/Apr/2017:10:46:13 -0300] "POST /PublicacaoProducer/services/PublicacoesWebServicePort HTTP/1.1" 200 403
0:0:0:0:0:0:0:1 - - [15/Apr/2017:10:46:13 -0300] "GET /PublicacaoConsumer/ HTTP/1.1" 200 1771
0:0:0:0:0:0:0:1 - - [15/Apr/2017:10:46:14 -0300] "GET /favicon.ico HTTP/1.1" 404 1081
127.0.0.1 - - [15/Apr/2017:10:46:20 -0300] "POST /PublicacaoProducer/services/PublicacoesWebServicePort HTTP/1.1" 200 241
0:0:0:0:0:0:0:1 - - [15/Apr/2017:10:46:21 -0300] "GET /PublicacaoConsumer/alterarPublicacao HTTP/1.1" 200 3926
127.0.0.1 - - [15/Apr/2017:10:46:24 -0300] "POST /PublicacaoProducer/services/PublicacoesWebServicePort HTTP/1.1" 200 413
0:0:0:0:0:0:0:1 - - [15/Apr/2017:10:46:24 -0300] "POST /PublicacaoConsumer/alterarPublicacao HTTP/1.1" 200 3984
127.0.0.1 - - [15/Apr/2017:10:46:29 -0300] "POST /PublicacaoProducer/services/PublicacoesWebServicePort HTTP/1.1" 200 250
0:0:0:0:0:0:0:1 - - [15/Apr/2017:10:46:29 -0300] "POST /PublicacaoConsumer/alterPublicacao HTTP/1.1" 200 4051
127.0.0.1 - - [15/Apr/2017:10:46:38 -0300] "POST /PublicacaoProducer/services/PublicacoesWebServicePort HTTP/1.1" 200 414
0:0:0:0:0:0:0:1 - - [15/Apr/2017:10:46:38 -0300] "POST /PublicacaoConsumer/alterarPublicacao HTTP/1.1" 200 3985
127.0.0.1 - - [15/Apr/2017:10:46:43 -0300] "POST /PublicacaoProducer/services/PublicacoesWebServicePort HTTP/1.1" 200 403
0:0:0:0:0:0:0:1 - - [15/Apr/2017:10:46:43 -0300] "GET /PublicacaoConsumer/ HTTP/1.1" 200 1771
127.0.0.1 - - [15/Apr/2017:10:46:45 -0300] "POST /PublicacaoProducer/services/PublicacoesWebServicePort HTTP/1.1" 200 241
0:0:0:0:0:0:0:1 - - [15/Apr/2017:10:46:45 -0300] "GET /PublicacaoConsumer/excluirPublicacao HTTP/1.1" 200 3982
127.0.0.1 - - [15/Apr/2017:10:46:48 -0300] "POST /PublicacaoProducer/services/PublicacoesWebServicePort HTTP/1.1" 200 414
0:0:0:0:0:0:0:1 - - [15/Apr/2017:10:46:48 -0300] "POST /PublicacaoConsumer/excluirPublicacao HTTP/1.1" 200 4041
127.0.0.1 - - [15/Apr/2017:10:46:51 -0300] "POST /PublicacaoProducer/services/PublicacoesWebServicePort HTTP/1.1" 200 250
0:0:0:0:0:0:0:1 - - [15/Apr/2017:10:46:51 -0300] "POST /PublicacaoConsumer/excPublicacao HTTP/1.1" 200 4107
127.0.0.1 - - [15/Apr/2017:10:46:55 -0300] "POST /PublicacaoProducer/services/PublicacoesWebServicePort HTTP/1.1" 200 403
0:0:0:0:0:0:0:1 - - [15/Apr/2017:10:46:55 -0300] "GET /PublicacaoConsumer/ HTTP/1.1" 200 1771
127.0.0.1 - - [15/Apr/2017:10:46:59 -0300] "POST /PublicacaoProducer/services/PublicacoesWebServicePort HTTP/1.1" 200 241
0:0:0:0:0:0:0:1 - - [15/Apr/2017:10:46:59 -0300] "GET /PublicacaoConsumer/publicacoes HTTP/1.1" 200 2845
127.0.0.1 - - [15/Apr/2017:10:47:02 -0300] "POST /PublicacaoProducer/services/PublicacoesWebServicePort HTTP/1.1" 200 241
0:0:0:0:0:0:0:1 - - [15/Apr/2017:10:47:02 -0300] "POST /PublicacaoConsumer/publicacoes HTTP/1.1" 200 2845
127.0.0.1 - - [15/Apr/2017:10:47:03 -0300] "POST /PublicacaoProducer/services/PublicacoesWebServicePort HTTP/1.1" 200 403
0:0:0:0:0:0:0:1 - - [15/Apr/2017:10:47:03 -0300] "GET /PublicacaoConsumer/ HTTP/1.1" 200 1771
127.0.0.1 - - [15/Apr/2017:10:51:06 -0300] "POST /PublicacaoProducer/services/PublicacoesWebServicePort HTTP/1.1" 200 403
0:0:0:0:0:0:0:1 - - [15/Apr/2017:10:51:06 -0300] "GET /PublicacaoConsumer/ HTTP/1.1" 200 1771
0:0:0:0:0:0:0:1 - - [15/Apr/2017:10:51:07 -0300] "GET /favicon.ico HTTP/1.1" 404 1081
0:0:0:0:0:0:0:1 - - [15/Apr/2017:10:51:09 -0300] "GET /PublicacaoConsumer/autores HTTP/1.1" 200 2997
127.0.0.1 - - [15/Apr/2017:10:51:13 -0300] "POST /PublicacaoProducer/services/PublicacoesWebServicePort HTTP/1.1" 200 248
0:0:0:0:0:0:0:1 - - [15/Apr/2017:10:51:13 -0300] "POST /PublicacaoConsumer/consultarAutores HTTP/1.1" 200 2997
127.0.0.1 - - [15/Apr/2017:10:51:15 -0300] "POST /PublicacaoProducer/services/PublicacoesWebServicePort HTTP/1.1" 200 403
0:0:0:0:0:0:0:1 - - [15/Apr/2017:10:51:15 -0300] "GET /PublicacaoConsumer/ HTTP/1.1" 200 1771
0:0:0:0:0:0:0:1 - - [15/Apr/2017:10:51:18 -0300] "GET /PublicacaoConsumer/cadastrarAutor HTTP/1.1" 200 3514
0:0:0:0:0:0:0:1 - - [15/Apr/2017:10:51:29 -0300] "POST /PublicacaoConsumer/addAutor HTTP/1.1" 200 3787
127.0.0.1 - - [15/Apr/2017:10:51:42 -0300] "POST /PublicacaoProducer/services/PublicacoesWebServicePort HTTP/1.1" 200 240
0:0:0:0:0:0:0:1 - - [15/Apr/2017:10:51:42 -0300] "POST /PublicacaoConsumer/addAutor HTTP/1.1" 200 3634
127.0.0.1 - - [15/Apr/2017:10:51:48 -0300] "POST /PublicacaoProducer/services/PublicacoesWebServicePort HTTP/1.1" 200 403
0:0:0:0:0:0:0:1 - - [15/Apr/2017:10:51:48 -0300] "GET /PublicacaoConsumer/ HTTP/1.1" 200 1771
0:0:0:0:0:0:0:1 - - [15/Apr/2017:10:51:53 -0300] "GET /PublicacaoConsumer/autores HTTP/1.1" 200 2997
127.0.0.1 - - [15/Apr/2017:10:51:57 -0300] "POST /PublicacaoProducer/services/PublicacoesWebServicePort HTTP/1.1" 200 515
0:0:0:0:0:0:0:1 - - [15/Apr/2017:10:51:57 -0300] "POST /PublicacaoConsumer/consultarAutores HTTP/1.1" 200 3083
127.0.0.1 - - [15/Apr/2017:10:52:02 -0300] "POST /PublicacaoProducer/services/PublicacoesWebServicePort HTTP/1.1" 200 403
0:0:0:0:0:0:0:1 - - [15/Apr/2017:10:52:02 -0300] "GET /PublicacaoConsumer/ HTTP/1.1" 200 1771
0:0:0:0:0:0:0:1 - - [15/Apr/2017:10:52:05 -0300] "GET /PublicacaoConsumer/alterarAutor HTTP/1.1" 200 4506
127.0.0.1 - - [15/Apr/2017:10:52:08 -0300] "POST /PublicacaoProducer/services/PublicacoesWebServicePort HTTP/1.1" 200 515
0:0:0:0:0:0:0:1 - - [15/Apr/2017:10:52:08 -0300] "POST /PublicacaoConsumer/consultarAlterarAutores HTTP/1.1" 200 5008
127.0.0.1 - - [15/Apr/2017:10:52:16 -0300] "POST /PublicacaoProducer/services/PublicacoesWebServicePort HTTP/1.1" 200 240
0:0:0:0:0:0:0:1 - - [15/Apr/2017:10:52:16 -0300] "POST /PublicacaoConsumer/alterAutor HTTP/1.1" 200 4626
127.0.0.1 - - [15/Apr/2017:10:52:21 -0300] "POST /PublicacaoProducer/services/PublicacoesWebServicePort HTTP/1.1" 200 515
0:0:0:0:0:0:0:1 - - [15/Apr/2017:10:52:21 -0300] "POST /PublicacaoConsumer/consultarAlterarAutores HTTP/1.1" 200 5008
127.0.0.1 - - [15/Apr/2017:10:52:24 -0300] "POST /PublicacaoProducer/services/PublicacoesWebServicePort HTTP/1.1" 200 403
0:0:0:0:0:0:0:1 - - [15/Apr/2017:10:52:24 -0300] "GET /PublicacaoConsumer/ HTTP/1.1" 200 1771
0:0:0:0:0:0:0:1 - - [15/Apr/2017:10:52:27 -0300] "GET /PublicacaoConsumer/excluirAutor HTTP/1.1" 200 4512
127.0.0.1 - - [15/Apr/2017:10:52:29 -0300] "POST /PublicacaoProducer/services/PublicacoesWebServicePort HTTP/1.1" 200 515
0:0:0:0:0:0:0:1 - - [15/Apr/2017:10:52:29 -0300] "POST /PublicacaoConsumer/consultarExcluirAutores HTTP/1.1" 200 5014
127.0.0.1 - - [15/Apr/2017:10:52:32 -0300] "POST /PublicacaoProducer/services/PublicacoesWebServicePort HTTP/1.1" 200 240
0:0:0:0:0:0:0:1 - - [15/Apr/2017:10:52:32 -0300] "POST /PublicacaoConsumer/excluirAutor HTTP/1.1" 200 4632
127.0.0.1 - - [15/Apr/2017:10:52:35 -0300] "POST /PublicacaoProducer/services/PublicacoesWebServicePort HTTP/1.1" 200 248
0:0:0:0:0:0:0:1 - - [15/Apr/2017:10:52:35 -0300] "POST /PublicacaoConsumer/consultarExcluirAutores HTTP/1.1" 200 4826
127.0.0.1 - - [15/Apr/2017:10:52:37 -0300] "POST /PublicacaoProducer/services/PublicacoesWebServicePort HTTP/1.1" 200 403
0:0:0:0:0:0:0:1 - - [15/Apr/2017:10:52:37 -0300] "GET /PublicacaoConsumer/ HTTP/1.1" 200 1771
0:0:0:0:0:0:0:1 - - [15/Apr/2017:10:52:42 -0300] "GET /PublicacaoConsumer/cadastrarAutor HTTP/1.1" 200 3514
0:0:0:0:0:0:0:1 - - [15/Apr/2017:10:52:50 -0300] "POST /PublicacaoConsumer/addAutor HTTP/1.1" 500 5509
