127.0.0.1 - - [14/Apr/2017:10:08:03 -0300] "GET / HTTP/1.1" 404 1070
127.0.0.1 - - [14/Apr/2017:10:08:13 -0300] "GET /PublicacaoProducer/services/PublicacoesWebServicePort?wsdl HTTP/1.1" 200 5019
127.0.0.1 - - [14/Apr/2017:10:08:14 -0300] "GET /PublicacaoProducer/services/PublicacoesWebServicePort?xsd=publicacoeswebservice_schema1.xsd HTTP/1.1" 200 2587
127.0.0.1 - - [14/Apr/2017:10:08:15 -0300] "GET /PublicacaoProducer/services/PublicacoesWebServicePort?xsd=publicacoeswebservice_schema1.xsd HTTP/1.1" 200 2587
127.0.0.1 - - [14/Apr/2017:10:08:20 -0300] "POST /PublicacaoProducer/services/PublicacoesWebServicePort HTTP/1.1" 200 541
0:0:0:0:0:0:0:1 - - [14/Apr/2017:10:08:21 -0300] "GET /PublicacaoConsumer/ HTTP/1.1" 200 1135
127.0.0.1 - - [14/Apr/2017:10:08:36 -0300] "POST /PublicacaoProducer/services/PublicacoesWebServicePort HTTP/1.1" 200 241
0:0:0:0:0:0:0:1 - - [14/Apr/2017:10:08:36 -0300] "GET /PublicacaoConsumer/publicacoes HTTP/1.1" 200 2845
127.0.0.1 - - [14/Apr/2017:10:08:43 -0300] "POST /PublicacaoProducer/services/PublicacoesWebServicePort HTTP/1.1" 200 541
0:0:0:0:0:0:0:1 - - [14/Apr/2017:10:08:43 -0300] "POST /PublicacaoConsumer/publicacoes HTTP/1.1" 200 3031
127.0.0.1 - - [14/Apr/2017:10:08:47 -0300] "POST /PublicacaoProducer/services/PublicacoesWebServicePort HTTP/1.1" 200 541
0:0:0:0:0:0:0:1 - - [14/Apr/2017:10:08:47 -0300] "GET /PublicacaoConsumer/ HTTP/1.1" 200 1135
127.0.0.1 - - [14/Apr/2017:10:08:48 -0300] "POST /PublicacaoProducer/services/PublicacoesWebServicePort HTTP/1.1" 200 241
0:0:0:0:0:0:0:1 - - [14/Apr/2017:10:08:49 -0300] "GET /PublicacaoConsumer/cadastrarPublicacao HTTP/1.1" 200 4002
127.0.0.1 - - [14/Apr/2017:10:08:54 -0300] "POST /PublicacaoProducer/services/PublicacoesWebServicePort HTTP/1.1" 200 541
0:0:0:0:0:0:0:1 - - [14/Apr/2017:10:08:54 -0300] "POST /PublicacaoConsumer/cadastrarPublicacao HTTP/1.1" 200 4188
127.0.0.1 - - [14/Apr/2017:10:09:02 -0300] "POST /PublicacaoProducer/services/PublicacoesWebServicePort HTTP/1.1" 200 250
0:0:0:0:0:0:0:1 - - [14/Apr/2017:10:09:02 -0300] "POST /PublicacaoConsumer/addPublicacao HTTP/1.1" 200 4002
127.0.0.1 - - [14/Apr/2017:10:09:05 -0300] "POST /PublicacaoProducer/services/PublicacoesWebServicePort HTTP/1.1" 200 541
0:0:0:0:0:0:0:1 - - [14/Apr/2017:10:09:05 -0300] "POST /PublicacaoConsumer/cadastrarPublicacao HTTP/1.1" 200 4188
127.0.0.1 - - [14/Apr/2017:10:18:08 -0300] "GET / HTTP/1.1" 404 1070
127.0.0.1 - - [14/Apr/2017:10:28:58 -0300] "GET /PublicacaoProducer/services/PublicacoesWebServicePort?wsdl HTTP/1.1" 200 5019
127.0.0.1 - - [14/Apr/2017:10:28:59 -0300] "GET /PublicacaoProducer/services/PublicacoesWebServicePort?xsd=publicacoeswebservice_schema1.xsd HTTP/1.1" 200 2587
127.0.0.1 - - [14/Apr/2017:10:29:00 -0300] "GET /PublicacaoProducer/services/PublicacoesWebServicePort?xsd=publicacoeswebservice_schema1.xsd HTTP/1.1" 200 2587
127.0.0.1 - - [14/Apr/2017:10:29:05 -0300] "POST /PublicacaoProducer/services/PublicacoesWebServicePort HTTP/1.1" 200 541
0:0:0:0:0:0:0:1 - - [14/Apr/2017:10:29:07 -0300] "GET /PublicacaoConsumer/ HTTP/1.1" 200 1141
127.0.0.1 - - [14/Apr/2017:10:29:10 -0300] "POST /PublicacaoProducer/services/PublicacoesWebServicePort HTTP/1.1" 200 241
0:0:0:0:0:0:0:1 - - [14/Apr/2017:10:29:10 -0300] "GET /PublicacaoConsumer/publicacoes HTTP/1.1" 200 2845
127.0.0.1 - - [14/Apr/2017:10:29:13 -0300] "POST /PublicacaoProducer/services/PublicacoesWebServicePort HTTP/1.1" 200 541
0:0:0:0:0:0:0:1 - - [14/Apr/2017:10:29:13 -0300] "POST /PublicacaoConsumer/publicacoes HTTP/1.1" 200 3031
127.0.0.1 - - [14/Apr/2017:10:29:14 -0300] "POST /PublicacaoProducer/services/PublicacoesWebServicePort HTTP/1.1" 200 541
0:0:0:0:0:0:0:1 - - [14/Apr/2017:10:29:14 -0300] "GET /PublicacaoConsumer/ HTTP/1.1" 200 1141
127.0.0.1 - - [14/Apr/2017:10:29:15 -0300] "POST /PublicacaoProducer/services/PublicacoesWebServicePort HTTP/1.1" 200 241
0:0:0:0:0:0:0:1 - - [14/Apr/2017:10:29:16 -0300] "GET /PublicacaoConsumer/cadastrarPublicacao HTTP/1.1" 200 2595
127.0.0.1 - - [14/Apr/2017:10:29:45 -0300] "POST /PublicacaoProducer/services/PublicacoesWebServicePort HTTP/1.1" 200 541
0:0:0:0:0:0:0:1 - - [14/Apr/2017:10:29:45 -0300] "GET /PublicacaoConsumer/ HTTP/1.1" 200 1141
127.0.0.1 - - [14/Apr/2017:10:29:46 -0300] "POST /PublicacaoProducer/services/PublicacoesWebServicePort HTTP/1.1" 200 241
0:0:0:0:0:0:0:1 - - [14/Apr/2017:10:29:46 -0300] "GET /PublicacaoConsumer/publicacoes HTTP/1.1" 200 2845
127.0.0.1 - - [14/Apr/2017:10:29:48 -0300] "POST /PublicacaoProducer/services/PublicacoesWebServicePort HTTP/1.1" 200 541
0:0:0:0:0:0:0:1 - - [14/Apr/2017:10:29:48 -0300] "POST /PublicacaoConsumer/publicacoes HTTP/1.1" 200 3031
127.0.0.1 - - [14/Apr/2017:10:29:54 -0300] "POST /PublicacaoProducer/services/PublicacoesWebServicePort HTTP/1.1" 200 541
0:0:0:0:0:0:0:1 - - [14/Apr/2017:10:29:54 -0300] "GET /PublicacaoConsumer/ HTTP/1.1" 200 1141
127.0.0.1 - - [14/Apr/2017:10:29:55 -0300] "POST /PublicacaoProducer/services/PublicacoesWebServicePort HTTP/1.1" 200 241
0:0:0:0:0:0:0:1 - - [14/Apr/2017:10:29:55 -0300] "GET /PublicacaoConsumer/cadastrarPublicacao HTTP/1.1" 200 2595
127.0.0.1 - - [14/Apr/2017:10:30:11 -0300] "POST /PublicacaoProducer/services/PublicacoesWebServicePort HTTP/1.1" 200 250
0:0:0:0:0:0:0:1 - - [14/Apr/2017:10:30:11 -0300] "POST /PublicacaoConsumer/addPublicacao HTTP/1.1" 200 2595
127.0.0.1 - - [14/Apr/2017:10:30:20 -0300] "POST /PublicacaoProducer/services/PublicacoesWebServicePort HTTP/1.1" 200 541
0:0:0:0:0:0:0:1 - - [14/Apr/2017:10:30:20 -0300] "GET /PublicacaoConsumer/ HTTP/1.1" 200 1141
127.0.0.1 - - [14/Apr/2017:10:30:24 -0300] "POST /PublicacaoProducer/services/PublicacoesWebServicePort HTTP/1.1" 200 241
0:0:0:0:0:0:0:1 - - [14/Apr/2017:10:30:24 -0300] "GET /PublicacaoConsumer/publicacoes HTTP/1.1" 200 2845
127.0.0.1 - - [14/Apr/2017:10:30:30 -0300] "POST /PublicacaoProducer/services/PublicacoesWebServicePort HTTP/1.1" 200 401
0:0:0:0:0:0:0:1 - - [14/Apr/2017:10:30:30 -0300] "POST /PublicacaoConsumer/publicacoes HTTP/1.1" 200 2890
127.0.0.1 - - [14/Apr/2017:10:30:34 -0300] "POST /PublicacaoProducer/services/PublicacoesWebServicePort HTTP/1.1" 200 541
0:0:0:0:0:0:0:1 - - [14/Apr/2017:10:30:34 -0300] "GET /PublicacaoConsumer/ HTTP/1.1" 200 1141
0:0:0:0:0:0:0:1 - - [14/Apr/2017:10:30:35 -0300] "GET /PublicacaoConsumer/alterarPublicacao HTTP/1.1" 404 1047
127.0.0.1 - - [14/Apr/2017:10:33:40 -0300] "POST /PublicacaoProducer/services/PublicacoesWebServicePort HTTP/1.1" 200 541
0:0:0:0:0:0:0:1 - - [14/Apr/2017:10:33:41 -0300] "GET /PublicacaoConsumer/ HTTP/1.1" 200 1141
0:0:0:0:0:0:0:1 - - [14/Apr/2017:10:33:42 -0300] "GET /favicon.ico HTTP/1.1" 404 1081
0:0:0:0:0:0:0:1 - - [14/Apr/2017:10:33:43 -0300] "GET /PublicacaoConsumer/alterarPublicacao HTTP/1.1" 404 1047
0:0:0:0:0:0:0:1 - - [14/Apr/2017:10:34:46 -0300] "GET /PublicacaoConsumer/alterarPublicacao HTTP/1.1" 404 1047
127.0.0.1 - - [14/Apr/2017:10:34:54 -0300] "POST /PublicacaoProducer/services/PublicacoesWebServicePort HTTP/1.1" 200 241
0:0:0:0:0:0:0:1 - - [14/Apr/2017:10:34:54 -0300] "GET /PublicacaoConsumer/cadastrarPublicacao HTTP/1.1" 200 2595
127.0.0.1 - - [14/Apr/2017:10:37:52 -0300] "GET / HTTP/1.1" 404 1070
127.0.0.1 - - [14/Apr/2017:10:38:19 -0300] "GET /PublicacaoProducer/services/PublicacoesWebServicePort?wsdl HTTP/1.1" 200 5019
127.0.0.1 - - [14/Apr/2017:10:38:20 -0300] "GET /PublicacaoProducer/services/PublicacoesWebServicePort?xsd=publicacoeswebservice_schema1.xsd HTTP/1.1" 200 2587
127.0.0.1 - - [14/Apr/2017:10:38:20 -0300] "GET /PublicacaoProducer/services/PublicacoesWebServicePort?xsd=publicacoeswebservice_schema1.xsd HTTP/1.1" 200 2587
127.0.0.1 - - [14/Apr/2017:10:38:26 -0300] "POST /PublicacaoProducer/services/PublicacoesWebServicePort HTTP/1.1" 200 541
0:0:0:0:0:0:0:1 - - [14/Apr/2017:10:38:26 -0300] "GET /PublicacaoConsumer/ HTTP/1.1" 200 1141
127.0.0.1 - - [14/Apr/2017:10:38:39 -0300] "POST /PublicacaoProducer/services/PublicacoesWebServicePort HTTP/1.1" 200 241
0:0:0:0:0:0:0:1 - - [14/Apr/2017:10:38:40 -0300] "GET /PublicacaoConsumer/alterarPublicacao HTTP/1.1" 200 3994
127.0.0.1 - - [14/Apr/2017:10:38:47 -0300] "POST /PublicacaoProducer/services/PublicacoesWebServicePort HTTP/1.1" 200 401
0:0:0:0:0:0:0:1 - - [14/Apr/2017:10:38:47 -0300] "POST /PublicacaoConsumer/alterarPublicacao HTTP/1.1" 200 4039
127.0.0.1 - - [14/Apr/2017:10:39:07 -0300] "POST /PublicacaoProducer/services/PublicacoesWebServicePort HTTP/1.1" 200 250
0:0:0:0:0:0:0:1 - - [14/Apr/2017:10:39:07 -0300] "POST /PublicacaoConsumer/alterPublicacao HTTP/1.1" 200 3994
127.0.0.1 - - [14/Apr/2017:10:39:11 -0300] "POST /PublicacaoProducer/services/PublicacoesWebServicePort HTTP/1.1" 200 401
0:0:0:0:0:0:0:1 - - [14/Apr/2017:10:39:11 -0300] "POST /PublicacaoConsumer/alterarPublicacao HTTP/1.1" 200 4039
127.0.0.1 - - [14/Apr/2017:10:39:22 -0300] "POST /PublicacaoProducer/services/PublicacoesWebServicePort HTTP/1.1" 200 250
0:0:0:0:0:0:0:1 - - [14/Apr/2017:10:39:22 -0300] "POST /PublicacaoConsumer/alterPublicacao HTTP/1.1" 200 3994
127.0.0.1 - - [14/Apr/2017:10:39:26 -0300] "POST /PublicacaoProducer/services/PublicacoesWebServicePort HTTP/1.1" 200 404
0:0:0:0:0:0:0:1 - - [14/Apr/2017:10:39:26 -0300] "POST /PublicacaoConsumer/alterarPublicacao HTTP/1.1" 200 4042
127.0.0.1 - - [14/Apr/2017:10:39:29 -0300] "POST /PublicacaoProducer/services/PublicacoesWebServicePort HTTP/1.1" 200 541
0:0:0:0:0:0:0:1 - - [14/Apr/2017:10:39:29 -0300] "GET /PublicacaoConsumer/ HTTP/1.1" 200 1141
127.0.0.1 - - [14/Apr/2017:10:49:54 -0300] "GET / HTTP/1.1" 404 1070
127.0.0.1 - - [14/Apr/2017:10:50:27 -0300] "GET /PublicacaoProducer/services/PublicacoesWebServicePort?wsdl HTTP/1.1" 200 5019
127.0.0.1 - - [14/Apr/2017:10:50:28 -0300] "GET /PublicacaoProducer/services/PublicacoesWebServicePort?xsd=publicacoeswebservice_schema1.xsd HTTP/1.1" 200 2587
127.0.0.1 - - [14/Apr/2017:10:50:29 -0300] "GET /PublicacaoProducer/services/PublicacoesWebServicePort?xsd=publicacoeswebservice_schema1.xsd HTTP/1.1" 200 2587
127.0.0.1 - - [14/Apr/2017:10:50:34 -0300] "POST /PublicacaoProducer/services/PublicacoesWebServicePort HTTP/1.1" 200 541
0:0:0:0:0:0:0:1 - - [14/Apr/2017:10:50:36 -0300] "GET /PublicacaoConsumer/ HTTP/1.1" 200 1140
0:0:0:0:0:0:0:1 - - [14/Apr/2017:10:50:37 -0300] "GET /favicon.ico HTTP/1.1" 404 1081
127.0.0.1 - - [14/Apr/2017:10:50:40 -0300] "POST /PublicacaoProducer/services/PublicacoesWebServicePort HTTP/1.1" 200 241
0:0:0:0:0:0:0:1 - - [14/Apr/2017:10:50:41 -0300] "GET /PublicacaoConsumer/excluirPublicacao HTTP/1.1" 200 3975
127.0.0.1 - - [14/Apr/2017:10:50:45 -0300] "POST /PublicacaoProducer/services/PublicacoesWebServicePort HTTP/1.1" 200 404
0:0:0:0:0:0:0:1 - - [14/Apr/2017:10:50:45 -0300] "POST /PublicacaoConsumer/excluirPublicacao HTTP/1.1" 200 4023
127.0.0.1 - - [14/Apr/2017:10:50:48 -0300] "POST /PublicacaoProducer/services/PublicacoesWebServicePort HTTP/1.1" 200 250
0:0:0:0:0:0:0:1 - - [14/Apr/2017:10:50:48 -0300] "POST /PublicacaoConsumer/excPublicacao HTTP/1.1" 200 3975
127.0.0.1 - - [14/Apr/2017:10:50:52 -0300] "POST /PublicacaoProducer/services/PublicacoesWebServicePort HTTP/1.1" 200 401
0:0:0:0:0:0:0:1 - - [14/Apr/2017:10:50:52 -0300] "POST /PublicacaoConsumer/excluirPublicacao HTTP/1.1" 200 4020
127.0.0.1 - - [14/Apr/2017:10:50:54 -0300] "POST /PublicacaoProducer/services/PublicacoesWebServicePort HTTP/1.1" 200 250
0:0:0:0:0:0:0:1 - - [14/Apr/2017:10:50:54 -0300] "POST /PublicacaoConsumer/excPublicacao HTTP/1.1" 200 3975
127.0.0.1 - - [14/Apr/2017:10:50:57 -0300] "POST /PublicacaoProducer/services/PublicacoesWebServicePort HTTP/1.1" 200 241
0:0:0:0:0:0:0:1 - - [14/Apr/2017:10:50:57 -0300] "POST /PublicacaoConsumer/excluirPublicacao HTTP/1.1" 200 3975
127.0.0.1 - - [14/Apr/2017:10:51:01 -0300] "POST /PublicacaoProducer/services/PublicacoesWebServicePort HTTP/1.1" 200 241
0:0:0:0:0:0:0:1 - - [14/Apr/2017:10:51:01 -0300] "POST /PublicacaoConsumer/excluirPublicacao HTTP/1.1" 200 3975
127.0.0.1 - - [14/Apr/2017:18:59:02 -0300] "GET / HTTP/1.1" 404 1070
127.0.0.1 - - [14/Apr/2017:18:59:02 -0300] "POST /PublicacaoProducer/services/AdminService HTTP/1.0" 404 1110
127.0.0.1 - - [14/Apr/2017:18:59:03 -0300] "POST /PublicacaoProducer/services/AdminService HTTP/1.0" 404 1110
127.0.0.1 - - [14/Apr/2017:18:59:03 -0300] "POST /PublicacaoProducer/services/AdminService HTTP/1.0" 404 1110
127.0.0.1 - - [14/Apr/2017:18:59:03 -0300] "POST /PublicacaoProducer/services/AdminService HTTP/1.0" 404 1110
127.0.0.1 - - [14/Apr/2017:18:59:03 -0300] "POST /PublicacaoProducer/services/AdminService HTTP/1.0" 404 1110
127.0.0.1 - - [14/Apr/2017:18:59:04 -0300] "POST /PublicacaoProducer/services/AdminService HTTP/1.0" 404 1110
127.0.0.1 - - [14/Apr/2017:18:59:04 -0300] "POST /PublicacaoProducer/services/AdminService HTTP/1.0" 404 1110
127.0.0.1 - - [14/Apr/2017:18:59:04 -0300] "POST /PublicacaoProducer/services/AdminService HTTP/1.0" 404 1110
127.0.0.1 - - [14/Apr/2017:18:59:04 -0300] "POST /PublicacaoProducer/services/AdminService HTTP/1.0" 404 1110
127.0.0.1 - - [14/Apr/2017:18:59:04 -0300] "POST /PublicacaoProducer/services/AdminService HTTP/1.0" 404 1110
127.0.0.1 - - [14/Apr/2017:18:59:05 -0300] "POST /PublicacaoProducer/services/AdminService HTTP/1.0" 404 1110
127.0.0.1 - - [14/Apr/2017:18:59:05 -0300] "POST /PublicacaoProducer/services/AdminService HTTP/1.0" 404 1110
127.0.0.1 - - [14/Apr/2017:18:59:05 -0300] "POST /PublicacaoProducer/services/AdminService HTTP/1.0" 404 1110
127.0.0.1 - - [14/Apr/2017:18:59:05 -0300] "POST /PublicacaoProducer/services/AdminService HTTP/1.0" 404 1110
127.0.0.1 - - [14/Apr/2017:18:59:06 -0300] "POST /PublicacaoProducer/services/AdminService HTTP/1.0" 404 1110
127.0.0.1 - - [14/Apr/2017:18:59:06 -0300] "POST /PublicacaoProducer/services/AdminService HTTP/1.0" 404 1110
127.0.0.1 - - [14/Apr/2017:18:59:06 -0300] "POST /PublicacaoProducer/services/AdminService HTTP/1.0" 404 1110
127.0.0.1 - - [14/Apr/2017:18:59:06 -0300] "POST /PublicacaoProducer/services/AdminService HTTP/1.0" 404 1110
127.0.0.1 - - [14/Apr/2017:18:59:06 -0300] "POST /PublicacaoProducer/services/AdminService HTTP/1.0" 404 1110
127.0.0.1 - - [14/Apr/2017:18:59:07 -0300] "POST /PublicacaoProducer/services/AdminService HTTP/1.0" 404 1110
127.0.0.1 - - [14/Apr/2017:19:00:39 -0300] "GET / HTTP/1.1" 404 1070
127.0.0.1 - - [14/Apr/2017:19:05:33 -0300] "GET / HTTP/1.1" 404 1070
0:0:0:0:0:0:0:1 - - [14/Apr/2017:19:06:37 -0300] "GET /PublicacaoProducer/services HTTP/1.1" 404 1097
0:0:0:0:0:0:0:1 - - [14/Apr/2017:19:07:52 -0300] "GET /PublicacaoProducer/services HTTP/1.1" 404 1097
0:0:0:0:0:0:0:1 - - [14/Apr/2017:19:07:55 -0300] "GET /PublicacaoProducer/services/ HTTP/1.1" 404 1098
0:0:0:0:0:0:0:1 - - [14/Apr/2017:19:08:17 -0300] "GET /PublicacaoProducer/services/PublicacoesWebServicePort?wsdl HTTP/1.1" 404 1123
0:0:0:0:0:0:0:1 - - [14/Apr/2017:19:09:57 -0300] "GET /PublicacaoProducer/services/PublicacoesWebServicePort?wsdl HTTP/1.1" 404 1123
0:0:0:0:0:0:0:1 - - [14/Apr/2017:19:09:58 -0300] "GET /PublicacaoProducer/services/PublicacoesWebServicePort?wsdl HTTP/1.1" 404 1123
0:0:0:0:0:0:0:1 - - [14/Apr/2017:19:09:58 -0300] "GET /favicon.ico HTTP/1.1" 404 1081
127.0.0.1 - - [14/Apr/2017:19:10:44 -0300] "GET / HTTP/1.1" 404 1070
127.0.0.1 - - [14/Apr/2017:19:13:44 -0300] "GET / HTTP/1.1" 404 1070
0:0:0:0:0:0:0:1 - - [14/Apr/2017:19:14:02 -0300] "GET /PublicacaoProducer/services HTTP/1.1" 404 1097
127.0.0.1 - - [14/Apr/2017:19:19:17 -0300] "GET / HTTP/1.1" 404 1070
127.0.0.1 - - [14/Apr/2017:19:23:34 -0300] "GET / HTTP/1.1" 404 1070
0:0:0:0:0:0:0:1 - - [14/Apr/2017:19:23:57 -0300] "GET /PublicacaoProducer/services HTTP/1.1" 404 1097
127.0.0.1 - - [14/Apr/2017:19:24:35 -0300] "GET / HTTP/1.1" 404 1070
127.0.0.1 - - [14/Apr/2017:19:28:04 -0300] "GET / HTTP/1.1" 404 1070
127.0.0.1 - - [14/Apr/2017:19:30:43 -0300] "GET / HTTP/1.1" 404 1070
127.0.0.1 - - [14/Apr/2017:19:32:36 -0300] "GET / HTTP/1.1" 404 1070
127.0.0.1 - - [14/Apr/2017:19:34:20 -0300] "GET / HTTP/1.1" 404 1070
0:0:0:0:0:0:0:1 - - [14/Apr/2017:19:34:37 -0300] "GET /PublicacaoProducer/services HTTP/1.1" 404 1097
127.0.0.1 - - [14/Apr/2017:19:35:32 -0300] "GET / HTTP/1.1" 404 1070
127.0.0.1 - - [14/Apr/2017:19:42:48 -0300] "GET / HTTP/1.1" 404 1070
127.0.0.1 - - [14/Apr/2017:19:44:18 -0300] "GET / HTTP/1.1" 404 1070
127.0.0.1 - - [14/Apr/2017:19:46:46 -0300] "GET / HTTP/1.1" 404 1070
0:0:0:0:0:0:0:1 - - [14/Apr/2017:19:47:00 -0300] "GET /PublicacaoProducer/services HTTP/1.1" 200 1338
0:0:0:0:0:0:0:1 - - [14/Apr/2017:19:47:00 -0300] "GET /PublicacaoProducer/services/?stylesheet=1 HTTP/1.1" 200 367
0:0:0:0:0:0:0:1 - - [14/Apr/2017:19:47:04 -0300] "GET /PublicacaoProducer/services/PublicacoesWebServicePort?wsdl HTTP/1.1" 200 8414
127.0.0.1 - - [14/Apr/2017:19:48:29 -0300] "GET /PublicacaoProducer/services/PublicacoesWebServicePort?wsdl HTTP/1.1" 200 8414
127.0.0.1 - - [14/Apr/2017:19:48:29 -0300] "GET /PublicacaoProducer/services/PublicacoesWebServicePort?wsdl HTTP/1.1" 200 8414
127.0.0.1 - - [14/Apr/2017:19:48:29 -0300] "GET /PublicacaoProducer/services/PublicacoesWebServicePort?xsd=publicacoeswebservice_schema1.xsd HTTP/1.1" 200 5312
127.0.0.1 - - [14/Apr/2017:19:48:40 -0300] "GET /PublicacaoProducer/services/PublicacoesWebServicePort?wsdl HTTP/1.1" 200 8414
127.0.0.1 - - [14/Apr/2017:19:48:40 -0300] "GET /PublicacaoProducer/services/PublicacoesWebServicePort?wsdl HTTP/1.1" 200 8414
127.0.0.1 - - [14/Apr/2017:19:48:40 -0300] "GET /PublicacaoProducer/services/PublicacoesWebServicePort?xsd=publicacoeswebservice_schema1.xsd HTTP/1.1" 200 5312
127.0.0.1 - - [14/Apr/2017:19:48:40 -0300] "GET /PublicacaoProducer/services/PublicacoesWebServicePort?wsdl HTTP/1.1" 200 8414
127.0.0.1 - - [14/Apr/2017:19:48:40 -0300] "GET /PublicacaoProducer/services/PublicacoesWebServicePort?xsd=publicacoeswebservice_schema1.xsd HTTP/1.1" 200 5312
127.0.0.1 - - [14/Apr/2017:19:48:49 -0300] "GET /PublicacaoProducer/services/PublicacoesWebServicePort?wsdl HTTP/1.1" 200 8414
127.0.0.1 - - [14/Apr/2017:19:48:49 -0300] "GET /PublicacaoProducer/services/PublicacoesWebServicePort?xsd=publicacoeswebservice_schema1.xsd HTTP/1.1" 200 5312
127.0.0.1 - - [14/Apr/2017:19:48:49 -0300] "GET /PublicacaoProducer/services/PublicacoesWebServicePort?wsdl HTTP/1.1" 200 8414
127.0.0.1 - - [14/Apr/2017:19:48:49 -0300] "GET /PublicacaoProducer/services/PublicacoesWebServicePort?xsd=publicacoeswebservice_schema1.xsd HTTP/1.1" 200 5312
127.0.0.1 - - [14/Apr/2017:19:48:49 -0300] "GET /PublicacaoProducer/services/PublicacoesWebServicePort?wsdl HTTP/1.1" 200 8414
127.0.0.1 - - [14/Apr/2017:19:48:49 -0300] "GET /PublicacaoProducer/services/PublicacoesWebServicePort?xsd=publicacoeswebservice_schema1.xsd HTTP/1.1" 200 5312
127.0.0.1 - - [14/Apr/2017:19:48:49 -0300] "GET /PublicacaoProducer/services/PublicacoesWebServicePort?xsd=publicacoeswebservice_schema1.xsd HTTP/1.1" 200 5312
127.0.0.1 - - [14/Apr/2017:19:51:16 -0300] "GET / HTTP/1.1" 404 1070
127.0.0.1 - - [14/Apr/2017:19:54:38 -0300] "GET / HTTP/1.1" 404 1070
0:0:0:0:0:0:0:1 - - [14/Apr/2017:19:54:54 -0300] "GET /PublicacaoProducer/ HTTP/1.1" 404 1089
127.0.0.1 - - [14/Apr/2017:19:55:10 -0300] "GET /PublicacaoProducer/services/PublicacoesWebServicePort?wsdl HTTP/1.1" 200 8414
127.0.0.1 - - [14/Apr/2017:19:55:11 -0300] "GET /PublicacaoProducer/services/PublicacoesWebServicePort?xsd=publicacoeswebservice_schema1.xsd HTTP/1.1" 200 5312
127.0.0.1 - - [14/Apr/2017:19:55:11 -0300] "GET /PublicacaoProducer/services/PublicacoesWebServicePort?xsd=publicacoeswebservice_schema1.xsd HTTP/1.1" 200 5312
127.0.0.1 - - [14/Apr/2017:19:55:17 -0300] "POST /PublicacaoProducer/services/PublicacoesWebServicePort HTTP/1.1" 200 541
0:0:0:0:0:0:0:1 - - [14/Apr/2017:19:55:19 -0300] "GET /PublicacaoConsumer/ HTTP/1.1" 200 1140
127.0.0.1 - - [14/Apr/2017:19:56:23 -0300] "POST /PublicacaoProducer/services/PublicacoesWebServicePort HTTP/1.1" 200 241
0:0:0:0:0:0:0:1 - - [14/Apr/2017:19:56:24 -0300] "GET /PublicacaoConsumer/publicacoes HTTP/1.1" 200 2845
127.0.0.1 - - [14/Apr/2017:19:56:48 -0300] "POST /PublicacaoProducer/services/PublicacoesWebServicePort HTTP/1.1" 200 541
0:0:0:0:0:0:0:1 - - [14/Apr/2017:19:56:48 -0300] "POST /PublicacaoConsumer/publicacoes HTTP/1.1" 200 3031
127.0.0.1 - - [14/Apr/2017:19:56:51 -0300] "POST /PublicacaoProducer/services/PublicacoesWebServicePort HTTP/1.1" 200 541
0:0:0:0:0:0:0:1 - - [14/Apr/2017:19:56:51 -0300] "GET /PublicacaoConsumer/ HTTP/1.1" 200 1140
127.0.0.1 - - [14/Apr/2017:19:59:03 -0300] "POST /PublicacaoProducer/services/PublicacoesWebServicePort HTTP/1.1" 200 541
0:0:0:0:0:0:0:1 - - [14/Apr/2017:19:59:03 -0300] "GET /PublicacaoConsumer/ HTTP/1.1" 200 1174
0:0:0:0:0:0:0:1 - - [14/Apr/2017:19:59:04 -0300] "GET /favicon.ico HTTP/1.1" 404 1081
127.0.0.1 - - [14/Apr/2017:19:59:05 -0300] "POST /PublicacaoProducer/services/PublicacoesWebServicePort HTTP/1.1" 200 541
0:0:0:0:0:0:0:1 - - [14/Apr/2017:19:59:05 -0300] "GET /PublicacaoConsumer/ HTTP/1.1" 200 1174
0:0:0:0:0:0:0:1 - - [14/Apr/2017:19:59:06 -0300] "GET /favicon.ico HTTP/1.1" 404 1081
127.0.0.1 - - [14/Apr/2017:19:59:06 -0300] "POST /PublicacaoProducer/services/PublicacoesWebServicePort HTTP/1.1" 200 541
0:0:0:0:0:0:0:1 - - [14/Apr/2017:19:59:06 -0300] "GET /PublicacaoConsumer/ HTTP/1.1" 200 1174
127.0.0.1 - - [14/Apr/2017:19:59:06 -0300] "POST /PublicacaoProducer/services/PublicacoesWebServicePort HTTP/1.1" 200 541
0:0:0:0:0:0:0:1 - - [14/Apr/2017:19:59:06 -0300] "GET /PublicacaoConsumer/ HTTP/1.1" 200 1174
0:0:0:0:0:0:0:1 - - [14/Apr/2017:19:59:07 -0300] "GET /favicon.ico HTTP/1.1" 404 1081
127.0.0.1 - - [14/Apr/2017:19:59:07 -0300] "POST /PublicacaoProducer/services/PublicacoesWebServicePort HTTP/1.1" 200 541
0:0:0:0:0:0:0:1 - - [14/Apr/2017:19:59:07 -0300] "GET /PublicacaoConsumer/ HTTP/1.1" 200 1174
127.0.0.1 - - [14/Apr/2017:19:59:08 -0300] "POST /PublicacaoProducer/services/PublicacoesWebServicePort HTTP/1.1" 200 541
0:0:0:0:0:0:0:1 - - [14/Apr/2017:19:59:08 -0300] "GET /PublicacaoConsumer/ HTTP/1.1" 200 1174
0:0:0:0:0:0:0:1 - - [14/Apr/2017:19:59:08 -0300] "GET /favicon.ico HTTP/1.1" 404 1081
127.0.0.1 - - [14/Apr/2017:19:59:08 -0300] "POST /PublicacaoProducer/services/PublicacoesWebServicePort HTTP/1.1" 200 541
0:0:0:0:0:0:0:1 - - [14/Apr/2017:19:59:08 -0300] "GET /PublicacaoConsumer/ HTTP/1.1" 200 1174
127.0.0.1 - - [14/Apr/2017:19:59:08 -0300] "POST /PublicacaoProducer/services/PublicacoesWebServicePort HTTP/1.1" 200 541
0:0:0:0:0:0:0:1 - - [14/Apr/2017:19:59:08 -0300] "GET /PublicacaoConsumer/ HTTP/1.1" 200 1174
127.0.0.1 - - [14/Apr/2017:19:59:09 -0300] "POST /PublicacaoProducer/services/PublicacoesWebServicePort HTTP/1.1" 200 541
0:0:0:0:0:0:0:1 - - [14/Apr/2017:19:59:09 -0300] "GET /PublicacaoConsumer/ HTTP/1.1" 200 1174
127.0.0.1 - - [14/Apr/2017:19:59:09 -0300] "POST /PublicacaoProducer/services/PublicacoesWebServicePort HTTP/1.1" 200 541
0:0:0:0:0:0:0:1 - - [14/Apr/2017:19:59:09 -0300] "GET /PublicacaoConsumer/ HTTP/1.1" 200 1174
0:0:0:0:0:0:0:1 - - [14/Apr/2017:19:59:09 -0300] "GET /favicon.ico HTTP/1.1" 404 1081
127.0.0.1 - - [14/Apr/2017:19:59:21 -0300] "POST /PublicacaoProducer/services/PublicacoesWebServicePort HTTP/1.1" 200 541
0:0:0:0:0:0:0:1 - - [14/Apr/2017:19:59:21 -0300] "GET /PublicacaoConsumer/ HTTP/1.1" 200 1174
0:0:0:0:0:0:0:1 - - [14/Apr/2017:19:59:21 -0300] "GET /favicon.ico HTTP/1.1" 404 1081
127.0.0.1 - - [14/Apr/2017:20:00:14 -0300] "POST /PublicacaoProducer/services/PublicacoesWebServicePort HTTP/1.1" 200 541
0:0:0:0:0:0:0:1 - - [14/Apr/2017:20:00:15 -0300] "GET /PublicacaoConsumer/ HTTP/1.1" 200 1215
0:0:0:0:0:0:0:1 - - [14/Apr/2017:20:00:15 -0300] "GET /favicon.ico HTTP/1.1" 404 1081
127.0.0.1 - - [14/Apr/2017:20:00:41 -0300] "POST /PublicacaoProducer/services/PublicacoesWebServicePort HTTP/1.1" 200 541
0:0:0:0:0:0:0:1 - - [14/Apr/2017:20:00:41 -0300] "GET /PublicacaoConsumer/ HTTP/1.1" 200 1215
0:0:0:0:0:0:0:1 - - [14/Apr/2017:20:00:42 -0300] "GET /favicon.ico HTTP/1.1" 404 1081
127.0.0.1 - - [14/Apr/2017:20:02:52 -0300] "POST /PublicacaoProducer/services/PublicacoesWebServicePort HTTP/1.1" 200 541
0:0:0:0:0:0:0:1 - - [14/Apr/2017:20:02:52 -0300] "GET /PublicacaoConsumer/ HTTP/1.1" 200 1161
127.0.0.1 - - [14/Apr/2017:20:02:56 -0300] "POST /PublicacaoProducer/services/PublicacoesWebServicePort HTTP/1.1" 200 541
0:0:0:0:0:0:0:1 - - [14/Apr/2017:20:02:56 -0300] "GET /PublicacaoConsumer/ HTTP/1.1" 200 1161
0:0:0:0:0:0:0:1 - - [14/Apr/2017:20:02:57 -0300] "GET /favicon.ico HTTP/1.1" 404 1081
127.0.0.1 - - [14/Apr/2017:20:02:58 -0300] "POST /PublicacaoProducer/services/PublicacoesWebServicePort HTTP/1.1" 200 541
0:0:0:0:0:0:0:1 - - [14/Apr/2017:20:02:58 -0300] "GET /PublicacaoConsumer/ HTTP/1.1" 200 1161
127.0.0.1 - - [14/Apr/2017:20:02:58 -0300] "POST /PublicacaoProducer/services/PublicacoesWebServicePort HTTP/1.1" 200 541
0:0:0:0:0:0:0:1 - - [14/Apr/2017:20:02:58 -0300] "GET /PublicacaoConsumer/ HTTP/1.1" 200 1161
127.0.0.1 - - [14/Apr/2017:20:02:59 -0300] "POST /PublicacaoProducer/services/PublicacoesWebServicePort HTTP/1.1" 200 541
0:0:0:0:0:0:0:1 - - [14/Apr/2017:20:02:59 -0300] "GET /PublicacaoConsumer/ HTTP/1.1" 200 1161
127.0.0.1 - - [14/Apr/2017:20:02:59 -0300] "POST /PublicacaoProducer/services/PublicacoesWebServicePort HTTP/1.1" 200 541
0:0:0:0:0:0:0:1 - - [14/Apr/2017:20:02:59 -0300] "GET /PublicacaoConsumer/ HTTP/1.1" 200 1161
127.0.0.1 - - [14/Apr/2017:20:02:59 -0300] "POST /PublicacaoProducer/services/PublicacoesWebServicePort HTTP/1.1" 200 541
0:0:0:0:0:0:0:1 - - [14/Apr/2017:20:02:59 -0300] "GET /PublicacaoConsumer/ HTTP/1.1" 200 1161
0:0:0:0:0:0:0:1 - - [14/Apr/2017:20:02:59 -0300] "GET /favicon.ico HTTP/1.1" 404 1081
127.0.0.1 - - [14/Apr/2017:20:04:57 -0300] "POST /PublicacaoProducer/services/PublicacoesWebServicePort HTTP/1.1" 200 541
0:0:0:0:0:0:0:1 - - [14/Apr/2017:20:04:58 -0300] "GET /PublicacaoConsumer/ HTTP/1.1" 200 1239
127.0.0.1 - - [14/Apr/2017:20:05:13 -0300] "POST /PublicacaoProducer/services/PublicacoesWebServicePort HTTP/1.1" 200 541
0:0:0:0:0:0:0:1 - - [14/Apr/2017:20:05:13 -0300] "GET /PublicacaoConsumer/ HTTP/1.1" 200 1239
127.0.0.1 - - [14/Apr/2017:20:05:14 -0300] "POST /PublicacaoProducer/services/PublicacoesWebServicePort HTTP/1.1" 200 541
0:0:0:0:0:0:0:1 - - [14/Apr/2017:20:05:14 -0300] "GET /PublicacaoConsumer/ HTTP/1.1" 200 1239
0:0:0:0:0:0:0:1 - - [14/Apr/2017:20:05:15 -0300] "GET /favicon.ico HTTP/1.1" 404 1081
127.0.0.1 - - [14/Apr/2017:20:06:14 -0300] "POST /PublicacaoProducer/services/PublicacoesWebServicePort HTTP/1.1" 200 541
0:0:0:0:0:0:0:1 - - [14/Apr/2017:20:06:14 -0300] "GET /PublicacaoConsumer/ HTTP/1.1" 200 1239
127.0.0.1 - - [14/Apr/2017:20:07:04 -0300] "POST /PublicacaoProducer/services/PublicacoesWebServicePort HTTP/1.1" 200 541
0:0:0:0:0:0:0:1 - - [14/Apr/2017:20:07:04 -0300] "GET /PublicacaoConsumer/ HTTP/1.1" 200 1185
127.0.0.1 - - [14/Apr/2017:20:07:07 -0300] "POST /PublicacaoProducer/services/PublicacoesWebServicePort HTTP/1.1" 200 541
0:0:0:0:0:0:0:1 - - [14/Apr/2017:20:07:07 -0300] "GET /PublicacaoConsumer/ HTTP/1.1" 200 1185
127.0.0.1 - - [14/Apr/2017:20:07:07 -0300] "POST /PublicacaoProducer/services/PublicacoesWebServicePort HTTP/1.1" 200 541
0:0:0:0:0:0:0:1 - - [14/Apr/2017:20:07:07 -0300] "GET /PublicacaoConsumer/ HTTP/1.1" 200 1185
0:0:0:0:0:0:0:1 - - [14/Apr/2017:20:07:07 -0300] "GET /favicon.ico HTTP/1.1" 404 1081
127.0.0.1 - - [14/Apr/2017:20:07:08 -0300] "POST /PublicacaoProducer/services/PublicacoesWebServicePort HTTP/1.1" 200 541
0:0:0:0:0:0:0:1 - - [14/Apr/2017:20:07:08 -0300] "GET /PublicacaoConsumer/ HTTP/1.1" 200 1185
127.0.0.1 - - [14/Apr/2017:20:07:08 -0300] "POST /PublicacaoProducer/services/PublicacoesWebServicePort HTTP/1.1" 200 541
0:0:0:0:0:0:0:1 - - [14/Apr/2017:20:07:08 -0300] "GET /PublicacaoConsumer/ HTTP/1.1" 200 1185
127.0.0.1 - - [14/Apr/2017:20:07:08 -0300] "POST /PublicacaoProducer/services/PublicacoesWebServicePort HTTP/1.1" 200 541
0:0:0:0:0:0:0:1 - - [14/Apr/2017:20:07:08 -0300] "GET /PublicacaoConsumer/ HTTP/1.1" 200 1185
127.0.0.1 - - [14/Apr/2017:20:07:08 -0300] "POST /PublicacaoProducer/services/PublicacoesWebServicePort HTTP/1.1" 200 541
0:0:0:0:0:0:0:1 - - [14/Apr/2017:20:07:08 -0300] "GET /PublicacaoConsumer/ HTTP/1.1" 200 1185
127.0.0.1 - - [14/Apr/2017:20:07:08 -0300] "POST /PublicacaoProducer/services/PublicacoesWebServicePort HTTP/1.1" 200 541
0:0:0:0:0:0:0:1 - - [14/Apr/2017:20:07:08 -0300] "GET /PublicacaoConsumer/ HTTP/1.1" 200 1185
127.0.0.1 - - [14/Apr/2017:20:07:08 -0300] "POST /PublicacaoProducer/services/PublicacoesWebServicePort HTTP/1.1" 200 541
0:0:0:0:0:0:0:1 - - [14/Apr/2017:20:07:08 -0300] "GET /PublicacaoConsumer/ HTTP/1.1" 200 1185
127.0.0.1 - - [14/Apr/2017:20:07:08 -0300] "POST /PublicacaoProducer/services/PublicacoesWebServicePort HTTP/1.1" 200 541
0:0:0:0:0:0:0:1 - - [14/Apr/2017:20:07:08 -0300] "GET /PublicacaoConsumer/ HTTP/1.1" 200 1185
127.0.0.1 - - [14/Apr/2017:20:07:09 -0300] "POST /PublicacaoProducer/services/PublicacoesWebServicePort HTTP/1.1" 200 541
0:0:0:0:0:0:0:1 - - [14/Apr/2017:20:07:09 -0300] "GET /PublicacaoConsumer/ HTTP/1.1" 200 1185
127.0.0.1 - - [14/Apr/2017:20:07:09 -0300] "POST /PublicacaoProducer/services/PublicacoesWebServicePort HTTP/1.1" 200 541
0:0:0:0:0:0:0:1 - - [14/Apr/2017:20:07:09 -0300] "GET /PublicacaoConsumer/ HTTP/1.1" 200 1185
0:0:0:0:0:0:0:1 - - [14/Apr/2017:20:07:09 -0300] "GET /favicon.ico HTTP/1.1" 404 1081
127.0.0.1 - - [14/Apr/2017:20:08:40 -0300] "POST /PublicacaoProducer/services/PublicacoesWebServicePort HTTP/1.1" 200 541
0:0:0:0:0:0:0:1 - - [14/Apr/2017:20:08:41 -0300] "GET /PublicacaoConsumer/ HTTP/1.1" 200 1233
0:0:0:0:0:0:0:1 - - [14/Apr/2017:20:08:41 -0300] "GET /favicon.ico HTTP/1.1" 404 1081
127.0.0.1 - - [14/Apr/2017:20:09:15 -0300] "POST /PublicacaoProducer/services/PublicacoesWebServicePort HTTP/1.1" 200 541
0:0:0:0:0:0:0:1 - - [14/Apr/2017:20:09:16 -0300] "GET /PublicacaoConsumer/ HTTP/1.1" 200 1237
0:0:0:0:0:0:0:1 - - [14/Apr/2017:20:09:16 -0300] "GET /favicon.ico HTTP/1.1" 404 1081
127.0.0.1 - - [14/Apr/2017:20:09:17 -0300] "POST /PublicacaoProducer/services/PublicacoesWebServicePort HTTP/1.1" 200 541
0:0:0:0:0:0:0:1 - - [14/Apr/2017:20:09:17 -0300] "GET /PublicacaoConsumer/ HTTP/1.1" 200 1237
127.0.0.1 - - [14/Apr/2017:20:09:17 -0300] "POST /PublicacaoProducer/services/PublicacoesWebServicePort HTTP/1.1" 200 541
0:0:0:0:0:0:0:1 - - [14/Apr/2017:20:09:17 -0300] "GET /PublicacaoConsumer/ HTTP/1.1" 200 1237
127.0.0.1 - - [14/Apr/2017:20:09:17 -0300] "POST /PublicacaoProducer/services/PublicacoesWebServicePort HTTP/1.1" 200 541
0:0:0:0:0:0:0:1 - - [14/Apr/2017:20:09:17 -0300] "GET /PublicacaoConsumer/ HTTP/1.1" 200 1237
127.0.0.1 - - [14/Apr/2017:20:09:18 -0300] "POST /PublicacaoProducer/services/PublicacoesWebServicePort HTTP/1.1" 200 541
0:0:0:0:0:0:0:1 - - [14/Apr/2017:20:09:18 -0300] "GET /PublicacaoConsumer/ HTTP/1.1" 200 1237
0:0:0:0:0:0:0:1 - - [14/Apr/2017:20:09:18 -0300] "GET /favicon.ico HTTP/1.1" 404 1081
127.0.0.1 - - [14/Apr/2017:20:10:19 -0300] "POST /PublicacaoProducer/services/PublicacoesWebServicePort HTTP/1.1" 200 541
0:0:0:0:0:0:0:1 - - [14/Apr/2017:20:10:20 -0300] "GET /PublicacaoConsumer/ HTTP/1.1" 200 1233
127.0.0.1 - - [14/Apr/2017:20:10:40 -0300] "POST /PublicacaoProducer/services/PublicacoesWebServicePort HTTP/1.1" 200 541
0:0:0:0:0:0:0:1 - - [14/Apr/2017:20:10:41 -0300] "GET /PublicacaoConsumer/ HTTP/1.1" 200 1233
0:0:0:0:0:0:0:1 - - [14/Apr/2017:20:10:41 -0300] "GET /favicon.ico HTTP/1.1" 404 1081
127.0.0.1 - - [14/Apr/2017:20:12:12 -0300] "POST /PublicacaoProducer/services/PublicacoesWebServicePort HTTP/1.1" 200 541
0:0:0:0:0:0:0:1 - - [14/Apr/2017:20:12:12 -0300] "GET /PublicacaoConsumer/ HTTP/1.1" 200 1737
0:0:0:0:0:0:0:1 - - [14/Apr/2017:20:12:13 -0300] "GET /favicon.ico HTTP/1.1" 404 1081
127.0.0.1 - - [14/Apr/2017:20:12:43 -0300] "POST /PublicacaoProducer/services/PublicacoesWebServicePort HTTP/1.1" 200 541
0:0:0:0:0:0:0:1 - - [14/Apr/2017:20:12:44 -0300] "GET /PublicacaoConsumer/ HTTP/1.1" 200 1747
0:0:0:0:0:0:0:1 - - [14/Apr/2017:20:12:44 -0300] "GET /favicon.ico HTTP/1.1" 404 1081
127.0.0.1 - - [14/Apr/2017:20:13:50 -0300] "POST /PublicacaoProducer/services/PublicacoesWebServicePort HTTP/1.1" 200 541
0:0:0:0:0:0:0:1 - - [14/Apr/2017:20:13:51 -0300] "GET /PublicacaoConsumer/ HTTP/1.1" 200 1772
0:0:0:0:0:0:0:1 - - [14/Apr/2017:20:13:51 -0300] "GET /favicon.ico HTTP/1.1" 404 1081
127.0.0.1 - - [14/Apr/2017:20:13:53 -0300] "POST /PublicacaoProducer/services/PublicacoesWebServicePort HTTP/1.1" 200 241
0:0:0:0:0:0:0:1 - - [14/Apr/2017:20:13:53 -0300] "GET /PublicacaoConsumer/publicacoes HTTP/1.1" 200 2845
127.0.0.1 - - [14/Apr/2017:20:13:55 -0300] "POST /PublicacaoProducer/services/PublicacoesWebServicePort HTTP/1.1" 200 541
0:0:0:0:0:0:0:1 - - [14/Apr/2017:20:13:55 -0300] "GET /PublicacaoConsumer/ HTTP/1.1" 200 1772
127.0.0.1 - - [14/Apr/2017:20:13:56 -0300] "POST /PublicacaoProducer/services/PublicacoesWebServicePort HTTP/1.1" 200 241
0:0:0:0:0:0:0:1 - - [14/Apr/2017:20:13:56 -0300] "GET /PublicacaoConsumer/cadastrarPublicacao HTTP/1.1" 200 2595
127.0.0.1 - - [14/Apr/2017:20:13:58 -0300] "POST /PublicacaoProducer/services/PublicacoesWebServicePort HTTP/1.1" 200 541
0:0:0:0:0:0:0:1 - - [14/Apr/2017:20:13:58 -0300] "GET /PublicacaoConsumer/ HTTP/1.1" 200 1772
127.0.0.1 - - [14/Apr/2017:20:13:58 -0300] "POST /PublicacaoProducer/services/PublicacoesWebServicePort HTTP/1.1" 200 241
0:0:0:0:0:0:0:1 - - [14/Apr/2017:20:13:59 -0300] "GET /PublicacaoConsumer/alterarPublicacao HTTP/1.1" 200 3994
127.0.0.1 - - [14/Apr/2017:20:14:01 -0300] "POST /PublicacaoProducer/services/PublicacoesWebServicePort HTTP/1.1" 200 541
0:0:0:0:0:0:0:1 - - [14/Apr/2017:20:14:01 -0300] "GET /PublicacaoConsumer/ HTTP/1.1" 200 1772
127.0.0.1 - - [14/Apr/2017:20:14:01 -0300] "POST /PublicacaoProducer/services/PublicacoesWebServicePort HTTP/1.1" 200 241
0:0:0:0:0:0:0:1 - - [14/Apr/2017:20:14:02 -0300] "GET /PublicacaoConsumer/excluirPublicacao HTTP/1.1" 200 3972
127.0.0.1 - - [14/Apr/2017:20:14:03 -0300] "POST /PublicacaoProducer/services/PublicacoesWebServicePort HTTP/1.1" 200 541
0:0:0:0:0:0:0:1 - - [14/Apr/2017:20:14:03 -0300] "GET /PublicacaoConsumer/ HTTP/1.1" 200 1772
127.0.0.1 - - [14/Apr/2017:20:14:25 -0300] "POST /PublicacaoProducer/services/PublicacoesWebServicePort HTTP/1.1" 200 241
0:0:0:0:0:0:0:1 - - [14/Apr/2017:20:14:25 -0300] "GET /PublicacaoConsumer/publicacoes HTTP/1.1" 200 2845
127.0.0.1 - - [14/Apr/2017:20:14:27 -0300] "POST /PublicacaoProducer/services/PublicacoesWebServicePort HTTP/1.1" 200 541
0:0:0:0:0:0:0:1 - - [14/Apr/2017:20:14:27 -0300] "GET /PublicacaoConsumer/ HTTP/1.1" 200 1772
127.0.0.1 - - [14/Apr/2017:20:14:29 -0300] "POST /PublicacaoProducer/services/PublicacoesWebServicePort HTTP/1.1" 200 241
0:0:0:0:0:0:0:1 - - [14/Apr/2017:20:14:29 -0300] "GET /PublicacaoConsumer/cadastrarPublicacao HTTP/1.1" 200 2595
127.0.0.1 - - [14/Apr/2017:20:14:30 -0300] "POST /PublicacaoProducer/services/PublicacoesWebServicePort HTTP/1.1" 200 541
0:0:0:0:0:0:0:1 - - [14/Apr/2017:20:14:30 -0300] "GET /PublicacaoConsumer/ HTTP/1.1" 200 1772
127.0.0.1 - - [14/Apr/2017:20:14:31 -0300] "POST /PublicacaoProducer/services/PublicacoesWebServicePort HTTP/1.1" 200 241
0:0:0:0:0:0:0:1 - - [14/Apr/2017:20:14:31 -0300] "GET /PublicacaoConsumer/alterarPublicacao HTTP/1.1" 200 3994
127.0.0.1 - - [14/Apr/2017:20:14:32 -0300] "POST /PublicacaoProducer/services/PublicacoesWebServicePort HTTP/1.1" 200 541
0:0:0:0:0:0:0:1 - - [14/Apr/2017:20:14:32 -0300] "GET /PublicacaoConsumer/ HTTP/1.1" 200 1772
127.0.0.1 - - [14/Apr/2017:20:14:33 -0300] "POST /PublicacaoProducer/services/PublicacoesWebServicePort HTTP/1.1" 200 241
0:0:0:0:0:0:0:1 - - [14/Apr/2017:20:14:33 -0300] "GET /PublicacaoConsumer/excluirPublicacao HTTP/1.1" 200 3972
127.0.0.1 - - [14/Apr/2017:20:14:36 -0300] "POST /PublicacaoProducer/services/PublicacoesWebServicePort HTTP/1.1" 200 541
0:0:0:0:0:0:0:1 - - [14/Apr/2017:20:14:36 -0300] "GET /PublicacaoConsumer/ HTTP/1.1" 200 1772
127.0.0.1 - - [14/Apr/2017:20:22:55 -0300] "GET /PublicacaoProducer/services/PublicacoesWebServicePort?wsdl HTTP/1.1" 200 8414
127.0.0.1 - - [14/Apr/2017:20:22:55 -0300] "GET /PublicacaoProducer/services/PublicacoesWebServicePort?xsd=publicacoeswebservice_schema1.xsd HTTP/1.1" 200 5312
127.0.0.1 - - [14/Apr/2017:20:22:56 -0300] "GET /PublicacaoProducer/services/PublicacoesWebServicePort?xsd=publicacoeswebservice_schema1.xsd HTTP/1.1" 200 5312
127.0.0.1 - - [14/Apr/2017:20:22:58 -0300] "POST /PublicacaoProducer/services/PublicacoesWebServicePort HTTP/1.1" 200 541
127.0.0.1 - - [14/Apr/2017:20:22:58 -0300] "POST /PublicacaoProducer/services/PublicacoesWebServicePort HTTP/1.1" 200 248
127.0.0.1 - - [14/Apr/2017:20:24:12 -0300] "GET /PublicacaoProducer/services/PublicacoesWebServicePort?wsdl HTTP/1.1" 200 8414
127.0.0.1 - - [14/Apr/2017:20:24:13 -0300] "GET /PublicacaoProducer/services/PublicacoesWebServicePort?xsd=publicacoeswebservice_schema1.xsd HTTP/1.1" 200 5312
127.0.0.1 - - [14/Apr/2017:20:24:13 -0300] "GET /PublicacaoProducer/services/PublicacoesWebServicePort?xsd=publicacoeswebservice_schema1.xsd HTTP/1.1" 200 5312
127.0.0.1 - - [14/Apr/2017:20:24:13 -0300] "POST /PublicacaoProducer/services/PublicacoesWebServicePort HTTP/1.1" 200 541
127.0.0.1 - - [14/Apr/2017:20:24:14 -0300] "POST /PublicacaoProducer/services/PublicacoesWebServicePort HTTP/1.1" 200 248
127.0.0.1 - - [14/Apr/2017:20:24:37 -0300] "GET /PublicacaoProducer/services/PublicacoesWebServicePort?wsdl HTTP/1.1" 200 8414
127.0.0.1 - - [14/Apr/2017:20:24:37 -0300] "GET /PublicacaoProducer/services/PublicacoesWebServicePort?xsd=publicacoeswebservice_schema1.xsd HTTP/1.1" 200 5312
127.0.0.1 - - [14/Apr/2017:20:24:37 -0300] "GET /PublicacaoProducer/services/PublicacoesWebServicePort?xsd=publicacoeswebservice_schema1.xsd HTTP/1.1" 200 5312
127.0.0.1 - - [14/Apr/2017:20:24:38 -0300] "POST /PublicacaoProducer/services/PublicacoesWebServicePort HTTP/1.1" 200 541
127.0.0.1 - - [14/Apr/2017:20:24:38 -0300] "POST /PublicacaoProducer/services/PublicacoesWebServicePort HTTP/1.1" 200 248
127.0.0.1 - - [14/Apr/2017:20:24:57 -0300] "GET /PublicacaoProducer/services/PublicacoesWebServicePort?wsdl HTTP/1.1" 200 8414
127.0.0.1 - - [14/Apr/2017:20:24:57 -0300] "GET /PublicacaoProducer/services/PublicacoesWebServicePort?xsd=publicacoeswebservice_schema1.xsd HTTP/1.1" 200 5312
127.0.0.1 - - [14/Apr/2017:20:24:57 -0300] "GET /PublicacaoProducer/services/PublicacoesWebServicePort?xsd=publicacoeswebservice_schema1.xsd HTTP/1.1" 200 5312
127.0.0.1 - - [14/Apr/2017:20:24:58 -0300] "POST /PublicacaoProducer/services/PublicacoesWebServicePort HTTP/1.1" 200 541
127.0.0.1 - - [14/Apr/2017:20:24:58 -0300] "POST /PublicacaoProducer/services/PublicacoesWebServicePort HTTP/1.1" 200 248
127.0.0.1 - - [14/Apr/2017:20:25:53 -0300] "GET /PublicacaoProducer/services/PublicacoesWebServicePort?wsdl HTTP/1.1" 200 8414
127.0.0.1 - - [14/Apr/2017:20:25:53 -0300] "GET /PublicacaoProducer/services/PublicacoesWebServicePort?xsd=publicacoeswebservice_schema1.xsd HTTP/1.1" 200 5312
127.0.0.1 - - [14/Apr/2017:20:25:53 -0300] "GET /PublicacaoProducer/services/PublicacoesWebServicePort?xsd=publicacoeswebservice_schema1.xsd HTTP/1.1" 200 5312
127.0.0.1 - - [14/Apr/2017:20:25:54 -0300] "POST /PublicacaoProducer/services/PublicacoesWebServicePort HTTP/1.1" 200 541
127.0.0.1 - - [14/Apr/2017:20:25:54 -0300] "POST /PublicacaoProducer/services/PublicacoesWebServicePort HTTP/1.1" 200 248
127.0.0.1 - - [14/Apr/2017:20:26:29 -0300] "GET /PublicacaoProducer/services/PublicacoesWebServicePort?wsdl HTTP/1.1" 200 8414
127.0.0.1 - - [14/Apr/2017:20:26:29 -0300] "GET /PublicacaoProducer/services/PublicacoesWebServicePort?xsd=publicacoeswebservice_schema1.xsd HTTP/1.1" 200 5312
127.0.0.1 - - [14/Apr/2017:20:26:30 -0300] "GET /PublicacaoProducer/services/PublicacoesWebServicePort?xsd=publicacoeswebservice_schema1.xsd HTTP/1.1" 200 5312
127.0.0.1 - - [14/Apr/2017:20:26:31 -0300] "POST /PublicacaoProducer/services/PublicacoesWebServicePort HTTP/1.1" 200 541
127.0.0.1 - - [14/Apr/2017:20:26:31 -0300] "POST /PublicacaoProducer/services/PublicacoesWebServicePort HTTP/1.1" 200 248
127.0.0.1 - - [14/Apr/2017:20:26:39 -0300] "GET /PublicacaoProducer/services/PublicacoesWebServicePort?wsdl HTTP/1.1" 200 8414
127.0.0.1 - - [14/Apr/2017:20:26:39 -0300] "GET /PublicacaoProducer/services/PublicacoesWebServicePort?xsd=publicacoeswebservice_schema1.xsd HTTP/1.1" 200 5312
127.0.0.1 - - [14/Apr/2017:20:26:39 -0300] "GET /PublicacaoProducer/services/PublicacoesWebServicePort?xsd=publicacoeswebservice_schema1.xsd HTTP/1.1" 200 5312
127.0.0.1 - - [14/Apr/2017:20:26:40 -0300] "POST /PublicacaoProducer/services/PublicacoesWebServicePort HTTP/1.1" 200 541
127.0.0.1 - - [14/Apr/2017:20:26:40 -0300] "POST /PublicacaoProducer/services/PublicacoesWebServicePort HTTP/1.1" 200 248
127.0.0.1 - - [14/Apr/2017:20:28:49 -0300] "GET / HTTP/1.1" 404 1070
127.0.0.1 - - [14/Apr/2017:20:30:54 -0300] "GET / HTTP/1.1" 404 1070
127.0.0.1 - - [14/Apr/2017:20:31:12 -0300] "GET /PublicacaoProducer/services/PublicacoesWebServicePort?wsdl HTTP/1.1" 200 8414
127.0.0.1 - - [14/Apr/2017:20:31:12 -0300] "GET /PublicacaoProducer/services/PublicacoesWebServicePort?xsd=publicacoeswebservice_schema1.xsd HTTP/1.1" 200 5312
127.0.0.1 - - [14/Apr/2017:20:31:12 -0300] "GET /PublicacaoProducer/services/PublicacoesWebServicePort?xsd=publicacoeswebservice_schema1.xsd HTTP/1.1" 200 5312
127.0.0.1 - - [14/Apr/2017:20:31:14 -0300] "POST /PublicacaoProducer/services/PublicacoesWebServicePort HTTP/1.1" 200 541
127.0.0.1 - - [14/Apr/2017:20:31:39 -0300] "POST /PublicacaoProducer/services/PublicacoesWebServicePort HTTP/1.1" 200 248
127.0.0.1 - - [14/Apr/2017:20:31:50 -0300] "GET /PublicacaoProducer/services/PublicacoesWebServicePort?wsdl HTTP/1.1" 200 8414
127.0.0.1 - - [14/Apr/2017:20:31:50 -0300] "GET /PublicacaoProducer/services/PublicacoesWebServicePort?xsd=publicacoeswebservice_schema1.xsd HTTP/1.1" 200 5312
127.0.0.1 - - [14/Apr/2017:20:31:50 -0300] "GET /PublicacaoProducer/services/PublicacoesWebServicePort?xsd=publicacoeswebservice_schema1.xsd HTTP/1.1" 200 5312
127.0.0.1 - - [14/Apr/2017:20:31:51 -0300] "POST /PublicacaoProducer/services/PublicacoesWebServicePort HTTP/1.1" 200 541
127.0.0.1 - - [14/Apr/2017:20:32:16 -0300] "POST /PublicacaoProducer/services/PublicacoesWebServicePort HTTP/1.1" 200 248
127.0.0.1 - - [14/Apr/2017:20:33:02 -0300] "GET /PublicacaoProducer/services/PublicacoesWebServicePort?wsdl HTTP/1.1" 200 8414
127.0.0.1 - - [14/Apr/2017:20:33:02 -0300] "GET /PublicacaoProducer/services/PublicacoesWebServicePort?xsd=publicacoeswebservice_schema1.xsd HTTP/1.1" 200 5312
127.0.0.1 - - [14/Apr/2017:20:33:02 -0300] "GET /PublicacaoProducer/services/PublicacoesWebServicePort?xsd=publicacoeswebservice_schema1.xsd HTTP/1.1" 200 5312
127.0.0.1 - - [14/Apr/2017:20:33:03 -0300] "POST /PublicacaoProducer/services/PublicacoesWebServicePort HTTP/1.1" 200 541
127.0.0.1 - - [14/Apr/2017:20:33:10 -0300] "POST /PublicacaoProducer/services/PublicacoesWebServicePort HTTP/1.1" 200 248
127.0.0.1 - - [14/Apr/2017:20:33:21 -0300] "GET /PublicacaoProducer/services/PublicacoesWebServicePort?wsdl HTTP/1.1" 200 8414
127.0.0.1 - - [14/Apr/2017:20:33:21 -0300] "GET /PublicacaoProducer/services/PublicacoesWebServicePort?xsd=publicacoeswebservice_schema1.xsd HTTP/1.1" 200 5312
127.0.0.1 - - [14/Apr/2017:20:33:21 -0300] "GET /PublicacaoProducer/services/PublicacoesWebServicePort?xsd=publicacoeswebservice_schema1.xsd HTTP/1.1" 200 5312
127.0.0.1 - - [14/Apr/2017:20:33:22 -0300] "POST /PublicacaoProducer/services/PublicacoesWebServicePort HTTP/1.1" 200 541
127.0.0.1 - - [14/Apr/2017:20:33:46 -0300] "POST /PublicacaoProducer/services/PublicacoesWebServicePort HTTP/1.1" 200 248
127.0.0.1 - - [14/Apr/2017:20:34:30 -0300] "GET /PublicacaoProducer/services/PublicacoesWebServicePort?wsdl HTTP/1.1" 200 8414
127.0.0.1 - - [14/Apr/2017:20:34:30 -0300] "GET /PublicacaoProducer/services/PublicacoesWebServicePort?xsd=publicacoeswebservice_schema1.xsd HTTP/1.1" 200 5312
127.0.0.1 - - [14/Apr/2017:20:34:31 -0300] "GET /PublicacaoProducer/services/PublicacoesWebServicePort?xsd=publicacoeswebservice_schema1.xsd HTTP/1.1" 200 5312
127.0.0.1 - - [14/Apr/2017:20:34:33 -0300] "POST /PublicacaoProducer/services/PublicacoesWebServicePort HTTP/1.1" 200 541
127.0.0.1 - - [14/Apr/2017:20:34:49 -0300] "POST /PublicacaoProducer/services/PublicacoesWebServicePort HTTP/1.1" 200 248
127.0.0.1 - - [14/Apr/2017:20:34:58 -0300] "GET /PublicacaoProducer/services/PublicacoesWebServicePort?wsdl HTTP/1.1" 200 8414
127.0.0.1 - - [14/Apr/2017:20:34:58 -0300] "GET /PublicacaoProducer/services/PublicacoesWebServicePort?xsd=publicacoeswebservice_schema1.xsd HTTP/1.1" 200 5312
127.0.0.1 - - [14/Apr/2017:20:34:58 -0300] "GET /PublicacaoProducer/services/PublicacoesWebServicePort?xsd=publicacoeswebservice_schema1.xsd HTTP/1.1" 200 5312
127.0.0.1 - - [14/Apr/2017:20:34:59 -0300] "POST /PublicacaoProducer/services/PublicacoesWebServicePort HTTP/1.1" 200 541
127.0.0.1 - - [14/Apr/2017:20:36:09 -0300] "POST /PublicacaoProducer/services/PublicacoesWebServicePort HTTP/1.1" 200 248
127.0.0.1 - - [14/Apr/2017:20:36:50 -0300] "GET /PublicacaoProducer/services/PublicacoesWebServicePort?wsdl HTTP/1.1" 200 8414
127.0.0.1 - - [14/Apr/2017:20:36:50 -0300] "GET /PublicacaoProducer/services/PublicacoesWebServicePort?xsd=publicacoeswebservice_schema1.xsd HTTP/1.1" 200 5312
127.0.0.1 - - [14/Apr/2017:20:36:50 -0300] "GET /PublicacaoProducer/services/PublicacoesWebServicePort?xsd=publicacoeswebservice_schema1.xsd HTTP/1.1" 200 5312
127.0.0.1 - - [14/Apr/2017:20:36:51 -0300] "POST /PublicacaoProducer/services/PublicacoesWebServicePort HTTP/1.1" 200 541
127.0.0.1 - - [14/Apr/2017:20:36:54 -0300] "POST /PublicacaoProducer/services/PublicacoesWebServicePort HTTP/1.1" 200 248
127.0.0.1 - - [14/Apr/2017:20:37:56 -0300] "GET /PublicacaoProducer/services/PublicacoesWebServicePort?wsdl HTTP/1.1" 200 8414
127.0.0.1 - - [14/Apr/2017:20:37:56 -0300] "GET /PublicacaoProducer/services/PublicacoesWebServicePort?wsdl HTTP/1.1" 200 8414
127.0.0.1 - - [14/Apr/2017:20:37:56 -0300] "GET /PublicacaoProducer/services/PublicacoesWebServicePort?xsd=publicacoeswebservice_schema1.xsd HTTP/1.1" 200 5312
127.0.0.1 - - [14/Apr/2017:20:37:56 -0300] "GET /PublicacaoProducer/services/PublicacoesWebServicePort?xsd=publicacoeswebservice_schema1.xsd HTTP/1.1" 200 5312
127.0.0.1 - - [14/Apr/2017:20:37:56 -0300] "GET /PublicacaoProducer/services/PublicacoesWebServicePort?xsd=publicacoeswebservice_schema1.xsd HTTP/1.1" 200 5312
127.0.0.1 - - [14/Apr/2017:20:37:56 -0300] "GET /PublicacaoProducer/services/PublicacoesWebServicePort?xsd=publicacoeswebservice_schema1.xsd HTTP/1.1" 200 5312
127.0.0.1 - - [14/Apr/2017:20:37:59 -0300] "POST /PublicacaoProducer/services/PublicacoesWebServicePort HTTP/1.1" 200 541
127.0.0.1 - - [14/Apr/2017:20:37:59 -0300] "POST /PublicacaoProducer/services/PublicacoesWebServicePort HTTP/1.1" 200 541
127.0.0.1 - - [14/Apr/2017:20:38:23 -0300] "POST /PublicacaoProducer/services/PublicacoesWebServicePort HTTP/1.1" 200 404
127.0.0.1 - - [14/Apr/2017:20:38:28 -0300] "POST /PublicacaoProducer/services/PublicacoesWebServicePort HTTP/1.1" 200 404
127.0.0.1 - - [14/Apr/2017:20:40:04 -0300] "GET /PublicacaoProducer/services/PublicacoesWebServicePort?wsdl HTTP/1.1" 200 8414
127.0.0.1 - - [14/Apr/2017:20:40:04 -0300] "GET /PublicacaoProducer/services/PublicacoesWebServicePort?xsd=publicacoeswebservice_schema1.xsd HTTP/1.1" 200 5312
127.0.0.1 - - [14/Apr/2017:20:40:04 -0300] "GET /PublicacaoProducer/services/PublicacoesWebServicePort?xsd=publicacoeswebservice_schema1.xsd HTTP/1.1" 200 5312
127.0.0.1 - - [14/Apr/2017:20:40:05 -0300] "POST /PublicacaoProducer/services/PublicacoesWebServicePort HTTP/1.1" 200 541
127.0.0.1 - - [14/Apr/2017:20:44:55 -0300] "POST /PublicacaoProducer/services/PublicacoesWebServicePort HTTP/1.1" 500 404
127.0.0.1 - - [14/Apr/2017:20:45:56 -0300] "GET /PublicacaoProducer/services/PublicacoesWebServicePort?wsdl HTTP/1.1" 200 8414
127.0.0.1 - - [14/Apr/2017:20:45:56 -0300] "GET /PublicacaoProducer/services/PublicacoesWebServicePort?xsd=publicacoeswebservice_schema1.xsd HTTP/1.1" 200 5312
127.0.0.1 - - [14/Apr/2017:20:45:57 -0300] "GET /PublicacaoProducer/services/PublicacoesWebServicePort?xsd=publicacoeswebservice_schema1.xsd HTTP/1.1" 200 5312
127.0.0.1 - - [14/Apr/2017:20:45:57 -0300] "POST /PublicacaoProducer/services/PublicacoesWebServicePort HTTP/1.1" 200 541
127.0.0.1 - - [14/Apr/2017:20:46:01 -0300] "POST /PublicacaoProducer/services/PublicacoesWebServicePort HTTP/1.1" 200 404
127.0.0.1 - - [14/Apr/2017:20:46:50 -0300] "GET /PublicacaoProducer/services/PublicacoesWebServicePort?wsdl HTTP/1.1" 200 8414
127.0.0.1 - - [14/Apr/2017:20:46:50 -0300] "GET /PublicacaoProducer/services/PublicacoesWebServicePort?xsd=publicacoeswebservice_schema1.xsd HTTP/1.1" 200 5312
127.0.0.1 - - [14/Apr/2017:20:46:50 -0300] "GET /PublicacaoProducer/services/PublicacoesWebServicePort?xsd=publicacoeswebservice_schema1.xsd HTTP/1.1" 200 5312
127.0.0.1 - - [14/Apr/2017:20:46:53 -0300] "POST /PublicacaoProducer/services/PublicacoesWebServicePort HTTP/1.1" 200 541
127.0.0.1 - - [14/Apr/2017:20:46:55 -0300] "POST /PublicacaoProducer/services/PublicacoesWebServicePort HTTP/1.1" 200 522
127.0.0.1 - - [14/Apr/2017:20:51:02 -0300] "GET /PublicacaoProducer/services/PublicacoesWebServicePort?wsdl HTTP/1.1" 200 8414
127.0.0.1 - - [14/Apr/2017:20:51:04 -0300] "GET /PublicacaoProducer/services/PublicacoesWebServicePort?wsdl HTTP/1.1" 200 8414
0:0:0:0:0:0:0:1 - - [14/Apr/2017:20:51:06 -0300] "GET /PublicacaoConsumer/ HTTP/1.1" 200 -
127.0.0.1 - - [14/Apr/2017:20:51:27 -0300] "GET /PublicacaoProducer/services/PublicacoesWebServicePort?wsdl HTTP/1.1" 200 8414
127.0.0.1 - - [14/Apr/2017:20:51:27 -0300] "GET /PublicacaoProducer/services/PublicacoesWebServicePort?xsd=publicacoeswebservice_schema1.xsd HTTP/1.1" 200 5312
127.0.0.1 - - [14/Apr/2017:20:51:28 -0300] "GET /PublicacaoProducer/services/PublicacoesWebServicePort?xsd=publicacoeswebservice_schema1.xsd HTTP/1.1" 200 5312
127.0.0.1 - - [14/Apr/2017:20:51:35 -0300] "POST /PublicacaoProducer/services/PublicacoesWebServicePort HTTP/1.1" 200 248
