127.0.0.1 - - [14/Apr/2017:20:54:14 -0300] "GET / HTTP/1.1" 404 1070
127.0.0.1 - - [14/Apr/2017:20:54:19 -0300] "GET /PublicacaoProducer/services/PublicacoesWebServicePort?wsdl HTTP/1.1" 200 8414
127.0.0.1 - - [14/Apr/2017:20:54:19 -0300] "GET /PublicacaoProducer/services/PublicacoesWebServicePort?xsd=publicacoeswebservice_schema1.xsd HTTP/1.1" 200 5312
127.0.0.1 - - [14/Apr/2017:20:54:20 -0300] "GET /PublicacaoProducer/services/PublicacoesWebServicePort?xsd=publicacoeswebservice_schema1.xsd HTTP/1.1" 200 5312
127.0.0.1 - - [14/Apr/2017:20:54:25 -0300] "POST /PublicacaoProducer/services/PublicacoesWebServicePort HTTP/1.1" 200 248
0:0:0:0:0:0:0:1 - - [14/Apr/2017:20:54:27 -0300] "GET /PublicacaoConsumer/autores HTTP/1.1" 500 5192
0:0:0:0:0:0:0:1 - - [14/Apr/2017:20:54:27 -0300] "GET /favicon.ico HTTP/1.1" 404 1081
127.0.0.1 - - [14/Apr/2017:20:55:58 -0300] "POST /PublicacaoProducer/services/PublicacoesWebServicePort HTTP/1.1" 200 541
0:0:0:0:0:0:0:1 - - [14/Apr/2017:20:55:58 -0300] "GET /PublicacaoConsumer/ HTTP/1.1" 200 1771
127.0.0.1 - - [14/Apr/2017:20:56:02 -0300] "POST /PublicacaoProducer/services/PublicacoesWebServicePort HTTP/1.1" 200 248
0:0:0:0:0:0:0:1 - - [14/Apr/2017:20:56:02 -0300] "GET /PublicacaoConsumer/autores HTTP/1.1" 500 5192
127.0.0.1 - - [14/Apr/2017:20:57:29 -0300] "POST /PublicacaoProducer/services/PublicacoesWebServicePort HTTP/1.1" 200 248
0:0:0:0:0:0:0:1 - - [14/Apr/2017:20:57:32 -0300] "GET /PublicacaoConsumer/autores HTTP/1.1" 500 5192
127.0.0.1 - - [14/Apr/2017:20:57:55 -0300] "POST /PublicacaoProducer/services/PublicacoesWebServicePort HTTP/1.1" 200 241
0:0:0:0:0:0:0:1 - - [14/Apr/2017:20:58:01 -0300] "GET /PublicacaoConsumer/publicacoes HTTP/1.1" 200 2845
127.0.0.1 - - [14/Apr/2017:21:00:00 -0300] "POST /PublicacaoProducer/services/PublicacoesWebServicePort HTTP/1.1" 200 541
0:0:0:0:0:0:0:1 - - [14/Apr/2017:21:00:00 -0300] "GET /PublicacaoConsumer/ HTTP/1.1" 200 1771
0:0:0:0:0:0:0:1 - - [14/Apr/2017:21:00:36 -0300] "GET /PublicacaoConsumer/autores HTTP/1.1" 200 2878
127.0.0.1 - - [14/Apr/2017:21:01:28 -0300] "GET /PublicacaoProducer/services/PublicacoesWebServicePort?wsdl HTTP/1.1" 200 8414
127.0.0.1 - - [14/Apr/2017:21:01:29 -0300] "GET /PublicacaoProducer/services/PublicacoesWebServicePort?xsd=publicacoeswebservice_schema1.xsd HTTP/1.1" 200 5312
127.0.0.1 - - [14/Apr/2017:21:01:30 -0300] "GET /PublicacaoProducer/services/PublicacoesWebServicePort?xsd=publicacoeswebservice_schema1.xsd HTTP/1.1" 200 5312
127.0.0.1 - - [14/Apr/2017:21:01:34 -0300] "POST /PublicacaoProducer/services/PublicacoesWebServicePort HTTP/1.1" 200 522
0:0:0:0:0:0:0:1 - - [14/Apr/2017:21:01:35 -0300] "POST /PublicacaoConsumer/consultarAutores HTTP/1.1" 500 5194
127.0.0.1 - - [14/Apr/2017:21:02:44 -0300] "POST /PublicacaoProducer/services/PublicacoesWebServicePort HTTP/1.1" 200 522
0:0:0:0:0:0:0:1 - - [14/Apr/2017:21:03:29 -0300] "POST /PublicacaoConsumer/consultarAutores HTTP/1.1" 500 5194
127.0.0.1 - - [14/Apr/2017:21:04:53 -0300] "POST /PublicacaoProducer/services/PublicacoesWebServicePort HTTP/1.1" 200 522
0:0:0:0:0:0:0:1 - - [14/Apr/2017:21:04:54 -0300] "POST /PublicacaoConsumer/consultarAutores HTTP/1.1" 500 5267
0:0:0:0:0:0:0:1 - - [14/Apr/2017:21:04:54 -0300] "GET /favicon.ico HTTP/1.1" 404 1081
127.0.0.1 - - [14/Apr/2017:21:05:06 -0300] "POST /PublicacaoProducer/services/PublicacoesWebServicePort HTTP/1.1" 200 522
0:0:0:0:0:0:0:1 - - [14/Apr/2017:21:05:07 -0300] "POST /PublicacaoConsumer/consultarAutores HTTP/1.1" 500 5267
127.0.0.1 - - [14/Apr/2017:21:09:43 -0300] "GET / HTTP/1.1" 404 1070
0:0:0:0:0:0:0:1 - - [14/Apr/2017:21:10:05 -0300] "GET /PublicacaoConsumer HTTP/1.1" 302 -
127.0.0.1 - - [14/Apr/2017:21:10:10 -0300] "GET /PublicacaoProducer/services/PublicacoesWebServicePort?wsdl HTTP/1.1" 200 8414
127.0.0.1 - - [14/Apr/2017:21:10:11 -0300] "GET /PublicacaoProducer/services/PublicacoesWebServicePort?xsd=publicacoeswebservice_schema1.xsd HTTP/1.1" 200 5312
127.0.0.1 - - [14/Apr/2017:21:10:12 -0300] "GET /PublicacaoProducer/services/PublicacoesWebServicePort?xsd=publicacoeswebservice_schema1.xsd HTTP/1.1" 200 5312
127.0.0.1 - - [14/Apr/2017:21:10:17 -0300] "POST /PublicacaoProducer/services/PublicacoesWebServicePort HTTP/1.1" 200 541
0:0:0:0:0:0:0:1 - - [14/Apr/2017:21:10:18 -0300] "GET /PublicacaoConsumer/ HTTP/1.1" 200 1771
0:0:0:0:0:0:0:1 - - [14/Apr/2017:21:10:21 -0300] "GET /PublicacaoConsumer/autores HTTP/1.1" 200 2863
127.0.0.1 - - [14/Apr/2017:21:10:24 -0300] "POST /PublicacaoProducer/services/PublicacoesWebServicePort HTTP/1.1" 200 522
0:0:0:0:0:0:0:1 - - [14/Apr/2017:21:10:24 -0300] "POST /PublicacaoConsumer/consultarAutores HTTP/1.1" 200 3055
127.0.0.1 - - [14/Apr/2017:21:10:57 -0300] "POST /PublicacaoProducer/services/PublicacoesWebServicePort HTTP/1.1" 200 522
0:0:0:0:0:0:0:1 - - [14/Apr/2017:21:10:58 -0300] "POST /PublicacaoConsumer/consultarAutores HTTP/1.1" 200 2943
127.0.0.1 - - [14/Apr/2017:21:22:29 -0300] "GET / HTTP/1.1" 404 1070
127.0.0.1 - - [14/Apr/2017:21:23:01 -0300] "GET /PublicacaoProducer/services/PublicacoesWebServicePort?wsdl HTTP/1.1" 200 8414
127.0.0.1 - - [14/Apr/2017:21:23:01 -0300] "GET /PublicacaoProducer/services/PublicacoesWebServicePort?xsd=publicacoeswebservice_schema1.xsd HTTP/1.1" 200 5312
127.0.0.1 - - [14/Apr/2017:21:23:02 -0300] "GET /PublicacaoProducer/services/PublicacoesWebServicePort?xsd=publicacoeswebservice_schema1.xsd HTTP/1.1" 200 5312
127.0.0.1 - - [14/Apr/2017:21:23:08 -0300] "POST /PublicacaoProducer/services/PublicacoesWebServicePort HTTP/1.1" 200 541
0:0:0:0:0:0:0:1 - - [14/Apr/2017:21:23:08 -0300] "GET /PublicacaoConsumer/ HTTP/1.1" 200 1771
0:0:0:0:0:0:0:1 - - [14/Apr/2017:21:23:12 -0300] "GET /PublicacaoConsumer/autores HTTP/1.1" 200 2941
127.0.0.1 - - [14/Apr/2017:21:23:16 -0300] "POST /PublicacaoProducer/services/PublicacoesWebServicePort HTTP/1.1" 200 531
0:0:0:0:0:0:0:1 - - [14/Apr/2017:21:23:16 -0300] "POST /PublicacaoConsumer/consultarAutores HTTP/1.1" 200 3054
127.0.0.1 - - [14/Apr/2017:21:23:55 -0300] "POST /PublicacaoProducer/services/PublicacoesWebServicePort HTTP/1.1" 200 531
0:0:0:0:0:0:0:1 - - [14/Apr/2017:21:24:05 -0300] "POST /PublicacaoConsumer/consultarAutores HTTP/1.1" 200 3054
127.0.0.1 - - [14/Apr/2017:21:25:28 -0300] "POST /PublicacaoProducer/services/PublicacoesWebServicePort HTTP/1.1" 200 541
0:0:0:0:0:0:0:1 - - [14/Apr/2017:21:25:28 -0300] "GET /PublicacaoConsumer/ HTTP/1.1" 500 2242
127.0.0.1 - - [14/Apr/2017:21:26:03 -0300] "GET /PublicacaoProducer/services/PublicacoesWebServicePort?wsdl HTTP/1.1" 200 8414
127.0.0.1 - - [14/Apr/2017:21:26:05 -0300] "GET /PublicacaoProducer/services/PublicacoesWebServicePort?xsd=publicacoeswebservice_schema1.xsd HTTP/1.1" 200 5312
127.0.0.1 - - [14/Apr/2017:21:26:06 -0300] "GET /PublicacaoProducer/services/PublicacoesWebServicePort?xsd=publicacoeswebservice_schema1.xsd HTTP/1.1" 200 5312
127.0.0.1 - - [14/Apr/2017:21:26:10 -0300] "POST /PublicacaoProducer/services/PublicacoesWebServicePort HTTP/1.1" 200 541
0:0:0:0:0:0:0:1 - - [14/Apr/2017:21:26:10 -0300] "GET /PublicacaoConsumer/ HTTP/1.1" 200 1771
0:0:0:0:0:0:0:1 - - [14/Apr/2017:21:26:11 -0300] "GET /favicon.ico HTTP/1.1" 404 1081
0:0:0:0:0:0:0:1 - - [14/Apr/2017:21:26:14 -0300] "GET /PublicacaoConsumer/autores HTTP/1.1" 200 2974
127.0.0.1 - - [14/Apr/2017:21:26:19 -0300] "POST /PublicacaoProducer/services/PublicacoesWebServicePort HTTP/1.1" 200 554
0:0:0:0:0:0:0:1 - - [14/Apr/2017:21:26:19 -0300] "POST /PublicacaoConsumer/consultarAutores HTTP/1.1" 200 3100
127.0.0.1 - - [14/Apr/2017:21:26:29 -0300] "POST /PublicacaoProducer/services/PublicacoesWebServicePort HTTP/1.1" 200 541
0:0:0:0:0:0:0:1 - - [14/Apr/2017:21:26:29 -0300] "GET /PublicacaoConsumer/ HTTP/1.1" 200 1771
127.0.0.1 - - [14/Apr/2017:21:26:35 -0300] "POST /PublicacaoProducer/services/PublicacoesWebServicePort HTTP/1.1" 200 241
0:0:0:0:0:0:0:1 - - [14/Apr/2017:21:26:35 -0300] "GET /PublicacaoConsumer/publicacoes HTTP/1.1" 200 2845
127.0.0.1 - - [14/Apr/2017:21:26:38 -0300] "POST /PublicacaoProducer/services/PublicacoesWebServicePort HTTP/1.1" 200 541
0:0:0:0:0:0:0:1 - - [14/Apr/2017:21:26:38 -0300] "POST /PublicacaoConsumer/publicacoes HTTP/1.1" 200 3031
127.0.0.1 - - [14/Apr/2017:21:26:40 -0300] "POST /PublicacaoProducer/services/PublicacoesWebServicePort HTTP/1.1" 200 541
0:0:0:0:0:0:0:1 - - [14/Apr/2017:21:26:40 -0300] "GET /PublicacaoConsumer/ HTTP/1.1" 200 1771
127.0.0.1 - - [14/Apr/2017:21:26:41 -0300] "POST /PublicacaoProducer/services/PublicacoesWebServicePort HTTP/1.1" 200 241
0:0:0:0:0:0:0:1 - - [14/Apr/2017:21:26:41 -0300] "GET /PublicacaoConsumer/cadastrarPublicacao HTTP/1.1" 200 2595
127.0.0.1 - - [14/Apr/2017:21:26:51 -0300] "POST /PublicacaoProducer/services/PublicacoesWebServicePort HTTP/1.1" 200 250
0:0:0:0:0:0:0:1 - - [14/Apr/2017:21:26:51 -0300] "POST /PublicacaoConsumer/addPublicacao HTTP/1.1" 200 2595
127.0.0.1 - - [14/Apr/2017:21:26:52 -0300] "POST /PublicacaoProducer/services/PublicacoesWebServicePort HTTP/1.1" 200 541
0:0:0:0:0:0:0:1 - - [14/Apr/2017:21:26:53 -0300] "GET /PublicacaoConsumer/ HTTP/1.1" 200 1771
127.0.0.1 - - [14/Apr/2017:21:26:55 -0300] "POST /PublicacaoProducer/services/PublicacoesWebServicePort HTTP/1.1" 200 241
0:0:0:0:0:0:0:1 - - [14/Apr/2017:21:26:55 -0300] "GET /PublicacaoConsumer/publicacoes HTTP/1.1" 200 2845
127.0.0.1 - - [14/Apr/2017:21:26:58 -0300] "POST /PublicacaoProducer/services/PublicacoesWebServicePort HTTP/1.1" 200 241
0:0:0:0:0:0:0:1 - - [14/Apr/2017:21:26:58 -0300] "POST /PublicacaoConsumer/publicacoes HTTP/1.1" 200 2845
127.0.0.1 - - [14/Apr/2017:21:27:00 -0300] "POST /PublicacaoProducer/services/PublicacoesWebServicePort HTTP/1.1" 200 450
0:0:0:0:0:0:0:1 - - [14/Apr/2017:21:27:00 -0300] "POST /PublicacaoConsumer/publicacoes HTTP/1.1" 200 2940
127.0.0.1 - - [14/Apr/2017:21:27:04 -0300] "POST /PublicacaoProducer/services/PublicacoesWebServicePort HTTP/1.1" 200 241
0:0:0:0:0:0:0:1 - - [14/Apr/2017:21:27:05 -0300] "POST /PublicacaoConsumer/publicacoes HTTP/1.1" 200 2845
127.0.0.1 - - [14/Apr/2017:21:28:18 -0300] "POST /PublicacaoProducer/services/PublicacoesWebServicePort HTTP/1.1" 200 241
0:0:0:0:0:0:0:1 - - [14/Apr/2017:21:28:18 -0300] "POST /PublicacaoConsumer/publicacoes HTTP/1.1" 200 2845
127.0.0.1 - - [14/Apr/2017:21:28:20 -0300] "POST /PublicacaoProducer/services/PublicacoesWebServicePort HTTP/1.1" 200 541
0:0:0:0:0:0:0:1 - - [14/Apr/2017:21:28:20 -0300] "GET /PublicacaoConsumer/ HTTP/1.1" 200 1771
127.0.0.1 - - [14/Apr/2017:21:28:21 -0300] "POST /PublicacaoProducer/services/PublicacoesWebServicePort HTTP/1.1" 200 241
0:0:0:0:0:0:0:1 - - [14/Apr/2017:21:28:21 -0300] "GET /PublicacaoConsumer/cadastrarPublicacao HTTP/1.1" 200 2595
127.0.0.1 - - [14/Apr/2017:21:29:18 -0300] "POST /PublicacaoProducer/services/PublicacoesWebServicePort HTTP/1.1" 200 250
0:0:0:0:0:0:0:1 - - [14/Apr/2017:21:29:18 -0300] "POST /PublicacaoConsumer/addPublicacao HTTP/1.1" 200 2595
127.0.0.1 - - [14/Apr/2017:21:30:26 -0300] "POST /PublicacaoProducer/services/PublicacoesWebServicePort HTTP/1.1" 200 250
0:0:0:0:0:0:0:1 - - [14/Apr/2017:21:30:27 -0300] "POST /PublicacaoConsumer/addPublicacao HTTP/1.1" 200 2595
0:0:0:0:0:0:0:1 - - [14/Apr/2017:21:30:27 -0300] "GET /favicon.ico HTTP/1.1" 404 1081
127.0.0.1 - - [14/Apr/2017:21:30:51 -0300] "POST /PublicacaoProducer/services/PublicacoesWebServicePort HTTP/1.1" 200 250
0:0:0:0:0:0:0:1 - - [14/Apr/2017:21:30:51 -0300] "POST /PublicacaoConsumer/addPublicacao HTTP/1.1" 200 2595
127.0.0.1 - - [14/Apr/2017:21:33:13 -0300] "POST /PublicacaoProducer/services/PublicacoesWebServicePort HTTP/1.1" 200 541
0:0:0:0:0:0:0:1 - - [14/Apr/2017:21:33:13 -0300] "GET /PublicacaoConsumer/ HTTP/1.1" 200 1771
0:0:0:0:0:0:0:1 - - [14/Apr/2017:21:33:14 -0300] "GET /favicon.ico HTTP/1.1" 404 1081
0:0:0:0:0:0:0:1 - - [14/Apr/2017:21:33:53 -0300] "GET /PublicacaoConsumer/cadastrarPublicacao HTTP/1.1" 200 -
127.0.0.1 - - [14/Apr/2017:21:36:55 -0300] "GET / HTTP/1.1" 404 1070
127.0.0.1 - - [14/Apr/2017:21:37:00 -0300] "GET /PublicacaoProducer/services/PublicacoesWebServicePort?wsdl HTTP/1.1" 200 8414
127.0.0.1 - - [14/Apr/2017:21:37:00 -0300] "GET /PublicacaoProducer/services/PublicacoesWebServicePort?xsd=publicacoeswebservice_schema1.xsd HTTP/1.1" 200 5312
127.0.0.1 - - [14/Apr/2017:21:37:01 -0300] "GET /PublicacaoProducer/services/PublicacoesWebServicePort?xsd=publicacoeswebservice_schema1.xsd HTTP/1.1" 200 5312
127.0.0.1 - - [14/Apr/2017:21:37:06 -0300] "POST /PublicacaoProducer/services/PublicacoesWebServicePort HTTP/1.1" 200 541
0:0:0:0:0:0:0:1 - - [14/Apr/2017:21:37:07 -0300] "GET /PublicacaoConsumer/ HTTP/1.1" 200 1771
127.0.0.1 - - [14/Apr/2017:21:37:14 -0300] "POST /PublicacaoProducer/services/PublicacoesWebServicePort HTTP/1.1" 200 541
0:0:0:0:0:0:0:1 - - [14/Apr/2017:21:37:14 -0300] "GET /PublicacaoConsumer/ HTTP/1.1" 200 1771
0:0:0:0:0:0:0:1 - - [14/Apr/2017:21:37:15 -0300] "GET /favicon.ico HTTP/1.1" 404 1081
127.0.0.1 - - [14/Apr/2017:21:37:18 -0300] "POST /PublicacaoProducer/services/PublicacoesWebServicePort HTTP/1.1" 200 241
0:0:0:0:0:0:0:1 - - [14/Apr/2017:21:37:18 -0300] "GET /PublicacaoConsumer/cadastrarPublicacao HTTP/1.1" 200 2681
127.0.0.1 - - [14/Apr/2017:21:37:25 -0300] "POST /PublicacaoProducer/services/PublicacoesWebServicePort HTTP/1.1" 200 250
0:0:0:0:0:0:0:1 - - [14/Apr/2017:21:37:25 -0300] "POST /PublicacaoConsumer/addPublicacao HTTP/1.1" 200 2595
127.0.0.1 - - [14/Apr/2017:21:37:28 -0300] "POST /PublicacaoProducer/services/PublicacoesWebServicePort HTTP/1.1" 200 541
0:0:0:0:0:0:0:1 - - [14/Apr/2017:21:37:28 -0300] "GET /PublicacaoConsumer/ HTTP/1.1" 200 1771
127.0.0.1 - - [14/Apr/2017:21:37:29 -0300] "POST /PublicacaoProducer/services/PublicacoesWebServicePort HTTP/1.1" 200 241
0:0:0:0:0:0:0:1 - - [14/Apr/2017:21:37:29 -0300] "GET /PublicacaoConsumer/publicacoes HTTP/1.1" 200 2845
127.0.0.1 - - [14/Apr/2017:21:37:32 -0300] "POST /PublicacaoProducer/services/PublicacoesWebServicePort HTTP/1.1" 200 391
0:0:0:0:0:0:0:1 - - [14/Apr/2017:21:37:32 -0300] "POST /PublicacaoConsumer/publicacoes HTTP/1.1" 200 2881
127.0.0.1 - - [14/Apr/2017:21:37:35 -0300] "POST /PublicacaoProducer/services/PublicacoesWebServicePort HTTP/1.1" 200 541
0:0:0:0:0:0:0:1 - - [14/Apr/2017:21:37:35 -0300] "GET /PublicacaoConsumer/ HTTP/1.1" 200 1771
0:0:0:0:0:0:0:1 - - [14/Apr/2017:21:37:37 -0300] "GET /PublicacaoConsumer/autores HTTP/1.1" 200 2974
127.0.0.1 - - [14/Apr/2017:21:37:40 -0300] "POST /PublicacaoProducer/services/PublicacoesWebServicePort HTTP/1.1" 200 554
0:0:0:0:0:0:0:1 - - [14/Apr/2017:21:37:40 -0300] "POST /PublicacaoConsumer/consultarAutores HTTP/1.1" 200 3100
127.0.0.1 - - [14/Apr/2017:21:37:45 -0300] "POST /PublicacaoProducer/services/PublicacoesWebServicePort HTTP/1.1" 200 541
0:0:0:0:0:0:0:1 - - [14/Apr/2017:21:37:45 -0300] "GET /PublicacaoConsumer/ HTTP/1.1" 200 1771
0:0:0:0:0:0:0:1 - - [14/Apr/2017:23:03:07 -0300] "GET /PublicacaoConsumer/autores HTTP/1.1" 200 2974
127.0.0.1 - - [14/Apr/2017:23:03:11 -0300] "POST /PublicacaoProducer/services/PublicacoesWebServicePort HTTP/1.1" 200 554
0:0:0:0:0:0:0:1 - - [14/Apr/2017:23:03:11 -0300] "POST /PublicacaoConsumer/consultarAutores HTTP/1.1" 200 3100
127.0.0.1 - - [14/Apr/2017:23:03:17 -0300] "POST /PublicacaoProducer/services/PublicacoesWebServicePort HTTP/1.1" 200 541
0:0:0:0:0:0:0:1 - - [14/Apr/2017:23:03:17 -0300] "GET /PublicacaoConsumer/ HTTP/1.1" 200 1771
127.0.0.1 - - [14/Apr/2017:23:10:21 -0300] "POST /PublicacaoProducer/services/PublicacoesWebServicePort HTTP/1.1" 200 541
0:0:0:0:0:0:0:1 - - [14/Apr/2017:23:10:21 -0300] "GET /PublicacaoConsumer/ HTTP/1.1" 200 1771
0:0:0:0:0:0:0:1 - - [14/Apr/2017:23:10:22 -0300] "GET /favicon.ico HTTP/1.1" 404 1081
0:0:0:0:0:0:0:1 - - [14/Apr/2017:23:10:24 -0300] "GET /PublicacaoConsumer/cadastrarAutor HTTP/1.1" 404 1047
0:0:0:0:0:0:0:1 - - [14/Apr/2017:23:11:45 -0300] "GET /favicon.ico HTTP/1.1" 404 1081
127.0.0.1 - - [14/Apr/2017:23:11:56 -0300] "GET /PublicacaoProducer/services/PublicacoesWebServicePort?wsdl HTTP/1.1" 200 8414
127.0.0.1 - - [14/Apr/2017:23:11:56 -0300] "GET /PublicacaoProducer/services/PublicacoesWebServicePort?wsdl HTTP/1.1" 200 8414
127.0.0.1 - - [14/Apr/2017:23:11:56 -0300] "GET /PublicacaoProducer/services/PublicacoesWebServicePort?wsdl HTTP/1.1" 200 8414
127.0.0.1 - - [14/Apr/2017:23:11:57 -0300] "GET /PublicacaoProducer/services/PublicacoesWebServicePort?xsd=publicacoeswebservice_schema1.xsd HTTP/1.1" 200 5312
127.0.0.1 - - [14/Apr/2017:23:11:57 -0300] "GET /PublicacaoProducer/services/PublicacoesWebServicePort?xsd=publicacoeswebservice_schema1.xsd HTTP/1.1" 200 5312
127.0.0.1 - - [14/Apr/2017:23:11:57 -0300] "GET /PublicacaoProducer/services/PublicacoesWebServicePort?xsd=publicacoeswebservice_schema1.xsd HTTP/1.1" 200 5312
127.0.0.1 - - [14/Apr/2017:23:11:57 -0300] "GET /PublicacaoProducer/services/PublicacoesWebServicePort?xsd=publicacoeswebservice_schema1.xsd HTTP/1.1" 200 5312
127.0.0.1 - - [14/Apr/2017:23:11:57 -0300] "GET /PublicacaoProducer/services/PublicacoesWebServicePort?xsd=publicacoeswebservice_schema1.xsd HTTP/1.1" 200 5312
127.0.0.1 - - [14/Apr/2017:23:11:58 -0300] "GET /PublicacaoProducer/services/PublicacoesWebServicePort?xsd=publicacoeswebservice_schema1.xsd HTTP/1.1" 200 5312
127.0.0.1 - - [14/Apr/2017:23:12:01 -0300] "POST /PublicacaoProducer/services/PublicacoesWebServicePort HTTP/1.1" 200 541
127.0.0.1 - - [14/Apr/2017:23:12:01 -0300] "POST /PublicacaoProducer/services/PublicacoesWebServicePort HTTP/1.1" 200 241
127.0.0.1 - - [14/Apr/2017:23:12:01 -0300] "POST /PublicacaoProducer/services/PublicacoesWebServicePort HTTP/1.1" 200 541
0:0:0:0:0:0:0:1 - - [14/Apr/2017:23:12:02 -0300] "GET /PublicacaoConsumer/ HTTP/1.1" 200 1771
0:0:0:0:0:0:0:1 - - [14/Apr/2017:23:12:02 -0300] "GET /PublicacaoConsumer/ HTTP/1.1" 200 1771
0:0:0:0:0:0:0:1 - - [14/Apr/2017:23:12:02 -0300] "GET /PublicacaoConsumer/cadastrarPublicacao HTTP/1.1" 200 2681
127.0.0.1 - - [14/Apr/2017:23:12:38 -0300] "POST /PublicacaoProducer/services/PublicacoesWebServicePort HTTP/1.1" 200 241
0:0:0:0:0:0:0:1 - - [14/Apr/2017:23:12:38 -0300] "GET /PublicacaoConsumer/cadastrarPublicacao HTTP/1.1" 200 2681
127.0.0.1 - - [14/Apr/2017:23:13:08 -0300] "POST /PublicacaoProducer/services/PublicacoesWebServicePort HTTP/1.1" 200 541
0:0:0:0:0:0:0:1 - - [14/Apr/2017:23:13:08 -0300] "GET /PublicacaoConsumer/ HTTP/1.1" 200 1771
0:0:0:0:0:0:0:1 - - [14/Apr/2017:23:13:09 -0300] "GET /PublicacaoConsumer/cadastrarAutor HTTP/1.1" 404 1047
127.0.0.1 - - [14/Apr/2017:23:17:00 -0300] "GET /PublicacaoProducer/services/PublicacoesWebServicePort?wsdl HTTP/1.1" 200 8414
127.0.0.1 - - [14/Apr/2017:23:17:01 -0300] "GET /PublicacaoProducer/services/PublicacoesWebServicePort?xsd=publicacoeswebservice_schema1.xsd HTTP/1.1" 200 5312
127.0.0.1 - - [14/Apr/2017:23:17:02 -0300] "GET /PublicacaoProducer/services/PublicacoesWebServicePort?xsd=publicacoeswebservice_schema1.xsd HTTP/1.1" 200 5312
127.0.0.1 - - [14/Apr/2017:23:17:08 -0300] "POST /PublicacaoProducer/services/PublicacoesWebServicePort HTTP/1.1" 200 541
0:0:0:0:0:0:0:1 - - [14/Apr/2017:23:17:09 -0300] "GET /PublicacaoConsumer/ HTTP/1.1" 200 1771
0:0:0:0:0:0:0:1 - - [14/Apr/2017:23:17:09 -0300] "GET /favicon.ico HTTP/1.1" 404 1081
0:0:0:0:0:0:0:1 - - [14/Apr/2017:23:17:15 -0300] "GET /PublicacaoConsumer/cadastrarAutor HTTP/1.1" 200 2566
0:0:0:0:0:0:0:1 - - [14/Apr/2017:23:18:09 -0300] "GET /PublicacaoConsumer/cadastrarAutor HTTP/1.1" 200 2155
0:0:0:0:0:0:0:1 - - [14/Apr/2017:23:18:09 -0300] "GET /favicon.ico HTTP/1.1" 404 1081
0:0:0:0:0:0:0:1 - - [14/Apr/2017:23:24:44 -0300] "GET /PublicacaoConsumer/cadastrarAutor HTTP/1.1" 200 3076
0:0:0:0:0:0:0:1 - - [14/Apr/2017:23:24:45 -0300] "GET /favicon.ico HTTP/1.1" 404 1081
0:0:0:0:0:0:0:1 - - [14/Apr/2017:23:25:50 -0300] "GET /PublicacaoConsumer/cadastrarAutor HTTP/1.1" 200 3076
0:0:0:0:0:0:0:1 - - [14/Apr/2017:23:25:50 -0300] "GET /favicon.ico HTTP/1.1" 404 1081
0:0:0:0:0:0:0:1 - - [14/Apr/2017:23:26:01 -0300] "GET /PublicacaoConsumer/cadastrarAutor HTTP/1.1" 200 3052
0:0:0:0:0:0:0:1 - - [14/Apr/2017:23:26:01 -0300] "GET /favicon.ico HTTP/1.1" 404 1081
0:0:0:0:0:0:0:1 - - [14/Apr/2017:23:26:45 -0300] "GET /PublicacaoConsumer/cadastrarAutor HTTP/1.1" 200 3122
0:0:0:0:0:0:0:1 - - [14/Apr/2017:23:26:45 -0300] "GET /favicon.ico HTTP/1.1" 404 1081
0:0:0:0:0:0:0:1 - - [14/Apr/2017:23:27:19 -0300] "GET /PublicacaoConsumer/cadastrarAutor HTTP/1.1" 200 3053
0:0:0:0:0:0:0:1 - - [14/Apr/2017:23:27:20 -0300] "GET /favicon.ico HTTP/1.1" 404 1081
0:0:0:0:0:0:0:1 - - [14/Apr/2017:23:27:48 -0300] "GET /PublicacaoConsumer/cadastrarAutor HTTP/1.1" 200 3081
0:0:0:0:0:0:0:1 - - [14/Apr/2017:23:27:48 -0300] "GET /favicon.ico HTTP/1.1" 404 1081
127.0.0.1 - - [14/Apr/2017:23:30:42 -0300] "POST /PublicacaoProducer/services/PublicacoesWebServicePort HTTP/1.1" 200 240
0:0:0:0:0:0:0:1 - - [14/Apr/2017:23:30:42 -0300] "POST /PublicacaoConsumer/addAutor HTTP/1.1" 200 3081
127.0.0.1 - - [14/Apr/2017:23:30:51 -0300] "POST /PublicacaoProducer/services/PublicacoesWebServicePort HTTP/1.1" 200 541
0:0:0:0:0:0:0:1 - - [14/Apr/2017:23:30:51 -0300] "GET /PublicacaoConsumer/ HTTP/1.1" 200 1771
0:0:0:0:0:0:0:1 - - [14/Apr/2017:23:31:00 -0300] "GET /PublicacaoConsumer/autores HTTP/1.1" 200 2974
127.0.0.1 - - [14/Apr/2017:23:31:04 -0300] "POST /PublicacaoProducer/services/PublicacoesWebServicePort HTTP/1.1" 200 521
0:0:0:0:0:0:0:1 - - [14/Apr/2017:23:31:04 -0300] "POST /PublicacaoConsumer/consultarAutores HTTP/1.1" 200 3069
127.0.0.1 - - [14/Apr/2017:23:31:53 -0300] "POST /PublicacaoProducer/services/PublicacoesWebServicePort HTTP/1.1" 200 541
0:0:0:0:0:0:0:1 - - [14/Apr/2017:23:31:53 -0300] "GET /PublicacaoConsumer/ HTTP/1.1" 200 1771
127.0.0.1 - - [14/Apr/2017:23:39:21 -0300] "GET /PublicacaoProducer/services/PublicacoesWebServicePort?wsdl HTTP/1.1" 200 8414
127.0.0.1 - - [14/Apr/2017:23:39:21 -0300] "GET /PublicacaoProducer/services/PublicacoesWebServicePort?wsdl HTTP/1.1" 200 8414
127.0.0.1 - - [14/Apr/2017:23:39:22 -0300] "GET /PublicacaoProducer/services/PublicacoesWebServicePort?xsd=publicacoeswebservice_schema1.xsd HTTP/1.1" 200 5312
127.0.0.1 - - [14/Apr/2017:23:39:22 -0300] "GET /PublicacaoProducer/services/PublicacoesWebServicePort?xsd=publicacoeswebservice_schema1.xsd HTTP/1.1" 200 5312
127.0.0.1 - - [14/Apr/2017:23:39:23 -0300] "GET /PublicacaoProducer/services/PublicacoesWebServicePort?xsd=publicacoeswebservice_schema1.xsd HTTP/1.1" 200 5312
127.0.0.1 - - [14/Apr/2017:23:39:23 -0300] "GET /PublicacaoProducer/services/PublicacoesWebServicePort?xsd=publicacoeswebservice_schema1.xsd HTTP/1.1" 200 5312
127.0.0.1 - - [14/Apr/2017:23:45:42 -0300] "GET / HTTP/1.1" 404 1070
127.0.0.1 - - [14/Apr/2017:23:45:51 -0300] "GET /PublicacaoProducer/services/PublicacoesWebServicePort?wsdl HTTP/1.1" 200 8414
127.0.0.1 - - [14/Apr/2017:23:45:52 -0300] "GET /PublicacaoProducer/services/PublicacoesWebServicePort?xsd=publicacoeswebservice_schema1.xsd HTTP/1.1" 200 5312
127.0.0.1 - - [14/Apr/2017:23:45:53 -0300] "GET /PublicacaoProducer/services/PublicacoesWebServicePort?xsd=publicacoeswebservice_schema1.xsd HTTP/1.1" 200 5312
127.0.0.1 - - [14/Apr/2017:23:45:58 -0300] "POST /PublicacaoProducer/services/PublicacoesWebServicePort HTTP/1.1" 200 541
0:0:0:0:0:0:0:1 - - [14/Apr/2017:23:45:59 -0300] "GET /PublicacaoConsumer/ HTTP/1.1" 200 1771
0:0:0:0:0:0:0:1 - - [14/Apr/2017:23:46:00 -0300] "GET /favicon.ico HTTP/1.1" 404 1081
0:0:0:0:0:0:0:1 - - [14/Apr/2017:23:46:06 -0300] "GET /PublicacaoConsumer/alterarAutor HTTP/1.1" 200 4329
127.0.0.1 - - [14/Apr/2017:23:46:09 -0300] "POST /PublicacaoProducer/services/PublicacoesWebServicePort HTTP/1.1" 200 541
0:0:0:0:0:0:0:1 - - [14/Apr/2017:23:46:09 -0300] "GET /PublicacaoConsumer/ HTTP/1.1" 200 1771
0:0:0:0:0:0:0:1 - - [14/Apr/2017:23:46:10 -0300] "GET /PublicacaoConsumer/cadastrarAutor HTTP/1.1" 200 3081
127.0.0.1 - - [14/Apr/2017:23:46:32 -0300] "POST /PublicacaoProducer/services/PublicacoesWebServicePort HTTP/1.1" 200 541
0:0:0:0:0:0:0:1 - - [14/Apr/2017:23:46:32 -0300] "GET /PublicacaoConsumer/ HTTP/1.1" 200 1771
0:0:0:0:0:0:0:1 - - [14/Apr/2017:23:46:34 -0300] "GET /PublicacaoConsumer/alterarAutor HTTP/1.1" 200 4329
127.0.0.1 - - [14/Apr/2017:23:46:37 -0300] "POST /PublicacaoProducer/services/PublicacoesWebServicePort HTTP/1.1" 200 521
0:0:0:0:0:0:0:1 - - [14/Apr/2017:23:46:38 -0300] "POST /PublicacaoConsumer/consultarAutores HTTP/1.1" 200 3092
127.0.0.1 - - [14/Apr/2017:23:46:40 -0300] "POST /PublicacaoProducer/services/PublicacoesWebServicePort HTTP/1.1" 200 541
0:0:0:0:0:0:0:1 - - [14/Apr/2017:23:46:40 -0300] "GET /PublicacaoConsumer/ HTTP/1.1" 200 1771
0:0:0:0:0:0:0:1 - - [14/Apr/2017:23:46:43 -0300] "GET /PublicacaoConsumer/alterarAutor HTTP/1.1" 200 4329
0:0:0:0:0:0:0:1 - - [14/Apr/2017:23:50:55 -0300] "GET /PublicacaoConsumer HTTP/1.1" 302 -
127.0.0.1 - - [14/Apr/2017:23:50:55 -0300] "POST /PublicacaoProducer/services/PublicacoesWebServicePort HTTP/1.1" 200 541
0:0:0:0:0:0:0:1 - - [14/Apr/2017:23:50:55 -0300] "GET /PublicacaoConsumer/ HTTP/1.1" 200 1771
0:0:0:0:0:0:0:1 - - [14/Apr/2017:23:50:58 -0300] "GET /PublicacaoConsumer/alterarAutor HTTP/1.1" 200 4329
127.0.0.1 - - [14/Apr/2017:23:51:03 -0300] "POST /PublicacaoProducer/services/PublicacoesWebServicePort HTTP/1.1" 200 541
0:0:0:0:0:0:0:1 - - [14/Apr/2017:23:51:03 -0300] "GET /PublicacaoConsumer/ HTTP/1.1" 200 1771
0:0:0:0:0:0:0:1 - - [14/Apr/2017:23:51:05 -0300] "GET /PublicacaoConsumer/cadastrarAutor HTTP/1.1" 200 3081
127.0.0.1 - - [14/Apr/2017:23:51:12 -0300] "POST /PublicacaoProducer/services/PublicacoesWebServicePort HTTP/1.1" 200 541
0:0:0:0:0:0:0:1 - - [14/Apr/2017:23:51:12 -0300] "GET /PublicacaoConsumer/ HTTP/1.1" 200 1771
0:0:0:0:0:0:0:1 - - [14/Apr/2017:23:51:15 -0300] "GET /PublicacaoConsumer/alterarAutor HTTP/1.1" 200 4329
127.0.0.1 - - [14/Apr/2017:23:51:17 -0300] "POST /PublicacaoProducer/services/PublicacoesWebServicePort HTTP/1.1" 200 521
0:0:0:0:0:0:0:1 - - [14/Apr/2017:23:51:18 -0300] "POST /PublicacaoConsumer/consultarAutores HTTP/1.1" 200 3092
127.0.0.1 - - [14/Apr/2017:23:52:58 -0300] "POST /PublicacaoProducer/services/PublicacoesWebServicePort HTTP/1.1" 200 541
127.0.0.1 - - [14/Apr/2017:23:52:58 -0300] "POST /PublicacaoProducer/services/PublicacoesWebServicePort HTTP/1.1" 200 541
0:0:0:0:0:0:0:1 - - [14/Apr/2017:23:52:58 -0300] "GET /PublicacaoConsumer/ HTTP/1.1" 200 1771
0:0:0:0:0:0:0:1 - - [14/Apr/2017:23:52:58 -0300] "GET /PublicacaoConsumer/ HTTP/1.1" 200 1771
0:0:0:0:0:0:0:1 - - [14/Apr/2017:23:53:30 -0300] "GET /PublicacaoConsumer/cadastrarAutor HTTP/1.1" 200 3081
0:0:0:0:0:0:0:1 - - [14/Apr/2017:23:53:31 -0300] "GET /PublicacaoConsumer/alterarAutor HTTP/1.1" 200 4343
127.0.0.1 - - [14/Apr/2017:23:53:42 -0300] "GET /PublicacaoProducer/services/PublicacoesWebServicePort?wsdl HTTP/1.1" 200 8414
127.0.0.1 - - [14/Apr/2017:23:53:43 -0300] "GET /PublicacaoProducer/services/PublicacoesWebServicePort?xsd=publicacoeswebservice_schema1.xsd HTTP/1.1" 200 5312
127.0.0.1 - - [14/Apr/2017:23:53:44 -0300] "GET /PublicacaoProducer/services/PublicacoesWebServicePort?xsd=publicacoeswebservice_schema1.xsd HTTP/1.1" 200 5312
127.0.0.1 - - [14/Apr/2017:23:53:48 -0300] "POST /PublicacaoProducer/services/PublicacoesWebServicePort HTTP/1.1" 200 541
0:0:0:0:0:0:0:1 - - [14/Apr/2017:23:53:48 -0300] "GET /PublicacaoConsumer/ HTTP/1.1" 200 1771
0:0:0:0:0:0:0:1 - - [14/Apr/2017:23:53:52 -0300] "GET /PublicacaoConsumer/alterarAutor HTTP/1.1" 200 4343
127.0.0.1 - - [14/Apr/2017:23:53:55 -0300] "POST /PublicacaoProducer/services/PublicacoesWebServicePort HTTP/1.1" 200 521
0:0:0:0:0:0:0:1 - - [14/Apr/2017:23:53:55 -0300] "POST /PublicacaoConsumer/consultarAlterarAutores HTTP/1.1" 200 4860
127.0.0.1 - - [14/Apr/2017:23:54:11 -0300] "POST /PublicacaoProducer/services/PublicacoesWebServicePort HTTP/1.1" 200 240
0:0:0:0:0:0:0:1 - - [14/Apr/2017:23:54:11 -0300] "POST /PublicacaoConsumer/alterAutor HTTP/1.1" 200 4343
127.0.0.1 - - [14/Apr/2017:23:54:16 -0300] "POST /PublicacaoProducer/services/PublicacoesWebServicePort HTTP/1.1" 200 521
0:0:0:0:0:0:0:1 - - [14/Apr/2017:23:54:16 -0300] "POST /PublicacaoConsumer/consultarAlterarAutores HTTP/1.1" 200 4860
127.0.0.1 - - [14/Apr/2017:23:54:23 -0300] "POST /PublicacaoProducer/services/PublicacoesWebServicePort HTTP/1.1" 200 240
0:0:0:0:0:0:0:1 - - [14/Apr/2017:23:54:23 -0300] "POST /PublicacaoConsumer/alterAutor HTTP/1.1" 200 4343
127.0.0.1 - - [14/Apr/2017:23:54:28 -0300] "POST /PublicacaoProducer/services/PublicacoesWebServicePort HTTP/1.1" 200 521
0:0:0:0:0:0:0:1 - - [14/Apr/2017:23:54:28 -0300] "POST /PublicacaoConsumer/consultarAlterarAutores HTTP/1.1" 200 4860
127.0.0.1 - - [14/Apr/2017:23:55:05 -0300] "POST /PublicacaoProducer/services/PublicacoesWebServicePort HTTP/1.1" 200 240
0:0:0:0:0:0:0:1 - - [14/Apr/2017:23:55:05 -0300] "POST /PublicacaoConsumer/alterAutor HTTP/1.1" 200 4343
127.0.0.1 - - [14/Apr/2017:23:55:10 -0300] "POST /PublicacaoProducer/services/PublicacoesWebServicePort HTTP/1.1" 200 521
0:0:0:0:0:0:0:1 - - [14/Apr/2017:23:55:10 -0300] "POST /PublicacaoConsumer/consultarAlterarAutores HTTP/1.1" 200 4860
127.0.0.1 - - [14/Apr/2017:23:55:11 -0300] "POST /PublicacaoProducer/services/PublicacoesWebServicePort HTTP/1.1" 200 240
0:0:0:0:0:0:0:1 - - [14/Apr/2017:23:55:11 -0300] "POST /PublicacaoConsumer/alterAutor HTTP/1.1" 200 4343
127.0.0.1 - - [14/Apr/2017:23:55:14 -0300] "POST /PublicacaoProducer/services/PublicacoesWebServicePort HTTP/1.1" 200 240
0:0:0:0:0:0:0:1 - - [14/Apr/2017:23:55:14 -0300] "POST /PublicacaoConsumer/alterAutor HTTP/1.1" 200 4343
0:0:0:0:0:0:0:1 - - [14/Apr/2017:23:55:14 -0300] "GET /favicon.ico HTTP/1.1" 404 1081
127.0.0.1 - - [14/Apr/2017:23:55:26 -0300] "POST /PublicacaoProducer/services/PublicacoesWebServicePort HTTP/1.1" 200 521
0:0:0:0:0:0:0:1 - - [14/Apr/2017:23:55:26 -0300] "POST /PublicacaoConsumer/consultarAlterarAutores HTTP/1.1" 200 4860
127.0.0.1 - - [14/Apr/2017:23:55:50 -0300] "POST /PublicacaoProducer/services/PublicacoesWebServicePort HTTP/1.1" 200 240
0:0:0:0:0:0:0:1 - - [14/Apr/2017:23:55:50 -0300] "POST /PublicacaoConsumer/alterAutor HTTP/1.1" 200 4343
127.0.0.1 - - [14/Apr/2017:23:58:37 -0300] "POST /PublicacaoProducer/services/PublicacoesWebServicePort HTTP/1.1" 200 240
0:0:0:0:0:0:0:1 - - [14/Apr/2017:23:58:38 -0300] "POST /PublicacaoConsumer/alterAutor HTTP/1.1" 200 4501
0:0:0:0:0:0:0:1 - - [14/Apr/2017:23:58:38 -0300] "GET /favicon.ico HTTP/1.1" 404 1081
127.0.0.1 - - [14/Apr/2017:23:58:42 -0300] "POST /PublicacaoProducer/services/PublicacoesWebServicePort HTTP/1.1" 200 521
0:0:0:0:0:0:0:1 - - [14/Apr/2017:23:58:42 -0300] "POST /PublicacaoConsumer/consultarAlterarAutores HTTP/1.1" 200 5021
127.0.0.1 - - [14/Apr/2017:23:59:19 -0300] "POST /PublicacaoProducer/services/PublicacoesWebServicePort HTTP/1.1" 200 240
0:0:0:0:0:0:0:1 - - [14/Apr/2017:23:59:20 -0300] "POST /PublicacaoConsumer/alterAutor HTTP/1.1" 200 4501
127.0.0.1 - - [14/Apr/2017:23:59:23 -0300] "POST /PublicacaoProducer/services/PublicacoesWebServicePort HTTP/1.1" 200 521
0:0:0:0:0:0:0:1 - - [14/Apr/2017:23:59:23 -0300] "POST /PublicacaoConsumer/consultarAlterarAutores HTTP/1.1" 200 5021
