127.0.0.1 - - [17/Apr/2017:12:27:51 -0300] "GET / HTTP/1.1" 404 1070
0:0:0:0:0:0:0:1 - - [17/Apr/2017:12:28:41 -0300] "GET /PublicacaoProducer/services/PublicacoesWebServicePort HTTP/1.1" 500 283
0:0:0:0:0:0:0:1 - - [17/Apr/2017:12:28:42 -0300] "GET /favicon.ico HTTP/1.1" 404 1081
0:0:0:0:0:0:0:1 - - [17/Apr/2017:12:28:45 -0300] "GET /PublicacaoProducer/services/ HTTP/1.1" 200 1352
0:0:0:0:0:0:0:1 - - [17/Apr/2017:12:28:45 -0300] "GET /PublicacaoProducer/services//?stylesheet=1 HTTP/1.1" 200 367
0:0:0:0:0:0:0:1 - - [17/Apr/2017:12:28:46 -0300] "GET /PublicacaoProducer/services/PublicacoesWebServicePort?wsdl HTTP/1.1" 200 9337
127.0.0.1 - - [17/Apr/2017:12:29:32 -0300] "GET /PublicacaoProducer/services/PublicacoesWebServicePort?wsdl HTTP/1.1" 200 9337
127.0.0.1 - - [17/Apr/2017:12:29:32 -0300] "GET /PublicacaoProducer/services/PublicacoesWebServicePort?wsdl HTTP/1.1" 200 9337
127.0.0.1 - - [17/Apr/2017:12:29:33 -0300] "GET /PublicacaoProducer/services/PublicacoesWebServicePort?xsd=publicacoeswebservice_schema1.xsd HTTP/1.1" 200 5674
127.0.0.1 - - [17/Apr/2017:12:29:41 -0300] "GET /PublicacaoProducer/services/PublicacoesWebServicePort?wsdl HTTP/1.1" 200 9337
127.0.0.1 - - [17/Apr/2017:12:29:41 -0300] "GET /PublicacaoProducer/services/PublicacoesWebServicePort?wsdl HTTP/1.1" 200 9337
127.0.0.1 - - [17/Apr/2017:12:29:41 -0300] "GET /PublicacaoProducer/services/PublicacoesWebServicePort?xsd=publicacoeswebservice_schema1.xsd HTTP/1.1" 200 5674
127.0.0.1 - - [17/Apr/2017:12:29:41 -0300] "GET /PublicacaoProducer/services/PublicacoesWebServicePort?wsdl HTTP/1.1" 200 9337
127.0.0.1 - - [17/Apr/2017:12:29:41 -0300] "GET /PublicacaoProducer/services/PublicacoesWebServicePort?xsd=publicacoeswebservice_schema1.xsd HTTP/1.1" 200 5674
127.0.0.1 - - [17/Apr/2017:12:29:49 -0300] "GET /PublicacaoProducer/services/PublicacoesWebServicePort?wsdl HTTP/1.1" 200 9337
127.0.0.1 - - [17/Apr/2017:12:29:49 -0300] "GET /PublicacaoProducer/services/PublicacoesWebServicePort?xsd=publicacoeswebservice_schema1.xsd HTTP/1.1" 200 5674
127.0.0.1 - - [17/Apr/2017:12:29:49 -0300] "GET /PublicacaoProducer/services/PublicacoesWebServicePort?wsdl HTTP/1.1" 200 9337
127.0.0.1 - - [17/Apr/2017:12:29:49 -0300] "GET /PublicacaoProducer/services/PublicacoesWebServicePort?xsd=publicacoeswebservice_schema1.xsd HTTP/1.1" 200 5674
127.0.0.1 - - [17/Apr/2017:12:29:50 -0300] "GET /PublicacaoProducer/services/PublicacoesWebServicePort?wsdl HTTP/1.1" 200 9337
127.0.0.1 - - [17/Apr/2017:12:29:50 -0300] "GET /PublicacaoProducer/services/PublicacoesWebServicePort?xsd=publicacoeswebservice_schema1.xsd HTTP/1.1" 200 5674
127.0.0.1 - - [17/Apr/2017:12:29:50 -0300] "GET /PublicacaoProducer/services/PublicacoesWebServicePort?xsd=publicacoeswebservice_schema1.xsd HTTP/1.1" 200 5674
127.0.0.1 - - [17/Apr/2017:12:33:08 -0300] "GET /PublicacaoProducer/services/PublicacoesWebServicePort?wsdl HTTP/1.1" 200 9337
127.0.0.1 - - [17/Apr/2017:12:33:08 -0300] "GET /PublicacaoProducer/services/PublicacoesWebServicePort?wsdl HTTP/1.1" 200 9337
127.0.0.1 - - [17/Apr/2017:12:33:08 -0300] "GET /PublicacaoProducer/services/PublicacoesWebServicePort?xsd=publicacoeswebservice_schema1.xsd HTTP/1.1" 200 5674
127.0.0.1 - - [17/Apr/2017:12:33:30 -0300] "GET /PublicacaoProducer/services/PublicacoesWebServicePort?wsdl HTTP/1.1" 200 9337
127.0.0.1 - - [17/Apr/2017:12:33:30 -0300] "GET /PublicacaoProducer/services/PublicacoesWebServicePort?wsdl HTTP/1.1" 200 9337
127.0.0.1 - - [17/Apr/2017:12:33:30 -0300] "GET /PublicacaoProducer/services/PublicacoesWebServicePort?xsd=publicacoeswebservice_schema1.xsd HTTP/1.1" 200 5674
127.0.0.1 - - [17/Apr/2017:12:33:30 -0300] "GET /PublicacaoProducer/services/PublicacoesWebServicePort?wsdl HTTP/1.1" 200 9337
127.0.0.1 - - [17/Apr/2017:12:33:30 -0300] "GET /PublicacaoProducer/services/PublicacoesWebServicePort?xsd=publicacoeswebservice_schema1.xsd HTTP/1.1" 200 5674
127.0.0.1 - - [17/Apr/2017:12:33:39 -0300] "GET /PublicacaoProducer/services/PublicacoesWebServicePort?wsdl HTTP/1.1" 200 9337
127.0.0.1 - - [17/Apr/2017:12:33:39 -0300] "GET /PublicacaoProducer/services/PublicacoesWebServicePort?xsd=publicacoeswebservice_schema1.xsd HTTP/1.1" 200 5674
127.0.0.1 - - [17/Apr/2017:12:33:39 -0300] "GET /PublicacaoProducer/services/PublicacoesWebServicePort?wsdl HTTP/1.1" 200 9337
127.0.0.1 - - [17/Apr/2017:12:33:39 -0300] "GET /PublicacaoProducer/services/PublicacoesWebServicePort?xsd=publicacoeswebservice_schema1.xsd HTTP/1.1" 200 5674
127.0.0.1 - - [17/Apr/2017:12:33:39 -0300] "GET /PublicacaoProducer/services/PublicacoesWebServicePort?wsdl HTTP/1.1" 200 9337
127.0.0.1 - - [17/Apr/2017:12:33:39 -0300] "GET /PublicacaoProducer/services/PublicacoesWebServicePort?xsd=publicacoeswebservice_schema1.xsd HTTP/1.1" 200 5674
127.0.0.1 - - [17/Apr/2017:12:33:39 -0300] "GET /PublicacaoProducer/services/PublicacoesWebServicePort?xsd=publicacoeswebservice_schema1.xsd HTTP/1.1" 200 5674
127.0.0.1 - - [17/Apr/2017:12:35:09 -0300] "GET /PublicacaoProducer/services/PublicacoesWebServicePort?wsdl HTTP/1.1" 200 9337
127.0.0.1 - - [17/Apr/2017:12:35:09 -0300] "GET /PublicacaoProducer/services/PublicacoesWebServicePort?xsd=publicacoeswebservice_schema1.xsd HTTP/1.1" 200 5674
127.0.0.1 - - [17/Apr/2017:12:35:09 -0300] "GET /PublicacaoProducer/services/PublicacoesWebServicePort?xsd=publicacoeswebservice_schema1.xsd HTTP/1.1" 200 5674
127.0.0.1 - - [17/Apr/2017:12:35:12 -0300] "POST /PublicacaoProducer/services/PublicacoesWebServicePort HTTP/1.1" 200 403
127.0.0.1 - - [17/Apr/2017:12:35:12 -0300] "POST /PublicacaoProducer/services/PublicacoesWebServicePort HTTP/1.1" 200 248
127.0.0.1 - - [17/Apr/2017:12:35:37 -0300] "GET /PublicacaoProducer/services/PublicacoesWebServicePort?wsdl HTTP/1.1" 200 9337
127.0.0.1 - - [17/Apr/2017:12:35:37 -0300] "GET /PublicacaoProducer/services/PublicacoesWebServicePort?xsd=publicacoeswebservice_schema1.xsd HTTP/1.1" 200 5674
127.0.0.1 - - [17/Apr/2017:12:35:37 -0300] "GET /PublicacaoProducer/services/PublicacoesWebServicePort?xsd=publicacoeswebservice_schema1.xsd HTTP/1.1" 200 5674
127.0.0.1 - - [17/Apr/2017:12:35:38 -0300] "POST /PublicacaoProducer/services/PublicacoesWebServicePort HTTP/1.1" 200 403
127.0.0.1 - - [17/Apr/2017:12:35:38 -0300] "POST /PublicacaoProducer/services/PublicacoesWebServicePort HTTP/1.1" 200 248
127.0.0.1 - - [17/Apr/2017:12:37:32 -0300] "GET /PublicacaoProducer/services/PublicacoesWebServicePort?wsdl HTTP/1.1" 200 9337
127.0.0.1 - - [17/Apr/2017:12:37:32 -0300] "GET /PublicacaoProducer/services/PublicacoesWebServicePort?xsd=publicacoeswebservice_schema1.xsd HTTP/1.1" 200 5674
127.0.0.1 - - [17/Apr/2017:12:37:32 -0300] "GET /PublicacaoProducer/services/PublicacoesWebServicePort?xsd=publicacoeswebservice_schema1.xsd HTTP/1.1" 200 5674
127.0.0.1 - - [17/Apr/2017:12:37:33 -0300] "POST /PublicacaoProducer/services/PublicacoesWebServicePort HTTP/1.1" 200 403
127.0.0.1 - - [17/Apr/2017:12:37:33 -0300] "POST /PublicacaoProducer/services/PublicacoesWebServicePort HTTP/1.1" 200 248
127.0.0.1 - - [17/Apr/2017:12:37:33 -0300] "POST /PublicacaoProducer/services/PublicacoesWebServicePort HTTP/1.1" 200 403
127.0.0.1 - - [17/Apr/2017:12:46:51 -0300] "GET /PublicacaoProducer/services/PublicacoesWebServicePort?wsdl HTTP/1.1" 200 9337
127.0.0.1 - - [17/Apr/2017:12:46:52 -0300] "GET /PublicacaoProducer/services/PublicacoesWebServicePort?xsd=publicacoeswebservice_schema1.xsd HTTP/1.1" 200 5674
0:0:0:0:0:0:0:1 - - [17/Apr/2017:12:46:52 -0300] "GET /PublicacaoConsumer/ HTTP/1.1" 500 4077
0:0:0:0:0:0:0:1 - - [17/Apr/2017:12:46:53 -0300] "GET /favicon.ico HTTP/1.1" 404 1081
127.0.0.1 - - [17/Apr/2017:12:48:49 -0300] "GET / HTTP/1.1" 404 1070
0:0:0:0:0:0:0:1 - - [17/Apr/2017:12:49:13 -0300] "GET /PublicacaoProducer/services/PublicacoesWebServicePort?wsdl HTTP/1.1" 200 9337
0:0:0:0:0:0:0:1 - - [17/Apr/2017:12:49:13 -0300] "GET /favicon.ico HTTP/1.1" 404 1081
127.0.0.1 - - [17/Apr/2017:12:49:25 -0300] "GET /PublicacaoProducer/services/PublicacoesWebServicePort?wsdl HTTP/1.1" 200 9337
127.0.0.1 - - [17/Apr/2017:12:49:26 -0300] "GET /PublicacaoProducer/services/PublicacoesWebServicePort?xsd=publicacoeswebservice_schema1.xsd HTTP/1.1" 200 5674
127.0.0.1 - - [17/Apr/2017:12:49:27 -0300] "GET /PublicacaoProducer/services/PublicacoesWebServicePort?xsd=publicacoeswebservice_schema1.xsd HTTP/1.1" 200 5674
127.0.0.1 - - [17/Apr/2017:12:49:32 -0300] "POST /PublicacaoProducer/services/PublicacoesWebServicePort HTTP/1.1" 200 403
0:0:0:0:0:0:0:1 - - [17/Apr/2017:12:49:33 -0300] "GET /PublicacaoConsumer/ HTTP/1.1" 200 1771
0:0:0:0:0:0:0:1 - - [17/Apr/2017:12:49:38 -0300] "GET /favicon.ico HTTP/1.1" 404 1081
0:0:0:0:0:0:0:1 - - [17/Apr/2017:12:49:43 -0300] "GET /PublicacaoConsumer/cadastrarAutor HTTP/1.1" 200 3514
0:0:0:0:0:0:0:1 - - [17/Apr/2017:12:50:55 -0300] "GET /PublicacaoConsumer/cadastrarAutor HTTP/1.1" 200 3747
0:0:0:0:0:0:0:1 - - [17/Apr/2017:12:50:55 -0300] "GET /favicon.ico HTTP/1.1" 404 1081
0:0:0:0:0:0:0:1 - - [17/Apr/2017:12:52:13 -0300] "GET /PublicacaoConsumer/cadastrarAutor HTTP/1.1" 200 3768
127.0.0.1 - - [17/Apr/2017:12:59:35 -0300] "GET / HTTP/1.1" 404 1070
127.0.0.1 - - [17/Apr/2017:12:59:54 -0300] "GET /PublicacaoProducer/services/PublicacoesWebServicePort?wsdl HTTP/1.1" 200 9337
127.0.0.1 - - [17/Apr/2017:12:59:55 -0300] "GET /PublicacaoProducer/services/PublicacoesWebServicePort?xsd=publicacoeswebservice_schema1.xsd HTTP/1.1" 200 5674
127.0.0.1 - - [17/Apr/2017:12:59:57 -0300] "GET /PublicacaoProducer/services/PublicacoesWebServicePort?xsd=publicacoeswebservice_schema1.xsd HTTP/1.1" 200 5674
127.0.0.1 - - [17/Apr/2017:13:00:03 -0300] "POST /PublicacaoProducer/services/PublicacoesWebServicePort HTTP/1.1" 200 403
0:0:0:0:0:0:0:1 - - [17/Apr/2017:13:00:03 -0300] "GET /PublicacaoConsumer/ HTTP/1.1" 200 1771
0:0:0:0:0:0:0:1 - - [17/Apr/2017:13:00:03 -0300] "GET /favicon.ico HTTP/1.1" 404 1081
0:0:0:0:0:0:0:1 - - [17/Apr/2017:13:00:23 -0300] "GET /PublicacaoConsumer/cadastrarAutor HTTP/1.1" 200 3770
0:0:0:0:0:0:0:1 - - [17/Apr/2017:13:00:23 -0300] "GET /favicon.ico HTTP/1.1" 404 1081
127.0.0.1 - - [17/Apr/2017:13:00:41 -0300] "POST /PublicacaoProducer/services/PublicacoesWebServicePort HTTP/1.1" 200 229
0:0:0:0:0:0:0:1 - - [17/Apr/2017:13:00:47 -0300] "POST /PublicacaoConsumer/addAutor HTTP/1.1" 200 3876
127.0.0.1 - - [17/Apr/2017:13:00:59 -0300] "POST /PublicacaoProducer/services/PublicacoesWebServicePort HTTP/1.1" 200 230
0:0:0:0:0:0:0:1 - - [17/Apr/2017:13:01:01 -0300] "POST /PublicacaoConsumer/addAutor HTTP/1.1" 200 3876
127.0.0.1 - - [17/Apr/2017:13:06:33 -0300] "GET / HTTP/1.1" 404 1070
127.0.0.1 - - [17/Apr/2017:13:37:04 -0300] "GET /PublicacaoProducer/services/PublicacoesWebServicePort?wsdl HTTP/1.1" 200 9337
127.0.0.1 - - [17/Apr/2017:13:37:05 -0300] "GET /PublicacaoProducer/services/PublicacoesWebServicePort?xsd=publicacoeswebservice_schema1.xsd HTTP/1.1" 200 5674
127.0.0.1 - - [17/Apr/2017:13:37:06 -0300] "GET /PublicacaoProducer/services/PublicacoesWebServicePort?xsd=publicacoeswebservice_schema1.xsd HTTP/1.1" 200 5674
127.0.0.1 - - [17/Apr/2017:13:37:14 -0300] "POST /PublicacaoProducer/services/PublicacoesWebServicePort HTTP/1.1" 200 403
0:0:0:0:0:0:0:1 - - [17/Apr/2017:13:37:15 -0300] "GET /PublicacaoConsumer/ HTTP/1.1" 200 1771
0:0:0:0:0:0:0:1 - - [17/Apr/2017:13:58:01 -0300] "GET /PublicacaoConsumer/cadastrarAutor HTTP/1.1" 200 3776
127.0.0.1 - - [17/Apr/2017:13:58:05 -0300] "POST /PublicacaoProducer/services/PublicacoesWebServicePort HTTP/1.1" 200 230
0:0:0:0:0:0:0:1 - - [17/Apr/2017:13:58:05 -0300] "POST /PublicacaoConsumer/addAutor HTTP/1.1" 200 3883
127.0.0.1 - - [17/Apr/2017:13:58:10 -0300] "POST /PublicacaoProducer/services/PublicacoesWebServicePort HTTP/1.1" 200 230
0:0:0:0:0:0:0:1 - - [17/Apr/2017:13:58:10 -0300] "POST /PublicacaoConsumer/addAutor HTTP/1.1" 200 3883
127.0.0.1 - - [17/Apr/2017:13:58:13 -0300] "POST /PublicacaoProducer/services/PublicacoesWebServicePort HTTP/1.1" 200 229
0:0:0:0:0:0:0:1 - - [17/Apr/2017:13:58:13 -0300] "POST /PublicacaoConsumer/addAutor HTTP/1.1" 200 3882
127.0.0.1 - - [17/Apr/2017:14:57:01 -0300] "GET / HTTP/1.1" 404 1070
127.0.0.1 - - [17/Apr/2017:15:00:47 -0300] "GET /PublicacaoProducer/services/PublicacoesWebServicePort?wsdl HTTP/1.1" 200 9337
127.0.0.1 - - [17/Apr/2017:15:00:48 -0300] "GET /PublicacaoProducer/services/PublicacoesWebServicePort?xsd=publicacoeswebservice_schema1.xsd HTTP/1.1" 200 5674
127.0.0.1 - - [17/Apr/2017:15:00:49 -0300] "GET /PublicacaoProducer/services/PublicacoesWebServicePort?xsd=publicacoeswebservice_schema1.xsd HTTP/1.1" 200 5674
127.0.0.1 - - [17/Apr/2017:15:00:57 -0300] "POST /PublicacaoProducer/services/PublicacoesWebServicePort HTTP/1.1" 200 403
0:0:0:0:0:0:0:1 - - [17/Apr/2017:15:00:57 -0300] "GET /PublicacaoConsumer/ HTTP/1.1" 200 1771
0:0:0:0:0:0:0:1 - - [17/Apr/2017:15:00:58 -0300] "GET /favicon.ico HTTP/1.1" 404 1081
0:0:0:0:0:0:0:1 - - [17/Apr/2017:15:01:05 -0300] "GET /PublicacaoConsumer/cadastrarAutor HTTP/1.1" 200 3776
127.0.0.1 - - [17/Apr/2017:15:01:09 -0300] "POST /PublicacaoProducer/services/PublicacoesWebServicePort HTTP/1.1" 200 229
0:0:0:0:0:0:0:1 - - [17/Apr/2017:15:01:09 -0300] "POST /PublicacaoConsumer/addAutor HTTP/1.1" 200 4002
127.0.0.1 - - [17/Apr/2017:15:01:15 -0300] "POST /PublicacaoProducer/services/PublicacoesWebServicePort HTTP/1.1" 200 229
0:0:0:0:0:0:0:1 - - [17/Apr/2017:15:01:15 -0300] "POST /PublicacaoConsumer/addAutor HTTP/1.1" 200 4081
127.0.0.1 - - [17/Apr/2017:15:01:17 -0300] "POST /PublicacaoProducer/services/PublicacoesWebServicePort HTTP/1.1" 200 229
0:0:0:0:0:0:0:1 - - [17/Apr/2017:15:01:17 -0300] "POST /PublicacaoConsumer/addAutor HTTP/1.1" 200 4081
127.0.0.1 - - [17/Apr/2017:15:01:25 -0300] "POST /PublicacaoProducer/services/PublicacoesWebServicePort HTTP/1.1" 200 229
0:0:0:0:0:0:0:1 - - [17/Apr/2017:15:01:25 -0300] "POST /PublicacaoConsumer/addAutor HTTP/1.1" 200 4082
127.0.0.1 - - [17/Apr/2017:15:01:26 -0300] "POST /PublicacaoProducer/services/PublicacoesWebServicePort HTTP/1.1" 200 229
0:0:0:0:0:0:0:1 - - [17/Apr/2017:15:01:26 -0300] "POST /PublicacaoConsumer/addAutor HTTP/1.1" 200 4082
127.0.0.1 - - [17/Apr/2017:15:01:27 -0300] "POST /PublicacaoProducer/services/PublicacoesWebServicePort HTTP/1.1" 200 229
0:0:0:0:0:0:0:1 - - [17/Apr/2017:15:01:27 -0300] "POST /PublicacaoConsumer/addAutor HTTP/1.1" 200 4081
127.0.0.1 - - [17/Apr/2017:15:01:27 -0300] "POST /PublicacaoProducer/services/PublicacoesWebServicePort HTTP/1.1" 200 229
0:0:0:0:0:0:0:1 - - [17/Apr/2017:15:01:27 -0300] "POST /PublicacaoConsumer/addAutor HTTP/1.1" 200 4081
127.0.0.1 - - [17/Apr/2017:15:02:14 -0300] "POST /PublicacaoProducer/services/PublicacoesWebServicePort HTTP/1.1" 200 229
0:0:0:0:0:0:0:1 - - [17/Apr/2017:15:02:14 -0300] "POST /PublicacaoConsumer/addAutor HTTP/1.1" 200 4082
127.0.0.1 - - [17/Apr/2017:15:02:19 -0300] "POST /PublicacaoProducer/services/PublicacoesWebServicePort HTTP/1.1" 200 403
0:0:0:0:0:0:0:1 - - [17/Apr/2017:15:02:19 -0300] "GET /PublicacaoConsumer/ HTTP/1.1" 200 1771
0:0:0:0:0:0:0:1 - - [17/Apr/2017:15:02:21 -0300] "GET /PublicacaoConsumer/cadastrarAutor HTTP/1.1" 200 3776
127.0.0.1 - - [17/Apr/2017:15:02:49 -0300] "POST /PublicacaoProducer/services/PublicacoesWebServicePort HTTP/1.1" 200 230
0:0:0:0:0:0:0:1 - - [17/Apr/2017:15:02:53 -0300] "POST /PublicacaoConsumer/addAutor HTTP/1.1" 200 3883
127.0.0.1 - - [17/Apr/2017:15:04:03 -0300] "POST /PublicacaoProducer/services/PublicacoesWebServicePort HTTP/1.1" 200 230
0:0:0:0:0:0:0:1 - - [17/Apr/2017:15:04:07 -0300] "POST /PublicacaoConsumer/addAutor HTTP/1.1" 200 3859
127.0.0.1 - - [17/Apr/2017:15:04:58 -0300] "POST /PublicacaoProducer/services/PublicacoesWebServicePort HTTP/1.1" 200 230
0:0:0:0:0:0:0:1 - - [17/Apr/2017:15:05:01 -0300] "POST /PublicacaoConsumer/addAutor HTTP/1.1" 200 3859
127.0.0.1 - - [17/Apr/2017:15:05:18 -0300] "POST /PublicacaoProducer/services/PublicacoesWebServicePort HTTP/1.1" 200 230
0:0:0:0:0:0:0:1 - - [17/Apr/2017:15:05:18 -0300] "POST /PublicacaoConsumer/addAutor HTTP/1.1" 200 3859
127.0.0.1 - - [17/Apr/2017:15:05:20 -0300] "POST /PublicacaoProducer/services/PublicacoesWebServicePort HTTP/1.1" 200 230
0:0:0:0:0:0:0:1 - - [17/Apr/2017:15:05:20 -0300] "POST /PublicacaoConsumer/addAutor HTTP/1.1" 200 3859
127.0.0.1 - - [17/Apr/2017:15:05:21 -0300] "POST /PublicacaoProducer/services/PublicacoesWebServicePort HTTP/1.1" 200 230
0:0:0:0:0:0:0:1 - - [17/Apr/2017:15:05:21 -0300] "POST /PublicacaoConsumer/addAutor HTTP/1.1" 200 3859
127.0.0.1 - - [17/Apr/2017:15:05:31 -0300] "POST /PublicacaoProducer/services/PublicacoesWebServicePort HTTP/1.1" 200 230
0:0:0:0:0:0:0:1 - - [17/Apr/2017:15:05:31 -0300] "POST /PublicacaoConsumer/addAutor HTTP/1.1" 200 3859
127.0.0.1 - - [17/Apr/2017:15:05:42 -0300] "POST /PublicacaoProducer/services/PublicacoesWebServicePort HTTP/1.1" 200 230
0:0:0:0:0:0:0:1 - - [17/Apr/2017:15:05:42 -0300] "POST /PublicacaoConsumer/addAutor HTTP/1.1" 200 3859
127.0.0.1 - - [17/Apr/2017:15:05:44 -0300] "POST /PublicacaoProducer/services/PublicacoesWebServicePort HTTP/1.1" 200 230
0:0:0:0:0:0:0:1 - - [17/Apr/2017:15:05:44 -0300] "POST /PublicacaoConsumer/addAutor HTTP/1.1" 200 3859
127.0.0.1 - - [17/Apr/2017:15:06:01 -0300] "POST /PublicacaoProducer/services/PublicacoesWebServicePort HTTP/1.1" 200 230
0:0:0:0:0:0:0:1 - - [17/Apr/2017:15:06:02 -0300] "POST /PublicacaoConsumer/addAutor HTTP/1.1" 200 3859
127.0.0.1 - - [17/Apr/2017:15:23:20 -0300] "POST /PublicacaoProducer/services/PublicacoesWebServicePort HTTP/1.1" 200 230
0:0:0:0:0:0:0:1 - - [17/Apr/2017:15:23:21 -0300] "POST /PublicacaoConsumer/addAutor HTTP/1.1" 200 3859
127.0.0.1 - - [17/Apr/2017:15:23:41 -0300] "POST /PublicacaoProducer/services/PublicacoesWebServicePort HTTP/1.1" 200 230
0:0:0:0:0:0:0:1 - - [17/Apr/2017:15:23:41 -0300] "POST /PublicacaoConsumer/addAutor HTTP/1.1" 200 3859
127.0.0.1 - - [17/Apr/2017:15:24:46 -0300] "POST /PublicacaoProducer/services/PublicacoesWebServicePort HTTP/1.1" 200 230
0:0:0:0:0:0:0:1 - - [17/Apr/2017:15:24:49 -0300] "POST /PublicacaoConsumer/addAutor HTTP/1.1" 200 3859
127.0.0.1 - - [17/Apr/2017:15:25:13 -0300] "POST /PublicacaoProducer/services/PublicacoesWebServicePort HTTP/1.1" 200 230
0:0:0:0:0:0:0:1 - - [17/Apr/2017:15:25:14 -0300] "POST /PublicacaoConsumer/addAutor HTTP/1.1" 200 3859
0:0:0:0:0:0:0:1 - - [17/Apr/2017:15:25:40 -0300] "GET /PublicacaoConsumer HTTP/1.1" 302 -
127.0.0.1 - - [17/Apr/2017:15:25:40 -0300] "POST /PublicacaoProducer/services/PublicacoesWebServicePort HTTP/1.1" 200 403
0:0:0:0:0:0:0:1 - - [17/Apr/2017:15:25:40 -0300] "GET /PublicacaoConsumer/ HTTP/1.1" 200 1771
0:0:0:0:0:0:0:1 - - [17/Apr/2017:15:25:45 -0300] "GET /PublicacaoConsumer/cadastrarAutor HTTP/1.1" 200 3758
127.0.0.1 - - [17/Apr/2017:15:25:59 -0300] "POST /PublicacaoProducer/services/PublicacoesWebServicePort HTTP/1.1" 200 230
0:0:0:0:0:0:0:1 - - [17/Apr/2017:15:26:00 -0300] "POST /PublicacaoConsumer/addAutor HTTP/1.1" 200 3865
127.0.0.1 - - [17/Apr/2017:15:26:42 -0300] "POST /PublicacaoProducer/services/PublicacoesWebServicePort HTTP/1.1" 200 230
0:0:0:0:0:0:0:1 - - [17/Apr/2017:15:26:43 -0300] "POST /PublicacaoConsumer/addAutor HTTP/1.1" 200 3865
127.0.0.1 - - [17/Apr/2017:15:27:45 -0300] "POST /PublicacaoProducer/services/PublicacoesWebServicePort HTTP/1.1" 200 403
0:0:0:0:0:0:0:1 - - [17/Apr/2017:15:27:45 -0300] "GET /PublicacaoConsumer/ HTTP/1.1" 200 1771
0:0:0:0:0:0:0:1 - - [17/Apr/2017:15:27:50 -0300] "GET /PublicacaoConsumer/cadastrarAutor HTTP/1.1" 200 3783
0:0:0:0:0:0:0:1 - - [17/Apr/2017:15:28:20 -0300] "POST /PublicacaoConsumer/addAutor HTTP/1.1" 200 3916
127.0.0.1 - - [17/Apr/2017:15:28:45 -0300] "POST /PublicacaoProducer/services/PublicacoesWebServicePort HTTP/1.1" 200 240
0:0:0:0:0:0:0:1 - - [17/Apr/2017:15:28:45 -0300] "POST /PublicacaoConsumer/addAutor HTTP/1.1" 200 3903
127.0.0.1 - - [17/Apr/2017:15:28:52 -0300] "POST /PublicacaoProducer/services/PublicacoesWebServicePort HTTP/1.1" 200 229
0:0:0:0:0:0:0:1 - - [17/Apr/2017:15:28:52 -0300] "POST /PublicacaoConsumer/addAutor HTTP/1.1" 200 4009
127.0.0.1 - - [17/Apr/2017:15:35:12 -0300] "GET / HTTP/1.1" 404 1070
0:0:0:0:0:0:0:1 - - [17/Apr/2017:15:39:44 -0300] "GET /PublicacaoConsumer/addAutor HTTP/1.1" 405 1106
0:0:0:0:0:0:0:1 - - [17/Apr/2017:15:39:44 -0300] "GET /favicon.ico HTTP/1.1" 404 1081
127.0.0.1 - - [17/Apr/2017:15:39:54 -0300] "GET /PublicacaoProducer/services/PublicacoesWebServicePort?wsdl HTTP/1.1" 200 9337
127.0.0.1 - - [17/Apr/2017:15:39:56 -0300] "GET /PublicacaoProducer/services/PublicacoesWebServicePort?xsd=publicacoeswebservice_schema1.xsd HTTP/1.1" 200 5674
127.0.0.1 - - [17/Apr/2017:15:39:58 -0300] "GET /PublicacaoProducer/services/PublicacoesWebServicePort?xsd=publicacoeswebservice_schema1.xsd HTTP/1.1" 200 5674
127.0.0.1 - - [17/Apr/2017:15:40:06 -0300] "POST /PublicacaoProducer/services/PublicacoesWebServicePort HTTP/1.1" 200 403
0:0:0:0:0:0:0:1 - - [17/Apr/2017:15:40:07 -0300] "GET /PublicacaoConsumer/ HTTP/1.1" 200 1771
0:0:0:0:0:0:0:1 - - [17/Apr/2017:15:40:11 -0300] "GET /PublicacaoConsumer/cadastrarAutor HTTP/1.1" 200 3783
127.0.0.1 - - [17/Apr/2017:15:40:15 -0300] "POST /PublicacaoProducer/services/PublicacoesWebServicePort HTTP/1.1" 200 230
0:0:0:0:0:0:0:1 - - [17/Apr/2017:15:40:15 -0300] "POST /PublicacaoConsumer/addAutor HTTP/1.1" 200 3890
127.0.0.1 - - [17/Apr/2017:15:40:18 -0300] "POST /PublicacaoProducer/services/PublicacoesWebServicePort HTTP/1.1" 200 229
0:0:0:0:0:0:0:1 - - [17/Apr/2017:15:40:18 -0300] "POST /PublicacaoConsumer/addAutor HTTP/1.1" 200 4008
127.0.0.1 - - [17/Apr/2017:15:40:30 -0300] "POST /PublicacaoProducer/services/PublicacoesWebServicePort HTTP/1.1" 200 240
0:0:0:0:0:0:0:1 - - [17/Apr/2017:15:40:30 -0300] "POST /PublicacaoConsumer/addAutor HTTP/1.1" 200 3903
0:0:0:0:0:0:0:1 - - [17/Apr/2017:15:40:47 -0300] "POST /PublicacaoConsumer/addAutor HTTP/1.1" 200 3916
127.0.0.1 - - [17/Apr/2017:15:41:08 -0300] "POST /PublicacaoProducer/services/PublicacoesWebServicePort HTTP/1.1" 200 240
0:0:0:0:0:0:0:1 - - [17/Apr/2017:15:41:08 -0300] "POST /PublicacaoConsumer/addAutor HTTP/1.1" 200 3903
127.0.0.1 - - [17/Apr/2017:15:41:15 -0300] "POST /PublicacaoProducer/services/PublicacoesWebServicePort HTTP/1.1" 200 229
0:0:0:0:0:0:0:1 - - [17/Apr/2017:15:41:16 -0300] "POST /PublicacaoConsumer/addAutor HTTP/1.1" 200 4009
0:0:0:0:0:0:0:1 - - [17/Apr/2017:15:41:25 -0300] "POST /PublicacaoConsumer/addAutor HTTP/1.1" 200 3958
127.0.0.1 - - [17/Apr/2017:15:41:31 -0300] "POST /PublicacaoProducer/services/PublicacoesWebServicePort HTTP/1.1" 200 240
0:0:0:0:0:0:0:1 - - [17/Apr/2017:15:41:31 -0300] "POST /PublicacaoConsumer/addAutor HTTP/1.1" 200 3903
127.0.0.1 - - [17/Apr/2017:15:41:33 -0300] "POST /PublicacaoProducer/services/PublicacoesWebServicePort HTTP/1.1" 200 403
0:0:0:0:0:0:0:1 - - [17/Apr/2017:15:41:33 -0300] "GET /PublicacaoConsumer/ HTTP/1.1" 200 1771
0:0:0:0:0:0:0:1 - - [17/Apr/2017:15:41:35 -0300] "GET /PublicacaoConsumer/autores HTTP/1.1" 200 2997
127.0.0.1 - - [17/Apr/2017:15:41:38 -0300] "POST /PublicacaoProducer/services/PublicacoesWebServicePort HTTP/1.1" 200 484
0:0:0:0:0:0:0:1 - - [17/Apr/2017:15:41:38 -0300] "POST /PublicacaoConsumer/consultarAutores HTTP/1.1" 200 3053
127.0.0.1 - - [17/Apr/2017:15:41:41 -0300] "POST /PublicacaoProducer/services/PublicacoesWebServicePort HTTP/1.1" 200 403
0:0:0:0:0:0:0:1 - - [17/Apr/2017:15:41:41 -0300] "GET /PublicacaoConsumer/ HTTP/1.1" 200 1771
0:0:0:0:0:0:0:1 - - [17/Apr/2017:15:41:42 -0300] "GET /PublicacaoConsumer/alterarAutor HTTP/1.1" 200 4506
127.0.0.1 - - [17/Apr/2017:15:41:49 -0300] "POST /PublicacaoProducer/services/PublicacoesWebServicePort HTTP/1.1" 200 484
0:0:0:0:0:0:0:1 - - [17/Apr/2017:15:41:49 -0300] "POST /PublicacaoConsumer/consultarAlterarAutores HTTP/1.1" 200 4800
127.0.0.1 - - [17/Apr/2017:15:41:53 -0300] "POST /PublicacaoProducer/services/PublicacoesWebServicePort HTTP/1.1" 200 403
0:0:0:0:0:0:0:1 - - [17/Apr/2017:15:41:53 -0300] "GET /PublicacaoConsumer/ HTTP/1.1" 200 1771
0:0:0:0:0:0:0:1 - - [17/Apr/2017:15:41:55 -0300] "GET /PublicacaoConsumer/excluirAutor HTTP/1.1" 200 4512
127.0.0.1 - - [17/Apr/2017:15:41:57 -0300] "POST /PublicacaoProducer/services/PublicacoesWebServicePort HTTP/1.1" 200 484
0:0:0:0:0:0:0:1 - - [17/Apr/2017:15:41:57 -0300] "POST /PublicacaoConsumer/consultarExcluirAutores HTTP/1.1" 200 4808
127.0.0.1 - - [17/Apr/2017:15:41:59 -0300] "POST /PublicacaoProducer/services/PublicacoesWebServicePort HTTP/1.1" 200 240
0:0:0:0:0:0:0:1 - - [17/Apr/2017:15:41:59 -0300] "POST /PublicacaoConsumer/excluirAutor HTTP/1.1" 200 4632
127.0.0.1 - - [17/Apr/2017:15:42:01 -0300] "POST /PublicacaoProducer/services/PublicacoesWebServicePort HTTP/1.1" 200 403
0:0:0:0:0:0:0:1 - - [17/Apr/2017:15:42:01 -0300] "GET /PublicacaoConsumer/ HTTP/1.1" 200 1771
127.0.0.1 - - [17/Apr/2017:15:53:06 -0300] "POST /PublicacaoProducer/services/PublicacoesWebServicePort HTTP/1.1" 200 241
0:0:0:0:0:0:0:1 - - [17/Apr/2017:15:53:06 -0300] "GET /PublicacaoConsumer/publicacoes HTTP/1.1" 200 2845
127.0.0.1 - - [17/Apr/2017:15:53:15 -0300] "POST /PublicacaoProducer/services/PublicacoesWebServicePort HTTP/1.1" 200 241
0:0:0:0:0:0:0:1 - - [17/Apr/2017:15:53:15 -0300] "GET /PublicacaoConsumer/cadastrarPublicacao HTTP/1.1" 200 2681
127.0.0.1 - - [17/Apr/2017:15:53:23 -0300] "POST /PublicacaoProducer/services/PublicacoesWebServicePort HTTP/1.1" 200 250
0:0:0:0:0:0:0:1 - - [17/Apr/2017:15:53:23 -0300] "POST /PublicacaoConsumer/addPublicacao HTTP/1.1" 200 2595
127.0.0.1 - - [17/Apr/2017:15:53:25 -0300] "POST /PublicacaoProducer/services/PublicacoesWebServicePort HTTP/1.1" 200 241
0:0:0:0:0:0:0:1 - - [17/Apr/2017:15:53:25 -0300] "GET /PublicacaoConsumer/ HTTP/1.1" 200 1771
127.0.0.1 - - [17/Apr/2017:15:53:26 -0300] "POST /PublicacaoProducer/services/PublicacoesWebServicePort HTTP/1.1" 200 241
0:0:0:0:0:0:0:1 - - [17/Apr/2017:15:53:26 -0300] "GET /PublicacaoConsumer/publicacoes HTTP/1.1" 200 2845
127.0.0.1 - - [17/Apr/2017:15:53:29 -0300] "POST /PublicacaoProducer/services/PublicacoesWebServicePort HTTP/1.1" 200 241
0:0:0:0:0:0:0:1 - - [17/Apr/2017:15:53:29 -0300] "POST /PublicacaoConsumer/publicacoes HTTP/1.1" 200 2845
127.0.0.1 - - [17/Apr/2017:15:53:31 -0300] "POST /PublicacaoProducer/services/PublicacoesWebServicePort HTTP/1.1" 200 241
0:0:0:0:0:0:0:1 - - [17/Apr/2017:15:53:31 -0300] "POST /PublicacaoConsumer/publicacoes HTTP/1.1" 200 2845
127.0.0.1 - - [17/Apr/2017:15:53:33 -0300] "POST /PublicacaoProducer/services/PublicacoesWebServicePort HTTP/1.1" 200 241
0:0:0:0:0:0:0:1 - - [17/Apr/2017:15:53:33 -0300] "GET /PublicacaoConsumer/ HTTP/1.1" 200 1771
127.0.0.1 - - [17/Apr/2017:15:53:45 -0300] "POST /PublicacaoProducer/services/PublicacoesWebServicePort HTTP/1.1" 200 241
0:0:0:0:0:0:0:1 - - [17/Apr/2017:15:53:45 -0300] "GET /PublicacaoConsumer/cadastrarPublicacao HTTP/1.1" 200 2681
127.0.0.1 - - [17/Apr/2017:15:54:02 -0300] "POST /PublicacaoProducer/services/PublicacoesWebServicePort HTTP/1.1" 200 250
0:0:0:0:0:0:0:1 - - [17/Apr/2017:15:54:02 -0300] "POST /PublicacaoConsumer/addPublicacao HTTP/1.1" 200 2595
127.0.0.1 - - [17/Apr/2017:15:55:17 -0300] "POST /PublicacaoProducer/services/PublicacoesWebServicePort HTTP/1.1" 200 250
0:0:0:0:0:0:0:1 - - [17/Apr/2017:15:55:17 -0300] "POST /PublicacaoConsumer/addPublicacao HTTP/1.1" 200 2595
127.0.0.1 - - [17/Apr/2017:15:58:09 -0300] "GET / HTTP/1.1" 404 1070
127.0.0.1 - - [17/Apr/2017:16:11:19 -0300] "GET /PublicacaoProducer/services/PublicacoesWebServicePort?wsdl HTTP/1.1" 200 9337
127.0.0.1 - - [17/Apr/2017:16:11:20 -0300] "GET /PublicacaoProducer/services/PublicacoesWebServicePort?xsd=publicacoeswebservice_schema1.xsd HTTP/1.1" 200 5674
127.0.0.1 - - [17/Apr/2017:16:11:21 -0300] "GET /PublicacaoProducer/services/PublicacoesWebServicePort?xsd=publicacoeswebservice_schema1.xsd HTTP/1.1" 200 5674
127.0.0.1 - - [17/Apr/2017:16:11:27 -0300] "POST /PublicacaoProducer/services/PublicacoesWebServicePort HTTP/1.1" 200 241
0:0:0:0:0:0:0:1 - - [17/Apr/2017:16:11:28 -0300] "GET /PublicacaoConsumer/ HTTP/1.1" 200 1771
0:0:0:0:0:0:0:1 - - [17/Apr/2017:17:03:53 -0300] "GET /PublicacaoConsumer/autores HTTP/1.1" 200 2997
0:0:0:0:0:0:0:1 - - [17/Apr/2017:17:03:54 -0300] "GET /favicon.ico HTTP/1.1" 404 1081
127.0.0.1 - - [17/Apr/2017:17:03:57 -0300] "POST /PublicacaoProducer/services/PublicacoesWebServicePort HTTP/1.1" 200 241
0:0:0:0:0:0:0:1 - - [17/Apr/2017:17:03:57 -0300] "GET /PublicacaoConsumer/ HTTP/1.1" 200 1771
0:0:0:0:0:0:0:1 - - [17/Apr/2017:17:03:58 -0300] "GET /PublicacaoConsumer/cadastrarAutor HTTP/1.1" 200 3783
127.0.0.1 - - [17/Apr/2017:17:04:07 -0300] "POST /PublicacaoProducer/services/PublicacoesWebServicePort HTTP/1.1" 200 229
0:0:0:0:0:0:0:1 - - [17/Apr/2017:17:04:07 -0300] "POST /PublicacaoConsumer/addAutor HTTP/1.1" 200 4009
0:0:0:0:0:0:0:1 - - [17/Apr/2017:17:04:31 -0300] "POST /PublicacaoConsumer/addAutor HTTP/1.1" 200 3986
127.0.0.1 - - [17/Apr/2017:17:04:35 -0300] "POST /PublicacaoProducer/services/PublicacoesWebServicePort HTTP/1.1" 200 240
0:0:0:0:0:0:0:1 - - [17/Apr/2017:17:04:35 -0300] "POST /PublicacaoConsumer/addAutor HTTP/1.1" 200 3903
127.0.0.1 - - [17/Apr/2017:17:04:37 -0300] "POST /PublicacaoProducer/services/PublicacoesWebServicePort HTTP/1.1" 200 241
0:0:0:0:0:0:0:1 - - [17/Apr/2017:17:04:38 -0300] "GET /PublicacaoConsumer/ HTTP/1.1" 200 1771
0:0:0:0:0:0:0:1 - - [17/Apr/2017:17:04:39 -0300] "GET /PublicacaoConsumer/autores HTTP/1.1" 200 2997
127.0.0.1 - - [17/Apr/2017:17:04:44 -0300] "POST /PublicacaoProducer/services/PublicacoesWebServicePort HTTP/1.1" 200 498
0:0:0:0:0:0:0:1 - - [17/Apr/2017:17:04:44 -0300] "POST /PublicacaoConsumer/consultarAutores HTTP/1.1" 200 3067
127.0.0.1 - - [17/Apr/2017:17:04:47 -0300] "POST /PublicacaoProducer/services/PublicacoesWebServicePort HTTP/1.1" 200 241
0:0:0:0:0:0:0:1 - - [17/Apr/2017:17:04:47 -0300] "GET /PublicacaoConsumer/ HTTP/1.1" 200 1771
0:0:0:0:0:0:0:1 - - [17/Apr/2017:17:04:48 -0300] "GET /PublicacaoConsumer/alterarAutor HTTP/1.1" 200 4506
127.0.0.1 - - [17/Apr/2017:17:04:51 -0300] "POST /PublicacaoProducer/services/PublicacoesWebServicePort HTTP/1.1" 200 498
0:0:0:0:0:0:0:1 - - [17/Apr/2017:17:04:51 -0300] "POST /PublicacaoConsumer/consultarAlterarAutores HTTP/1.1" 200 4842
127.0.0.1 - - [17/Apr/2017:17:04:57 -0300] "POST /PublicacaoProducer/services/PublicacoesWebServicePort HTTP/1.1" 200 240
0:0:0:0:0:0:0:1 - - [17/Apr/2017:17:04:57 -0300] "POST /PublicacaoConsumer/alterAutor HTTP/1.1" 200 4626
127.0.0.1 - - [17/Apr/2017:17:05:01 -0300] "POST /PublicacaoProducer/services/PublicacoesWebServicePort HTTP/1.1" 200 502
0:0:0:0:0:0:0:1 - - [17/Apr/2017:17:05:01 -0300] "POST /PublicacaoConsumer/consultarAlterarAutores HTTP/1.1" 200 4846
127.0.0.1 - - [17/Apr/2017:17:05:03 -0300] "POST /PublicacaoProducer/services/PublicacoesWebServicePort HTTP/1.1" 200 241
0:0:0:0:0:0:0:1 - - [17/Apr/2017:17:05:03 -0300] "GET /PublicacaoConsumer/ HTTP/1.1" 200 1771
0:0:0:0:0:0:0:1 - - [17/Apr/2017:17:05:04 -0300] "GET /PublicacaoConsumer/excluirAutor HTTP/1.1" 200 4512
127.0.0.1 - - [17/Apr/2017:17:05:07 -0300] "POST /PublicacaoProducer/services/PublicacoesWebServicePort HTTP/1.1" 200 502
0:0:0:0:0:0:0:1 - - [17/Apr/2017:17:05:07 -0300] "POST /PublicacaoConsumer/consultarExcluirAutores HTTP/1.1" 200 4854
127.0.0.1 - - [17/Apr/2017:17:05:09 -0300] "POST /PublicacaoProducer/services/PublicacoesWebServicePort HTTP/1.1" 200 240
0:0:0:0:0:0:0:1 - - [17/Apr/2017:17:05:09 -0300] "POST /PublicacaoConsumer/excluirAutor HTTP/1.1" 200 4632
127.0.0.1 - - [17/Apr/2017:17:05:11 -0300] "POST /PublicacaoProducer/services/PublicacoesWebServicePort HTTP/1.1" 200 241
0:0:0:0:0:0:0:1 - - [17/Apr/2017:17:05:11 -0300] "GET /PublicacaoConsumer/ HTTP/1.1" 200 1771
127.0.0.1 - - [17/Apr/2017:17:05:13 -0300] "POST /PublicacaoProducer/services/PublicacoesWebServicePort HTTP/1.1" 200 241
0:0:0:0:0:0:0:1 - - [17/Apr/2017:17:05:13 -0300] "GET /PublicacaoConsumer/cadastrarPublicacao HTTP/1.1" 200 2681
127.0.0.1 - - [17/Apr/2017:17:05:23 -0300] "POST /PublicacaoProducer/services/PublicacoesWebServicePort HTTP/1.1" 200 250
0:0:0:0:0:0:0:1 - - [17/Apr/2017:17:05:24 -0300] "POST /PublicacaoConsumer/addPublicacao HTTP/1.1" 200 2720
127.0.0.1 - - [17/Apr/2017:17:05:26 -0300] "POST /PublicacaoProducer/services/PublicacoesWebServicePort HTTP/1.1" 200 241
0:0:0:0:0:0:0:1 - - [17/Apr/2017:17:05:26 -0300] "GET /PublicacaoConsumer/ HTTP/1.1" 200 1771
127.0.0.1 - - [17/Apr/2017:17:05:28 -0300] "POST /PublicacaoProducer/services/PublicacoesWebServicePort HTTP/1.1" 200 241
0:0:0:0:0:0:0:1 - - [17/Apr/2017:17:05:28 -0300] "GET /PublicacaoConsumer/alterarPublicacao HTTP/1.1" 200 3926
127.0.0.1 - - [17/Apr/2017:17:05:31 -0300] "POST /PublicacaoProducer/services/PublicacoesWebServicePort HTTP/1.1" 200 446
0:0:0:0:0:0:0:1 - - [17/Apr/2017:17:05:31 -0300] "POST /PublicacaoConsumer/alterarPublicacao HTTP/1.1" 200 4017
127.0.0.1 - - [17/Apr/2017:17:05:34 -0300] "POST /PublicacaoProducer/services/PublicacoesWebServicePort HTTP/1.1" 200 250
0:0:0:0:0:0:0:1 - - [17/Apr/2017:17:05:34 -0300] "POST /PublicacaoConsumer/alterPublicacao HTTP/1.1" 200 4051
127.0.0.1 - - [17/Apr/2017:17:05:37 -0300] "POST /PublicacaoProducer/services/PublicacoesWebServicePort HTTP/1.1" 200 447
0:0:0:0:0:0:0:1 - - [17/Apr/2017:17:05:37 -0300] "POST /PublicacaoConsumer/alterarPublicacao HTTP/1.1" 200 4018
127.0.0.1 - - [17/Apr/2017:17:05:39 -0300] "POST /PublicacaoProducer/services/PublicacoesWebServicePort HTTP/1.1" 200 241
0:0:0:0:0:0:0:1 - - [17/Apr/2017:17:05:39 -0300] "GET /PublicacaoConsumer/ HTTP/1.1" 200 1771
127.0.0.1 - - [17/Apr/2017:17:05:40 -0300] "POST /PublicacaoProducer/services/PublicacoesWebServicePort HTTP/1.1" 200 241
0:0:0:0:0:0:0:1 - - [17/Apr/2017:17:05:41 -0300] "GET /PublicacaoConsumer/excluirPublicacao HTTP/1.1" 200 3982
127.0.0.1 - - [17/Apr/2017:17:05:42 -0300] "POST /PublicacaoProducer/services/PublicacoesWebServicePort HTTP/1.1" 200 241
0:0:0:0:0:0:0:1 - - [17/Apr/2017:17:05:42 -0300] "GET /PublicacaoConsumer/ HTTP/1.1" 200 1771
127.0.0.1 - - [17/Apr/2017:17:05:43 -0300] "POST /PublicacaoProducer/services/PublicacoesWebServicePort HTTP/1.1" 200 241
0:0:0:0:0:0:0:1 - - [17/Apr/2017:17:05:43 -0300] "GET /PublicacaoConsumer/publicacoes HTTP/1.1" 200 2845
127.0.0.1 - - [17/Apr/2017:17:05:45 -0300] "POST /PublicacaoProducer/services/PublicacoesWebServicePort HTTP/1.1" 200 447
0:0:0:0:0:0:0:1 - - [17/Apr/2017:17:05:45 -0300] "POST /PublicacaoConsumer/publicacoes HTTP/1.1" 200 2937
127.0.0.1 - - [17/Apr/2017:17:05:48 -0300] "POST /PublicacaoProducer/services/PublicacoesWebServicePort HTTP/1.1" 200 241
0:0:0:0:0:0:0:1 - - [17/Apr/2017:17:05:48 -0300] "GET /PublicacaoConsumer/ HTTP/1.1" 200 1771
127.0.0.1 - - [17/Apr/2017:17:05:49 -0300] "POST /PublicacaoProducer/services/PublicacoesWebServicePort HTTP/1.1" 200 241
0:0:0:0:0:0:0:1 - - [17/Apr/2017:17:05:49 -0300] "GET /PublicacaoConsumer/excluirPublicacao HTTP/1.1" 200 3982
127.0.0.1 - - [17/Apr/2017:17:05:51 -0300] "POST /PublicacaoProducer/services/PublicacoesWebServicePort HTTP/1.1" 200 447
0:0:0:0:0:0:0:1 - - [17/Apr/2017:17:05:51 -0300] "POST /PublicacaoConsumer/excluirPublicacao HTTP/1.1" 200 4074
127.0.0.1 - - [17/Apr/2017:17:05:53 -0300] "POST /PublicacaoProducer/services/PublicacoesWebServicePort HTTP/1.1" 200 250
0:0:0:0:0:0:0:1 - - [17/Apr/2017:17:05:53 -0300] "POST /PublicacaoConsumer/excPublicacao HTTP/1.1" 200 4107
127.0.0.1 - - [17/Apr/2017:17:05:54 -0300] "POST /PublicacaoProducer/services/PublicacoesWebServicePort HTTP/1.1" 200 241
0:0:0:0:0:0:0:1 - - [17/Apr/2017:17:05:54 -0300] "GET /PublicacaoConsumer/ HTTP/1.1" 200 1771
0:0:0:0:0:0:0:1 - - [17/Apr/2017:17:05:56 -0300] "GET /PublicacaoConsumer/cadastrarAutor HTTP/1.1" 200 3783
127.0.0.1 - - [17/Apr/2017:17:06:02 -0300] "POST /PublicacaoProducer/services/PublicacoesWebServicePort HTTP/1.1" 200 229
0:0:0:0:0:0:0:1 - - [17/Apr/2017:17:06:02 -0300] "POST /PublicacaoConsumer/addAutor HTTP/1.1" 200 4009
127.0.0.1 - - [17/Apr/2017:17:06:14 -0300] "POST /PublicacaoProducer/services/PublicacoesWebServicePort HTTP/1.1" 200 240
0:0:0:0:0:0:0:1 - - [17/Apr/2017:17:06:14 -0300] "POST /PublicacaoConsumer/addAutor HTTP/1.1" 200 3903
127.0.0.1 - - [17/Apr/2017:17:06:17 -0300] "POST /PublicacaoProducer/services/PublicacoesWebServicePort HTTP/1.1" 200 229
0:0:0:0:0:0:0:1 - - [17/Apr/2017:17:06:17 -0300] "POST /PublicacaoConsumer/addAutor HTTP/1.1" 200 4009
0:0:0:0:0:0:0:1 - - [17/Apr/2017:17:06:39 -0300] "POST /PublicacaoConsumer/addAutor HTTP/1.1" 200 3984
127.0.0.1 - - [17/Apr/2017:17:06:41 -0300] "POST /PublicacaoProducer/services/PublicacoesWebServicePort HTTP/1.1" 200 240
0:0:0:0:0:0:0:1 - - [17/Apr/2017:17:06:41 -0300] "POST /PublicacaoConsumer/addAutor HTTP/1.1" 200 3903
127.0.0.1 - - [17/Apr/2017:17:06:42 -0300] "POST /PublicacaoProducer/services/PublicacoesWebServicePort HTTP/1.1" 200 241
0:0:0:0:0:0:0:1 - - [17/Apr/2017:17:06:42 -0300] "GET /PublicacaoConsumer/ HTTP/1.1" 200 1771
0:0:0:0:0:0:0:1 - - [17/Apr/2017:17:06:43 -0300] "GET /PublicacaoConsumer/autores HTTP/1.1" 200 2997
127.0.0.1 - - [17/Apr/2017:17:06:48 -0300] "POST /PublicacaoProducer/services/PublicacoesWebServicePort HTTP/1.1" 200 498
0:0:0:0:0:0:0:1 - - [17/Apr/2017:17:06:48 -0300] "POST /PublicacaoConsumer/consultarAutores HTTP/1.1" 200 3067
